
Allocating common symbols
Common symbol       size              file

bss_var             0x3               App.o

Memory Configuration

Name             Origin             Length             Attributes
flash            0x08000000         0x00020000         xr
sram             0x20000000         0x00005000         xrw
*default*        0x00000000         0xffffffff

Linker script and memory map


.text           0x08000000      0x19c
 *(.vectors)
 .vectors       0x08000000       0x1c startup.o
                0x08000000                vectors
 *(.text)
 .text          0x0800001c       0xc0 App.o
                0x0800001c                NMI_Handler
                0x08000028                Bus_Fault_handler
                0x08000034                main
 .text          0x080000dc       0xbc startup.o
                0x080000dc                Usage_Fault_handler
                0x080000dc                Default_Handler
                0x080000dc                MM_Fault_handler
                0x080000dc                H_Fault_handler
                0x080000e8                Reset_handler
 *(.rodata)
 .rodata        0x08000198        0x4 App.o
                0x08000198                const_var
                0x0800019c                _E_text = .

.glue_7         0x0800019c        0x0
 .glue_7        0x00000000        0x0 linker stubs

.glue_7t        0x0800019c        0x0
 .glue_7t       0x00000000        0x0 linker stubs

.vfp11_veneer   0x0800019c        0x0
 .vfp11_veneer  0x00000000        0x0 linker stubs

.v4_bx          0x0800019c        0x0
 .v4_bx         0x00000000        0x0 linker stubs

.iplt           0x0800019c        0x0
 .iplt          0x00000000        0x0 App.o

.rel.dyn        0x0800019c        0x0
 .rel.iplt      0x00000000        0x0 App.o

.data           0x20000000        0x8 load address 0x0800019c
                0x20000000                _S_data = .
 *(.data)
 .data          0x20000000        0x8 App.o
                0x20000000                R_ODR
                0x20000004                g_var
 .data          0x20000008        0x0 startup.o
                0x20000008                . = ALIGN (0x4)
                0x20000008                _E_data = .

.igot.plt       0x20000008        0x0 load address 0x080001a4
 .igot.plt      0x00000000        0x0 App.o

.bss            0x20000008     0x1004 load address 0x080001a4
                0x20000008                _S_bss = .
 *(.bss)
 .bss           0x20000008        0x0 App.o
 .bss           0x20000008        0x0 startup.o
 *(COMMON)
 COMMON         0x20000008        0x3 App.o
                0x20000008                bss_var
                0x2000000c                . = ALIGN (0x4)
 *fill*         0x2000000b        0x1 
                0x2000000c                _E_bss = .
                0x2000000c                . = ALIGN (0x4)
                0x2000100c                . = (. + 0x1000)
 *fill*         0x2000000c     0x1000 
                0x2000100c                _stack_top = .
LOAD App.o
LOAD startup.o
OUTPUT(App_cortex_m3.elf elf32-littlearm)

.debug_info     0x00000000      0x352
 .debug_info    0x00000000      0x1c6 App.o
 .debug_info    0x000001c6      0x18c startup.o

.debug_abbrev   0x00000000      0x1e7
 .debug_abbrev  0x00000000      0x111 App.o
 .debug_abbrev  0x00000111       0xd6 startup.o

.debug_loc      0x00000000       0xf4
 .debug_loc     0x00000000       0x90 App.o
 .debug_loc     0x00000090       0x64 startup.o

.debug_aranges  0x00000000       0x40
 .debug_aranges
                0x00000000       0x20 App.o
 .debug_aranges
                0x00000020       0x20 startup.o

.debug_line     0x00000000      0x14c
 .debug_line    0x00000000       0xa0 App.o
 .debug_line    0x000000a0       0xac startup.o

.debug_str      0x00000000      0x1a9
 .debug_str     0x00000000      0x129 App.o
                                0x166 (size before relaxing)
 .debug_str     0x00000129       0x80 startup.o
                                0x173 (size before relaxing)

.comment        0x00000000       0x11
 .comment       0x00000000       0x11 App.o
                                 0x12 (size before relaxing)
 .comment       0x00000000       0x12 startup.o

.ARM.attributes
                0x00000000       0x33
 .ARM.attributes
                0x00000000       0x33 App.o
 .ARM.attributes
                0x00000033       0x33 startup.o

.debug_frame    0x00000000       0xa8
 .debug_frame   0x00000000       0x5c App.o
 .debug_frame   0x0000005c       0x4c startup.o
