../HAL/LCD_Driver/LCD.c:133:6:wait_ms	24	static
../HAL/LCD_Driver/LCD.c:140:6:LCD_EN_switch	8	static
../HAL/LCD_Driver/LCD.c:146:6:LCD_clear_screen	8	static
../HAL/LCD_Driver/LCD.c:150:6:LCD_goto	16	static
../HAL/LCD_Driver/LCD.c:163:6:LCD_write_string	24	static
../HAL/LCD_Driver/LCD.c:181:6:LCD_GPIO_init	16	static
../HAL/LCD_Driver/LCD.c:250:6:LCD_init	8	static
../HAL/LCD_Driver/LCD.c:270:6:LCD_is_busy	16	static
../HAL/LCD_Driver/LCD.c:316:6:LCD_write_command	16	static
../HAL/LCD_Driver/LCD.c:349:6:LCD_write_char	16	static
