Archive member included to satisfy reference by file (symbol)

c:/st/stm32cubeide_1.4.0/stm32cubeide/plugins/com.st.stm32cube.ide.mcu.externaltools.gnu-tools-for-stm32.10.3-2021.10.win32_1.0.0.202111181127/tools/bin/../lib/gcc/arm-none-eabi/10.3.1/../../../../arm-none-eabi/lib/thumb/v7-m/nofp\libc_nano.a(lib_a-errno.o)
                              ./Src/syscalls.o (__errno)
c:/st/stm32cubeide_1.4.0/stm32cubeide/plugins/com.st.stm32cube.ide.mcu.externaltools.gnu-tools-for-stm32.10.3-2021.10.win32_1.0.0.202111181127/tools/bin/../lib/gcc/arm-none-eabi/10.3.1/../../../../arm-none-eabi/lib/thumb/v7-m/nofp\libc_nano.a(lib_a-exit.o)
                              c:/st/stm32cubeide_1.4.0/stm32cubeide/plugins/com.st.stm32cube.ide.mcu.externaltools.gnu-tools-for-stm32.10.3-2021.10.win32_1.0.0.202111181127/tools/bin/../lib/gcc/arm-none-eabi/10.3.1/../../../../arm-none-eabi/lib/thumb/v7-m/nofp/crt0.o (exit)
c:/st/stm32cubeide_1.4.0/stm32cubeide/plugins/com.st.stm32cube.ide.mcu.externaltools.gnu-tools-for-stm32.10.3-2021.10.win32_1.0.0.202111181127/tools/bin/../lib/gcc/arm-none-eabi/10.3.1/../../../../arm-none-eabi/lib/thumb/v7-m/nofp\libc_nano.a(lib_a-impure.o)
                              c:/st/stm32cubeide_1.4.0/stm32cubeide/plugins/com.st.stm32cube.ide.mcu.externaltools.gnu-tools-for-stm32.10.3-2021.10.win32_1.0.0.202111181127/tools/bin/../lib/gcc/arm-none-eabi/10.3.1/../../../../arm-none-eabi/lib/thumb/v7-m/nofp\libc_nano.a(lib_a-exit.o) (_global_impure_ptr)
c:/st/stm32cubeide_1.4.0/stm32cubeide/plugins/com.st.stm32cube.ide.mcu.externaltools.gnu-tools-for-stm32.10.3-2021.10.win32_1.0.0.202111181127/tools/bin/../lib/gcc/arm-none-eabi/10.3.1/../../../../arm-none-eabi/lib/thumb/v7-m/nofp\libc_nano.a(lib_a-init.o)
                              c:/st/stm32cubeide_1.4.0/stm32cubeide/plugins/com.st.stm32cube.ide.mcu.externaltools.gnu-tools-for-stm32.10.3-2021.10.win32_1.0.0.202111181127/tools/bin/../lib/gcc/arm-none-eabi/10.3.1/../../../../arm-none-eabi/lib/thumb/v7-m/nofp/crt0.o (__libc_init_array)
c:/st/stm32cubeide_1.4.0/stm32cubeide/plugins/com.st.stm32cube.ide.mcu.externaltools.gnu-tools-for-stm32.10.3-2021.10.win32_1.0.0.202111181127/tools/bin/../lib/gcc/arm-none-eabi/10.3.1/../../../../arm-none-eabi/lib/thumb/v7-m/nofp\libc_nano.a(lib_a-memset.o)
                              c:/st/stm32cubeide_1.4.0/stm32cubeide/plugins/com.st.stm32cube.ide.mcu.externaltools.gnu-tools-for-stm32.10.3-2021.10.win32_1.0.0.202111181127/tools/bin/../lib/gcc/arm-none-eabi/10.3.1/../../../../arm-none-eabi/lib/thumb/v7-m/nofp/crt0.o (memset)

Discarded input sections

 .text          0x0000000000000000        0x0 c:/st/stm32cubeide_1.4.0/stm32cubeide/plugins/com.st.stm32cube.ide.mcu.externaltools.gnu-tools-for-stm32.10.3-2021.10.win32_1.0.0.202111181127/tools/bin/../lib/gcc/arm-none-eabi/10.3.1/thumb/v7-m/nofp/crti.o
 .data          0x0000000000000000        0x0 c:/st/stm32cubeide_1.4.0/stm32cubeide/plugins/com.st.stm32cube.ide.mcu.externaltools.gnu-tools-for-stm32.10.3-2021.10.win32_1.0.0.202111181127/tools/bin/../lib/gcc/arm-none-eabi/10.3.1/thumb/v7-m/nofp/crti.o
 .bss           0x0000000000000000        0x0 c:/st/stm32cubeide_1.4.0/stm32cubeide/plugins/com.st.stm32cube.ide.mcu.externaltools.gnu-tools-for-stm32.10.3-2021.10.win32_1.0.0.202111181127/tools/bin/../lib/gcc/arm-none-eabi/10.3.1/thumb/v7-m/nofp/crti.o
 .data          0x0000000000000000        0x4 c:/st/stm32cubeide_1.4.0/stm32cubeide/plugins/com.st.stm32cube.ide.mcu.externaltools.gnu-tools-for-stm32.10.3-2021.10.win32_1.0.0.202111181127/tools/bin/../lib/gcc/arm-none-eabi/10.3.1/thumb/v7-m/nofp/crtbegin.o
 .rodata        0x0000000000000000       0x24 c:/st/stm32cubeide_1.4.0/stm32cubeide/plugins/com.st.stm32cube.ide.mcu.externaltools.gnu-tools-for-stm32.10.3-2021.10.win32_1.0.0.202111181127/tools/bin/../lib/gcc/arm-none-eabi/10.3.1/thumb/v7-m/nofp/crtbegin.o
 .text          0x0000000000000000       0x7c c:/st/stm32cubeide_1.4.0/stm32cubeide/plugins/com.st.stm32cube.ide.mcu.externaltools.gnu-tools-for-stm32.10.3-2021.10.win32_1.0.0.202111181127/tools/bin/../lib/gcc/arm-none-eabi/10.3.1/../../../../arm-none-eabi/lib/thumb/v7-m/nofp/crt0.o
 .data          0x0000000000000000        0x0 c:/st/stm32cubeide_1.4.0/stm32cubeide/plugins/com.st.stm32cube.ide.mcu.externaltools.gnu-tools-for-stm32.10.3-2021.10.win32_1.0.0.202111181127/tools/bin/../lib/gcc/arm-none-eabi/10.3.1/../../../../arm-none-eabi/lib/thumb/v7-m/nofp/crt0.o
 .bss           0x0000000000000000        0x0 c:/st/stm32cubeide_1.4.0/stm32cubeide/plugins/com.st.stm32cube.ide.mcu.externaltools.gnu-tools-for-stm32.10.3-2021.10.win32_1.0.0.202111181127/tools/bin/../lib/gcc/arm-none-eabi/10.3.1/../../../../arm-none-eabi/lib/thumb/v7-m/nofp/crt0.o
 .ARM.extab     0x0000000000000000        0x0 c:/st/stm32cubeide_1.4.0/stm32cubeide/plugins/com.st.stm32cube.ide.mcu.externaltools.gnu-tools-for-stm32.10.3-2021.10.win32_1.0.0.202111181127/tools/bin/../lib/gcc/arm-none-eabi/10.3.1/../../../../arm-none-eabi/lib/thumb/v7-m/nofp/crt0.o
[...]
Memory Configuration

Name             Origin             Length             Attributes
RAM              0x0000000020000000 0x0000000000002800 xrw
ROM              0x0000000008000000 0x0000000000008000 xr
*default*        0x0000000000000000 0xffffffffffffffff

Linker script and memory map

LOAD c:/st/stm32cubeide_1.4.0/stm32cubeide/plugins/com.st.stm32cube.ide.mcu.externaltools.gnu-tools-for-stm32.10.3-2021.10.win32_1.0.0.202111181127/tools/bin/../lib/gcc/arm-none-eabi/10.3.1/thumb/v7-m/nofp/crti.o
LOAD c:/st/stm32cubeide_1.4.0/stm32cubeide/plugins/com.st.stm32cube.ide.mcu.externaltools.gnu-tools-for-stm32.10.3-2021.10.win32_1.0.0.202111181127/tools/bin/../lib/gcc/arm-none-eabi/10.3.1/thumb/v7-m/nofp/crtbegin.o
LOAD c:/st/stm32cubeide_1.4.0/stm32cubeide/plugins/com.st.stm32cube.ide.mcu.externaltools.gnu-tools-for-stm32.10.3-2021.10.win32_1.0.0.202111181127/tools/bin/../lib/gcc/arm-none-eabi/10.3.1/../../../../arm-none-eabi/lib/thumb/v7-m/nofp/crt0.o
LOAD ./STM32F103C6_Drivers/Keypad_Driver/Keypad.o
LOAD ./STM32F103C6_Drivers/LCD_Driver/LCD.o
LOAD ./STM32F103C6_Drivers/stm32f103c6_EXTI_driver.o
LOAD ./STM32F103C6_Drivers/stm32f103c6_RCC_driver.o
LOAD ./STM32F103C6_Drivers/stm32f103c6_SPI_driver.o
LOAD ./STM32F103C6_Drivers/stm32f103c6_USART_driver.o
LOAD ./STM32F103C6_Drivers/stm32f103c6_gpio_driver.o
LOAD ./Src/main.o
LOAD ./Src/syscalls.o
LOAD ./Src/sysmem.o
LOAD ./Startup/startup_stm32f103c6tx.o
START GROUP
LOAD c:/st/stm32cubeide_1.4.0/stm32cubeide/plugins/com.st.stm32cube.ide.mcu.externaltools.gnu-tools-for-stm32.10.3-2021.10.win32_1.0.0.202111181127/tools/bin/../lib/gcc/arm-none-eabi/10.3.1/../../../../arm-none-eabi/lib/thumb/v7-m/nofp\libc_nano.a
LOAD c:/st/stm32cubeide_1.4.0/stm32cubeide/plugins/com.st.stm32cube.ide.mcu.externaltools.gnu-tools-for-stm32.10.3-2021.10.win32_1.0.0.202111181127/tools/bin/../lib/gcc/arm-none-eabi/10.3.1/../../../../arm-none-eabi/lib/thumb/v7-m/nofp\libm.a
END GROUP
START GROUP
LOAD c:/st/stm32cubeide_1.4.0/stm32cubeide/plugins/com.st.stm32cube.ide.mcu.externaltools.gnu-tools-for-stm32.10.3-2021.10.win32_1.0.0.202111181127/tools/bin/../lib/gcc/arm-none-eabi/10.3.1/thumb/v7-m/nofp\libgcc.a
LOAD c:/st/stm32cubeide_1.4.0/stm32cubeide/plugins/com.st.stm32cube.ide.mcu.externaltools.gnu-tools-for-stm32.10.3-2021.10.win32_1.0.0.202111181127/tools/bin/../lib/gcc/arm-none-eabi/10.3.1/../../../../arm-none-eabi/lib/thumb/v7-m/nofp\libg_nano.a
LOAD c:/st/stm32cubeide_1.4.0/stm32cubeide/plugins/com.st.stm32cube.ide.mcu.externaltools.gnu-tools-for-stm32.10.3-2021.10.win32_1.0.0.202111181127/tools/bin/../lib/gcc/arm-none-eabi/10.3.1/../../../../arm-none-eabi/lib/thumb/v7-m/nofp\libc_nano.a
END GROUP
START GROUP
LOAD c:/st/stm32cubeide_1.4.0/stm32cubeide/plugins/com.st.stm32cube.ide.mcu.externaltools.gnu-tools-for-stm32.10.3-2021.10.win32_1.0.0.202111181127/tools/bin/../lib/gcc/arm-none-eabi/10.3.1/thumb/v7-m/nofp\libgcc.a
LOAD c:/st/stm32cubeide_1.4.0/stm32cubeide/plugins/com.st.stm32cube.ide.mcu.externaltools.gnu-tools-for-stm32.10.3-2021.10.win32_1.0.0.202111181127/tools/bin/../lib/gcc/arm-none-eabi/10.3.1/../../../../arm-none-eabi/lib/thumb/v7-m/nofp\libc_nano.a
LOAD c:/st/stm32cubeide_1.4.0/stm32cubeide/plugins/com.st.stm32cube.ide.mcu.externaltools.gnu-tools-for-stm32.10.3-2021.10.win32_1.0.0.202111181127/tools/bin/../lib/gcc/arm-none-eabi/10.3.1/../../../../arm-none-eabi/lib/thumb/v7-m/nofp\libnosys.a
END GROUP
START GROUP
LOAD c:/st/stm32cubeide_1.4.0/stm32cubeide/plugins/com.st.stm32cube.ide.mcu.externaltools.gnu-tools-for-stm32.10.3-2021.10.win32_1.0.0.202111181127/tools/bin/../lib/gcc/arm-none-eabi/10.3.1/thumb/v7-m/nofp\libgcc.a
LOAD c:/st/stm32cubeide_1.4.0/stm32cubeide/plugins/com.st.stm32cube.ide.mcu.externaltools.gnu-tools-for-stm32.10.3-2021.10.win32_1.0.0.202111181127/tools/bin/../lib/gcc/arm-none-eabi/10.3.1/../../../../arm-none-eabi/lib/thumb/v7-m/nofp\libc_nano.a
LOAD c:/st/stm32cubeide_1.4.0/stm32cubeide/plugins/com.st.stm32cube.ide.mcu.externaltools.gnu-tools-for-stm32.10.3-2021.10.win32_1.0.0.202111181127/tools/bin/../lib/gcc/arm-none-eabi/10.3.1/../../../../arm-none-eabi/lib/thumb/v7-m/nofp\libnosys.a
END GROUP
LOAD c:/st/stm32cubeide_1.4.0/stm32cubeide/plugins/com.st.stm32cube.ide.mcu.externaltools.gnu-tools-for-stm32.10.3-2021.10.win32_1.0.0.202111181127/tools/bin/../lib/gcc/arm-none-eabi/10.3.1/thumb/v7-m/nofp/crtend.o
LOAD c:/st/stm32cubeide_1.4.0/stm32cubeide/plugins/com.st.stm32cube.ide.mcu.externaltools.gnu-tools-for-stm32.10.3-2021.10.win32_1.0.0.202111181127/tools/bin/../lib/gcc/arm-none-eabi/10.3.1/thumb/v7-m/nofp/crtn.o
                0x0000000020002800                _estack = (ORIGIN (RAM) + LENGTH (RAM))
                0x0000000000000200                _Min_Heap_Size = 0x200
                0x0000000000000400                _Min_Stack_Size = 0x400

.isr_vector     0x0000000008000000      0x130
                0x0000000008000000                . = ALIGN (0x4)
 *(.isr_vector)
 .isr_vector    0x0000000008000000      0x130 ./Startup/startup_stm32f103c6tx.o
                0x0000000008000000                g_pfnVectors
                0x0000000008000130                . = ALIGN (0x4)

.text           0x0000000008000130      0xee8
                0x0000000008000130                . = ALIGN (0x4)
 *(.text)
 .text          0x0000000008000130       0x40 c:/st/stm32cubeide_1.4.0/stm32cubeide/plugins/com.st.stm32cube.ide.mcu.externaltools.gnu-tools-for-stm32.10.3-2021.10.win32_1.0.0.202111181127/tools/bin/../lib/gcc/arm-none-eabi/10.3.1/thumb/v7-m/nofp/crtbegin.o
 *(.text*)
 .text.EXTI0_IRQHandler
                0x0000000008000170       0x24 ./STM32F103C6_Drivers/stm32f103c6_EXTI_driver.o
                0x0000000008000170                EXTI0_IRQHandler
 .text.EXTI1_IRQHandler
                0x0000000008000194       0x24 ./STM32F103C6_Drivers/stm32f103c6_EXTI_driver.o
                0x0000000008000194                EXTI1_IRQHandler
 .text.EXTI2_IRQHandler
                0x00000000080001b8       0x24 ./STM32F103C6_Drivers/stm32f103c6_EXTI_driver.o
                0x00000000080001b8                EXTI2_IRQHandler
 .text.EXTI3_IRQHandler
                0x00000000080001dc       0x24 ./STM32F103C6_Drivers/stm32f103c6_EXTI_driver.o
                0x00000000080001dc                EXTI3_IRQHandler
 .text.EXTI4_IRQHandler
                0x0000000008000200       0x24 ./STM32F103C6_Drivers/stm32f103c6_EXTI_driver.o
                0x0000000008000200                EXTI4_IRQHandler
 .text.EXTI9_5_IRQHandler
                0x0000000008000224       0xa8 ./STM32F103C6_Drivers/stm32f103c6_EXTI_driver.o
                0x0000000008000224                EXTI9_5_IRQHandler
 .text.EXTI15_10_IRQHandler
                0x00000000080002cc       0xc4 ./STM32F103C6_Drivers/stm32f103c6_EXTI_driver.o
                0x00000000080002cc                EXTI15_10_IRQHandler
 .text.MCAL_RCC_GetSYSCLKFreq
                0x0000000008000390       0x40 ./STM32F103C6_Drivers/stm32f103c6_RCC_driver.o
                0x0000000008000390                MCAL_RCC_GetSYSCLKFreq
 .text.MCAL_RCC_GetHCLKFreq
                0x00000000080003d0       0x28 ./STM32F103C6_Drivers/stm32f103c6_RCC_driver.o
                0x00000000080003d0                MCAL_RCC_GetHCLKFreq
 .text.MCAL_RCC_GetPCLK1Freq
                0x00000000080003f8       0x28 ./STM32F103C6_Drivers/stm32f103c6_RCC_driver.o
                0x00000000080003f8                MCAL_RCC_GetPCLK1Freq
 .text.MCAL_RCC_GetPCLK2Freq
                0x0000000008000420       0x28 ./STM32F103C6_Drivers/stm32f103c6_RCC_driver.o
                0x0000000008000420                MCAL_RCC_GetPCLK2Freq
 .text.MCAL_SPI_Init
                0x0000000008000448      0x11c ./STM32F103C6_Drivers/stm32f103c6_SPI_driver.o
                0x0000000008000448                MCAL_SPI_Init
 .text.MCAL_SPI_Set_Pins
                0x0000000008000564      0x1ec ./STM32F103C6_Drivers/stm32f103c6_SPI_driver.o
                0x0000000008000564                MCAL_SPI_Set_Pins
 .text.MCAL_SPI_Tx_Rx
                0x0000000008000750       0x54 ./STM32F103C6_Drivers/stm32f103c6_SPI_driver.o
                0x0000000008000750                MCAL_SPI_Tx_Rx
 .text.SPI1_IRQHandler
                0x00000000080007a4       0x5c ./STM32F103C6_Drivers/stm32f103c6_SPI_driver.o
                0x00000000080007a4                SPI1_IRQHandler
 .text.SPI2_IRQHandler
                0x0000000008000800       0x5c ./STM32F103C6_Drivers/stm32f103c6_SPI_driver.o
                0x0000000008000800                SPI2_IRQHandler
 .text.MCAL_USART_Init
                0x000000000800085c      0x184 ./STM32F103C6_Drivers/stm32f103c6_USART_driver.o
                0x000000000800085c                MCAL_USART_Init
 .text.MCAL_USART_SendData
                0x00000000080009e0       0x36 ./STM32F103C6_Drivers/stm32f103c6_USART_driver.o
                0x00000000080009e0                MCAL_USART_SendData
 *fill*         0x0000000008000a16        0x2 
 .text.MCAL_USART_ReceiveData
                0x0000000008000a18       0x5c ./STM32F103C6_Drivers/stm32f103c6_USART_driver.o
                0x0000000008000a18                MCAL_USART_ReceiveData
 .text.MCAL_USART_GPIO_Set_Pins
                0x0000000008000a74       0xc8 ./STM32F103C6_Drivers/stm32f103c6_USART_driver.o
                0x0000000008000a74                MCAL_USART_GPIO_Set_Pins
 .text.USART1_IRQHandler
                0x0000000008000b3c       0x14 ./STM32F103C6_Drivers/stm32f103c6_USART_driver.o
                0x0000000008000b3c                USART1_IRQHandler
 .text.USART2_IRQHandler
                0x0000000008000b50       0x14 ./STM32F103C6_Drivers/stm32f103c6_USART_driver.o
                0x0000000008000b50                USART2_IRQHandler
 .text.USART3_IRQHandler
                0x0000000008000b64       0x14 ./STM32F103C6_Drivers/stm32f103c6_USART_driver.o
                0x0000000008000b64                USART3_IRQHandler
 .text.Get_CRLH_Postion
                0x0000000008000b78      0x170 ./STM32F103C6_Drivers/stm32f103c6_gpio_driver.o
                0x0000000008000b78                Get_CRLH_Postion
 .text.MCAL_GPIO_Init
                0x0000000008000ce8       0xfe ./STM32F103C6_Drivers/stm32f103c6_gpio_driver.o
                0x0000000008000ce8                MCAL_GPIO_Init
 .text.MCAL_GPIO_WritePin
                0x0000000008000de6       0x2e ./STM32F103C6_Drivers/stm32f103c6_gpio_driver.o
                0x0000000008000de6                MCAL_GPIO_WritePin
 .text.clock_init
                0x0000000008000e14       0x34 ./Src/main.o
                0x0000000008000e14                clock_init
 .text.SPI_IRQ_Callback
                0x0000000008000e48       0x3c ./Src/main.o
                0x0000000008000e48                SPI_IRQ_Callback
 .text.UART_IRQ_Callback
                0x0000000008000e84       0x4c ./Src/main.o
                0x0000000008000e84                UART_IRQ_Callback
 .text.main     0x0000000008000ed0       0x94 ./Src/main.o
                0x0000000008000ed0                main
 .text.Reset_Handler
                0x0000000008000f64       0x50 ./Startup/startup_stm32f103c6tx.o
                0x0000000008000f64                Reset_Handler
 .text.Default_Handler
                0x0000000008000fb4        0x2 ./Startup/startup_stm32f103c6tx.o
                0x0000000008000fb4                TIM8_TRG_COM_IRQHandler
                0x0000000008000fb4                TIM8_CC_IRQHandler
                0x0000000008000fb4                DebugMon_Handler
                0x0000000008000fb4                TIM1_CC_IRQHandler
                0x0000000008000fb4                HardFault_Handler
                0x0000000008000fb4                TIM6_IRQHandler
                0x0000000008000fb4                SysTick_Handler
                0x0000000008000fb4                PVD_IRQHandler
                0x0000000008000fb4                SDIO_IRQHandler
                0x0000000008000fb4                PendSV_Handler
                0x0000000008000fb4                NMI_Handler
                0x0000000008000fb4                USB_HP_CAN_TX_IRQHandler
                0x0000000008000fb4                I2C2_EV_IRQHandler
                0x0000000008000fb4                UsageFault_Handler
                0x0000000008000fb4                ADC1_2_IRQHandler
                0x0000000008000fb4                CAN_SCE_IRQHandler
                0x0000000008000fb4                TAMPER_IRQHandler
                0x0000000008000fb4                TIM8_UP_IRQHandler
                0x0000000008000fb4                DMA2_Channel2_IRQHandler
                0x0000000008000fb4                DMA1_Channel4_IRQHandler
                0x0000000008000fb4                RTC_IRQHandler
                0x0000000008000fb4                DMA1_Channel7_IRQHandler
                0x0000000008000fb4                UART5_IRQHandler
                0x0000000008000fb4                ADC3_IRQHandler
                0x0000000008000fb4                TIM4_IRQHandler
                0x0000000008000fb4                CAN_RX1_IRQHandler
                0x0000000008000fb4                DMA2_Channel1_IRQHandler
                0x0000000008000fb4                I2C1_EV_IRQHandler
                0x0000000008000fb4                DMA1_Channel6_IRQHandler
                0x0000000008000fb4                UART4_IRQHandler
                0x0000000008000fb4                TIM3_IRQHandler
                0x0000000008000fb4                RCC_IRQHandler
                0x0000000008000fb4                TIM1_TRG_COM_IRQHandler
                0x0000000008000fb4                DMA1_Channel1_IRQHandler
                0x0000000008000fb4                Default_Handler
                0x0000000008000fb4                TIM7_IRQHandler
                0x0000000008000fb4                TIM5_IRQHandler
                0x0000000008000fb4                USB_LP_CAN_RX0_IRQHandler
                0x0000000008000fb4                MemManage_Handler
                0x0000000008000fb4                SVC_Handler
                0x0000000008000fb4                DMA1_Channel5_IRQHandler
                0x0000000008000fb4                DMA1_Channel3_IRQHandler
                0x0000000008000fb4                FSMC_IRQHandler
                0x0000000008000fb4                TIM1_UP_IRQHandler
                0x0000000008000fb4                WWDG_IRQHandler
                0x0000000008000fb4                TIM2_IRQHandler
                0x0000000008000fb4                TIM1_BRK_IRQHandler
                0x0000000008000fb4                RTCAlarm_IRQHandler
                0x0000000008000fb4                DMA2_Channel4_5_IRQHandler
                0x0000000008000fb4                I2C2_ER_IRQHandler
                0x0000000008000fb4                DMA1_Channel2_IRQHandler
                0x0000000008000fb4                TIM8_BRK_IRQHandler
                0x0000000008000fb4                FLASH_IRQHandler
                0x0000000008000fb4                BusFault_Handler
                0x0000000008000fb4                SPI3_IRQHandler
                0x0000000008000fb4                I2C1_ER_IRQHandler
                0x0000000008000fb4                DMA2_Channel3_IRQHandler
 *fill*         0x0000000008000fb6        0x2 
 .text.__libc_init_array
                0x0000000008000fb8       0x48 c:/st/stm32cubeide_1.4.0/stm32cubeide/plugins/com.st.stm32cube.ide.mcu.externaltools.gnu-tools-for-stm32.10.3-2021.10.win32_1.0.0.202111181127/tools/bin/../lib/gcc/arm-none-eabi/10.3.1/../../../../arm-none-eabi/lib/thumb/v7-m/nofp\libc_nano.a(lib_a-init.o)
                0x0000000008000fb8                __libc_init_array
 *(.glue_7)
 .glue_7        0x0000000008001000        0x0 linker stubs
 *(.glue_7t)
 .glue_7t       0x0000000008001000        0x0 linker stubs
 *(.eh_frame)
 .eh_frame      0x0000000008001000        0x0 c:/st/stm32cubeide_1.4.0/stm32cubeide/plugins/com.st.stm32cube.ide.mcu.externaltools.gnu-tools-for-stm32.10.3-2021.10.win32_1.0.0.202111181127/tools/bin/../lib/gcc/arm-none-eabi/10.3.1/thumb/v7-m/nofp/crtbegin.o
 *(.init)
 .init          0x0000000008001000        0x4 c:/st/stm32cubeide_1.4.0/stm32cubeide/plugins/com.st.stm32cube.ide.mcu.externaltools.gnu-tools-for-stm32.10.3-2021.10.win32_1.0.0.202111181127/tools/bin/../lib/gcc/arm-none-eabi/10.3.1/thumb/v7-m/nofp/crti.o
                0x0000000008001000                _init
 .init          0x0000000008001004        0x8 c:/st/stm32cubeide_1.4.0/stm32cubeide/plugins/com.st.stm32cube.ide.mcu.externaltools.gnu-tools-for-stm32.10.3-2021.10.win32_1.0.0.202111181127/tools/bin/../lib/gcc/arm-none-eabi/10.3.1/thumb/v7-m/nofp/crtn.o
 *(.fini)
 .fini          0x000000000800100c        0x4 c:/st/stm32cubeide_1.4.0/stm32cubeide/plugins/com.st.stm32cube.ide.mcu.externaltools.gnu-tools-for-stm32.10.3-2021.10.win32_1.0.0.202111181127/tools/bin/../lib/gcc/arm-none-eabi/10.3.1/thumb/v7-m/nofp/crti.o
                0x000000000800100c                _fini
 .fini          0x0000000008001010        0x8 c:/st/stm32cubeide_1.4.0/stm32cubeide/plugins/com.st.stm32cube.ide.mcu.externaltools.gnu-tools-for-stm32.10.3-2021.10.win32_1.0.0.202111181127/tools/bin/../lib/gcc/arm-none-eabi/10.3.1/thumb/v7-m/nofp/crtn.o
                0x0000000008001018                . = ALIGN (0x4)
                0x0000000008001018                _etext = .

.vfp11_veneer   0x0000000008001018        0x0
 .vfp11_veneer  0x0000000008001018        0x0 linker stubs

.v4_bx          0x0000000008001018        0x0
 .v4_bx         0x0000000008001018        0x0 linker stubs

.iplt           0x0000000008001018        0x0
 .iplt          0x0000000008001018        0x0 c:/st/stm32cubeide_1.4.0/stm32cubeide/plugins/com.st.stm32cube.ide.mcu.externaltools.gnu-tools-for-stm32.10.3-2021.10.win32_1.0.0.202111181127/tools/bin/../lib/gcc/arm-none-eabi/10.3.1/thumb/v7-m/nofp/crtbegin.o

.rodata         0x0000000008001018       0x20
                0x0000000008001018                . = ALIGN (0x4)
 *(.rodata)
 *(.rodata*)
 .rodata.AHBPrescTable
                0x0000000008001018       0x10 ./STM32F103C6_Drivers/stm32f103c6_RCC_driver.o
                0x0000000008001018                AHBPrescTable
 .rodata.APBPrescTable
                0x0000000008001028       0x10 ./STM32F103C6_Drivers/stm32f103c6_RCC_driver.o
                0x0000000008001028                APBPrescTable
                0x0000000008001038                . = ALIGN (0x4)

.rel.dyn        0x0000000008001038        0x0
 .rel.iplt      0x0000000008001038        0x0 c:/st/stm32cubeide_1.4.0/stm32cubeide/plugins/com.st.stm32cube.ide.mcu.externaltools.gnu-tools-for-stm32.10.3-2021.10.win32_1.0.0.202111181127/tools/bin/../lib/gcc/arm-none-eabi/10.3.1/thumb/v7-m/nofp/crtbegin.o

.ARM.extab      0x0000000008001038        0x0
                0x0000000008001038                . = ALIGN (0x4)
 *(.ARM.extab* .gnu.linkonce.armextab.*)
                0x0000000008001038                . = ALIGN (0x4)

.ARM            0x0000000008001038        0x0
                0x0000000008001038                . = ALIGN (0x4)
                0x0000000008001038                __exidx_start = .
 *(.ARM.exidx*)
                0x0000000008001038                __exidx_end = .
                0x0000000008001038                . = ALIGN (0x4)

.preinit_array  0x0000000008001038        0x0
                0x0000000008001038                . = ALIGN (0x4)
                0x0000000008001038                PROVIDE (__preinit_array_start = .)
 *(.preinit_array*)
                0x0000000008001038                PROVIDE (__preinit_array_end = .)
                0x0000000008001038                . = ALIGN (0x4)

.init_array     0x0000000008001038        0x4
                0x0000000008001038                . = ALIGN (0x4)
                0x0000000008001038                PROVIDE (__init_array_start = .)
 *(SORT_BY_NAME(.init_array.*))
 *(.init_array*)
 .init_array    0x0000000008001038        0x4 c:/st/stm32cubeide_1.4.0/stm32cubeide/plugins/com.st.stm32cube.ide.mcu.externaltools.gnu-tools-for-stm32.10.3-2021.10.win32_1.0.0.202111181127/tools/bin/../lib/gcc/arm-none-eabi/10.3.1/thumb/v7-m/nofp/crtbegin.o
                0x000000000800103c                PROVIDE (__init_array_end = .)
                0x000000000800103c                . = ALIGN (0x4)

.fini_array     0x000000000800103c        0x4
                0x000000000800103c                . = ALIGN (0x4)
                [!provide]                        PROVIDE (__fini_array_start = .)
 *(SORT_BY_NAME(.fini_array.*))
 *(.fini_array*)
 .fini_array    0x000000000800103c        0x4 c:/st/stm32cubeide_1.4.0/stm32cubeide/plugins/com.st.stm32cube.ide.mcu.externaltools.gnu-tools-for-stm32.10.3-2021.10.win32_1.0.0.202111181127/tools/bin/../lib/gcc/arm-none-eabi/10.3.1/thumb/v7-m/nofp/crtbegin.o
                [!provide]                        PROVIDE (__fini_array_end = .)
                0x0000000008001040                . = ALIGN (0x4)
                0x0000000008001040                _sidata = LOADADDR (.data)

.data           0x0000000020000000        0x0 load address 0x0000000008001040
                0x0000000020000000                . = ALIGN (0x4)
                0x0000000020000000                _sdata = .
 *(.data)
 *(.data*)
                0x0000000020000000                . = ALIGN (0x4)
                0x0000000020000000                _edata = .

.igot.plt       0x0000000020000000        0x0 load address 0x0000000008001040
 .igot.plt      0x0000000020000000        0x0 c:/st/stm32cubeide_1.4.0/stm32cubeide/plugins/com.st.stm32cube.ide.mcu.externaltools.gnu-tools-for-stm32.10.3-2021.10.win32_1.0.0.202111181127/tools/bin/../lib/gcc/arm-none-eabi/10.3.1/thumb/v7-m/nofp/crtbegin.o
                0x0000000020000000                . = ALIGN (0x4)

.bss            0x0000000020000000       0x68 load address 0x0000000008001040
                0x0000000020000000                _sbss = .
                0x0000000020000000                __bss_start__ = _sbss
 *(.bss)
 .bss           0x0000000020000000       0x1c c:/st/stm32cubeide_1.4.0/stm32cubeide/plugins/com.st.stm32cube.ide.mcu.externaltools.gnu-tools-for-stm32.10.3-2021.10.win32_1.0.0.202111181127/tools/bin/../lib/gcc/arm-none-eabi/10.3.1/thumb/v7-m/nofp/crtbegin.o
 *(.bss*)
 .bss.GP_IRQ_CallBack
                0x000000002000001c       0x3c ./STM32F103C6_Drivers/stm32f103c6_EXTI_driver.o
                0x000000002000001c                GP_IRQ_CallBack
 .bss.G_SPI_Config
                0x0000000020000058        0x8 ./STM32F103C6_Drivers/stm32f103c6_SPI_driver.o
                0x0000000020000058                G_SPI_Config
 .bss.G_USART_Config
                0x0000000020000060        0x4 ./STM32F103C6_Drivers/stm32f103c6_USART_driver.o
                0x0000000020000060                G_USART_Config
 .bss.ch        0x0000000020000064        0x4 ./Src/main.o
                0x0000000020000064                ch
 *(COMMON)
                0x0000000020000068                . = ALIGN (0x4)
                0x0000000020000068                _ebss = .
                0x0000000020000068                __bss_end__ = _ebss

._user_heap_stack
                0x0000000020000068      0x600 load address 0x0000000008001040
                0x0000000020000068                . = ALIGN (0x8)
                [!provide]                        PROVIDE (end = .)
                0x0000000020000068                PROVIDE (_end = .)
                0x0000000020000268                . = (. + _Min_Heap_Size)
 *fill*         0x0000000020000068      0x200 
                0x0000000020000668                . = (. + _Min_Stack_Size)
 *fill*         0x0000000020000268      0x400 
                0x0000000020000668                . = ALIGN (0x8)

/DISCARD/
 libc.a(*)
 libm.a(*)
 libgcc.a(*)

.ARM.attributes
                0x0000000000000000       0x29
 *(.ARM.attributes)
 .ARM.attributes
                0x0000000000000000       0x1d c:/st/stm32cubeide_1.4.0/stm32cubeide/plugins/com.st.stm32cube.ide.mcu.externaltools.gnu-tools-for-stm32.10.3-2021.10.win32_1.0.0.202111181127/tools/bin/../lib/gcc/arm-none-eabi/10.3.1/thumb/v7-m/nofp/crti.o
 .ARM.attributes
                0x000000000000001d       0x2d c:/st/stm32cubeide_1.4.0/stm32cubeide/plugins/com.st.stm32cube.ide.mcu.externaltools.gnu-tools-for-stm32.10.3-2021.10.win32_1.0.0.202111181127/tools/bin/../lib/gcc/arm-none-eabi/10.3.1/thumb/v7-m/nofp/crtbegin.o
 .ARM.attributes
                0x000000000000004a       0x2d ./STM32F103C6_Drivers/stm32f103c6_EXTI_driver.o
 .ARM.attributes
                0x0000000000000077       0x2d ./STM32F103C6_Drivers/stm32f103c6_RCC_driver.o
 .ARM.attributes
                0x00000000000000a4       0x2d ./STM32F103C6_Drivers/stm32f103c6_SPI_driver.o
 .ARM.attributes
                0x00000000000000d1       0x2d ./STM32F103C6_Drivers/stm32f103c6_USART_driver.o
 .ARM.attributes
                0x00000000000000fe       0x2d ./STM32F103C6_Drivers/stm32f103c6_gpio_driver.o
 .ARM.attributes
                0x000000000000012b       0x2d ./Src/main.o
 .ARM.attributes
                0x0000000000000158       0x21 ./Startup/startup_stm32f103c6tx.o
 .ARM.attributes
                0x0000000000000179       0x2d c:/st/stm32cubeide_1.4.0/stm32cubeide/plugins/com.st.stm32cube.ide.mcu.externaltools.gnu-tools-for-stm32.10.3-2021.10.win32_1.0.0.202111181127/tools/bin/../lib/gcc/arm-none-eabi/10.3.1/../../../../arm-none-eabi/lib/thumb/v7-m/nofp\libc_nano.a(lib_a-init.o)
 .ARM.attributes
                0x00000000000001a6       0x1d c:/st/stm32cubeide_1.4.0/stm32cubeide/plugins/com.st.stm32cube.ide.mcu.externaltools.gnu-tools-for-stm32.10.3-2021.10.win32_1.0.0.202111181127/tools/bin/../lib/gcc/arm-none-eabi/10.3.1/thumb/v7-m/nofp/crtn.o
OUTPUT(L5_U8_SPI_Driver.elf elf32-littlearm)
LOAD linker stubs
LOAD c:/st/stm32cubeide_1.4.0/stm32cubeide/plugins/com.st.stm32cube.ide.mcu.externaltools.gnu-tools-for-stm32.10.3-2021.10.win32_1.0.0.202111181127/tools/bin/../lib/gcc/arm-none-eabi/10.3.1/../../../../arm-none-eabi/lib/thumb/v7-m/nofp\libc.a
LOAD c:/st/stm32cubeide_1.4.0/stm32cubeide/plugins/com.st.stm32cube.ide.mcu.externaltools.gnu-tools-for-stm32.10.3-2021.10.win32_1.0.0.202111181127/tools/bin/../lib/gcc/arm-none-eabi/10.3.1/../../../../arm-none-eabi/lib/thumb/v7-m/nofp\libm.a
LOAD c:/st/stm32cubeide_1.4.0/stm32cubeide/plugins/com.st.stm32cube.ide.mcu.externaltools.gnu-tools-for-stm32.10.3-2021.10.win32_1.0.0.202111181127/tools/bin/../lib/gcc/arm-none-eabi/10.3.1/thumb/v7-m/nofp\libgcc.a

.debug_info     0x0000000000000000     0x1e74
 .debug_info    0x0000000000000000      0x529 ./STM32F103C6_Drivers/stm32f103c6_EXTI_driver.o
 .debug_info    0x0000000000000529      0x20e ./STM32F103C6_Drivers/stm32f103c6_RCC_driver.o
 .debug_info    0x0000000000000737      0x656 ./STM32F103C6_Drivers/stm32f103c6_SPI_driver.o
 .debug_info    0x0000000000000d8d      0x595 ./STM32F103C6_Drivers/stm32f103c6_USART_driver.o
 .debug_info    0x0000000000001322      0x491 ./STM32F103C6_Drivers/stm32f103c6_gpio_driver.o
 .debug_info    0x00000000000017b3      0x69f ./Src/main.o
 .debug_info    0x0000000000001e52       0x22 ./Startup/startup_stm32f103c6tx.o

.debug_abbrev   0x0000000000000000      0x8bd
 .debug_abbrev  0x0000000000000000      0x180 ./STM32F103C6_Drivers/stm32f103c6_EXTI_driver.o
 .debug_abbrev  0x0000000000000180       0xda ./STM32F103C6_Drivers/stm32f103c6_RCC_driver.o
 .debug_abbrev  0x000000000000025a      0x20e ./STM32F103C6_Drivers/stm32f103c6_SPI_driver.o
 .debug_abbrev  0x0000000000000468      0x187 ./STM32F103C6_Drivers/stm32f103c6_USART_driver.o
 .debug_abbrev  0x00000000000005ef      0x113 ./STM32F103C6_Drivers/stm32f103c6_gpio_driver.o
 .debug_abbrev  0x0000000000000702      0x1a9 ./Src/main.o
 .debug_abbrev  0x00000000000008ab       0x12 ./Startup/startup_stm32f103c6tx.o

.debug_loc      0x0000000000000000      0xd60
 .debug_loc     0x0000000000000000      0x320 ./STM32F103C6_Drivers/stm32f103c6_EXTI_driver.o
 .debug_loc     0x0000000000000320       0xc8 ./STM32F103C6_Drivers/stm32f103c6_RCC_driver.o
 .debug_loc     0x00000000000003e8      0x2bc ./STM32F103C6_Drivers/stm32f103c6_SPI_driver.o
 .debug_loc     0x00000000000006a4      0x294 ./STM32F103C6_Drivers/stm32f103c6_USART_driver.o
 .debug_loc     0x0000000000000938      0x330 ./STM32F103C6_Drivers/stm32f103c6_gpio_driver.o
 .debug_loc     0x0000000000000c68       0xf8 ./Src/main.o

.debug_aranges  0x0000000000000000      0x230
 .debug_aranges
                0x0000000000000000       0x80 ./STM32F103C6_Drivers/stm32f103c6_EXTI_driver.o
 .debug_aranges
                0x0000000000000080       0x38 ./STM32F103C6_Drivers/stm32f103c6_RCC_driver.o
 .debug_aranges
                0x00000000000000b8       0x58 ./STM32F103C6_Drivers/stm32f103c6_SPI_driver.o
 .debug_aranges
                0x0000000000000110       0x60 ./STM32F103C6_Drivers/stm32f103c6_USART_driver.o
 .debug_aranges
                0x0000000000000170       0x60 ./STM32F103C6_Drivers/stm32f103c6_gpio_driver.o
 .debug_aranges
                0x00000000000001d0       0x38 ./Src/main.o
 .debug_aranges
                0x0000000000000208       0x28 ./Startup/startup_stm32f103c6tx.o

.debug_ranges   0x0000000000000000      0x1c8
 .debug_ranges  0x0000000000000000       0x70 ./STM32F103C6_Drivers/stm32f103c6_EXTI_driver.o
 .debug_ranges  0x0000000000000070       0x28 ./STM32F103C6_Drivers/stm32f103c6_RCC_driver.o
 .debug_ranges  0x0000000000000098       0x48 ./STM32F103C6_Drivers/stm32f103c6_SPI_driver.o
 .debug_ranges  0x00000000000000e0       0x50 ./STM32F103C6_Drivers/stm32f103c6_USART_driver.o
 .debug_ranges  0x0000000000000130       0x50 ./STM32F103C6_Drivers/stm32f103c6_gpio_driver.o
 .debug_ranges  0x0000000000000180       0x28 ./Src/main.o
 .debug_ranges  0x00000000000001a8       0x20 ./Startup/startup_stm32f103c6tx.o

.debug_macro    0x0000000000000000      0xdb8
 .debug_macro   0x0000000000000000      0x15f ./STM32F103C6_Drivers/stm32f103c6_EXTI_driver.o
 .debug_macro   0x000000000000015f       0xca ./STM32F103C6_Drivers/stm32f103c6_EXTI_driver.o
 .debug_macro   0x0000000000000229      0x21e ./STM32F103C6_Drivers/stm32f103c6_EXTI_driver.o
 .debug_macro   0x0000000000000447      0x14c ./STM32F103C6_Drivers/stm32f103c6_RCC_driver.o
 .debug_macro   0x0000000000000593       0x10 ./STM32F103C6_Drivers/stm32f103c6_RCC_driver.o
 .debug_macro   0x00000000000005a3      0x16d ./STM32F103C6_Drivers/stm32f103c6_SPI_driver.o
 .debug_macro   0x0000000000000710       0xbe ./STM32F103C6_Drivers/stm32f103c6_SPI_driver.o
 .debug_macro   0x00000000000007ce      0x15e ./STM32F103C6_Drivers/stm32f103c6_USART_driver.o
 .debug_macro   0x000000000000092c       0x16 ./STM32F103C6_Drivers/stm32f103c6_USART_driver.o
 .debug_macro   0x0000000000000942       0xe2 ./STM32F103C6_Drivers/stm32f103c6_USART_driver.o
 .debug_macro   0x0000000000000a24      0x14c ./STM32F103C6_Drivers/stm32f103c6_gpio_driver.o
 .debug_macro   0x0000000000000b70      0x184 ./Src/main.o
 .debug_macro   0x0000000000000cf4       0xc4 ./Src/main.o

.debug_line     0x0000000000000000     0x2db5
 .debug_line    0x0000000000000000      0x987 ./STM32F103C6_Drivers/stm32f103c6_EXTI_driver.o
 .debug_line    0x0000000000000987      0x5de ./STM32F103C6_Drivers/stm32f103c6_RCC_driver.o
 .debug_line    0x0000000000000f65      0x85a ./STM32F103C6_Drivers/stm32f103c6_SPI_driver.o
 .debug_line    0x00000000000017bf      0x7ad ./STM32F103C6_Drivers/stm32f103c6_USART_driver.o
 .debug_line    0x0000000000001f6c      0x77a ./STM32F103C6_Drivers/stm32f103c6_gpio_driver.o
 .debug_line    0x00000000000026e6      0x64b ./Src/main.o
 .debug_line    0x0000000000002d31       0x84 ./Startup/startup_stm32f103c6tx.o

.debug_str      0x0000000000000000     0xa274
 .debug_str     0x0000000000000000     0x9149 ./STM32F103C6_Drivers/stm32f103c6_EXTI_driver.o
                                       0x935f (size before relaxing)
 .debug_str     0x0000000000009149      0x135 ./STM32F103C6_Drivers/stm32f103c6_RCC_driver.o
                                       0x7c26 (size before relaxing)
 .debug_str     0x000000000000927e      0x6a4 ./STM32F103C6_Drivers/stm32f103c6_SPI_driver.o
                                       0x8631 (size before relaxing)
 .debug_str     0x0000000000009922      0x7af ./STM32F103C6_Drivers/stm32f103c6_USART_driver.o
                                       0x87db (size before relaxing)
 .debug_str     0x000000000000a0d1      0x10f ./STM32F103C6_Drivers/stm32f103c6_gpio_driver.o
                                       0x8082 (size before relaxing)
 .debug_str     0x000000000000a1e0       0x63 ./Src/main.o
                                       0x9e3e (size before relaxing)
 .debug_str     0x000000000000a243       0x31 ./Startup/startup_stm32f103c6tx.o
                                         0x5f (size before relaxing)

.comment        0x0000000000000000       0x50
 .comment       0x0000000000000000       0x50 ./STM32F103C6_Drivers/stm32f103c6_EXTI_driver.o
                                         0x51 (size before relaxing)
 .comment       0x0000000000000050       0x51 ./STM32F103C6_Drivers/stm32f103c6_RCC_driver.o
 .comment       0x0000000000000050       0x51 ./STM32F103C6_Drivers/stm32f103c6_SPI_driver.o
 .comment       0x0000000000000050       0x51 ./STM32F103C6_Drivers/stm32f103c6_USART_driver.o
 .comment       0x0000000000000050       0x51 ./STM32F103C6_Drivers/stm32f103c6_gpio_driver.o
 .comment       0x0000000000000050       0x51 ./Src/main.o

.debug_frame    0x0000000000000000      0x6f8
 .debug_frame   0x0000000000000000      0x1b0 ./STM32F103C6_Drivers/stm32f103c6_EXTI_driver.o
 .debug_frame   0x00000000000001b0       0x84 ./STM32F103C6_Drivers/stm32f103c6_RCC_driver.o
 .debug_frame   0x0000000000000234      0x144 ./STM32F103C6_Drivers/stm32f103c6_SPI_driver.o
 .debug_frame   0x0000000000000378      0x14c ./STM32F103C6_Drivers/stm32f103c6_USART_driver.o
 .debug_frame   0x00000000000004c4      0x178 ./STM32F103C6_Drivers/stm32f103c6_gpio_driver.o
 .debug_frame   0x000000000000063c       0x90 ./Src/main.o
 .debug_frame   0x00000000000006cc       0x2c c:/st/stm32cubeide_1.4.0/stm32cubeide/plugins/com.st.stm32cube.ide.mcu.externaltools.gnu-tools-for-stm32.10.3-2021.10.win32_1.0.0.202111181127/tools/bin/../lib/gcc/arm-none-eabi/10.3.1/../../../../arm-none-eabi/lib/thumb/v7-m/nofp\libc_nano.a(lib_a-init.o)
