Archive member included to satisfy reference by file (symbol)

c:/st/stm32cubeide_1.4.0/stm32cubeide/plugins/com.st.stm32cube.ide.mcu.externaltools.gnu-tools-for-stm32.7-2018-q2-update.win32_1.4.0.202007081208/tools/bin/../lib/gcc/arm-none-eabi/7.3.1/../../../../arm-none-eabi/lib/thumb/v7-m\libc_nano.a(lib_a-errno.o)
                              Src/syscalls.o (__errno)
c:/st/stm32cubeide_1.4.0/stm32cubeide/plugins/com.st.stm32cube.ide.mcu.externaltools.gnu-tools-for-stm32.7-2018-q2-update.win32_1.4.0.202007081208/tools/bin/../lib/gcc/arm-none-eabi/7.3.1/../../../../arm-none-eabi/lib/thumb/v7-m\libc_nano.a(lib_a-exit.o)
                              c:/st/stm32cubeide_1.4.0/stm32cubeide/plugins/com.st.stm32cube.ide.mcu.externaltools.gnu-tools-for-stm32.7-2018-q2-update.win32_1.4.0.202007081208/tools/bin/../lib/gcc/arm-none-eabi/7.3.1/../../../../arm-none-eabi/lib/thumb/v7-m/crt0.o (exit)
c:/st/stm32cubeide_1.4.0/stm32cubeide/plugins/com.st.stm32cube.ide.mcu.externaltools.gnu-tools-for-stm32.7-2018-q2-update.win32_1.4.0.202007081208/tools/bin/../lib/gcc/arm-none-eabi/7.3.1/../../../../arm-none-eabi/lib/thumb/v7-m\libc_nano.a(lib_a-impure.o)
                              c:/st/stm32cubeide_1.4.0/stm32cubeide/plugins/com.st.stm32cube.ide.mcu.externaltools.gnu-tools-for-stm32.7-2018-q2-update.win32_1.4.0.202007081208/tools/bin/../lib/gcc/arm-none-eabi/7.3.1/../../../../arm-none-eabi/lib/thumb/v7-m\libc_nano.a(lib_a-exit.o) (_global_impure_ptr)
c:/st/stm32cubeide_1.4.0/stm32cubeide/plugins/com.st.stm32cube.ide.mcu.externaltools.gnu-tools-for-stm32.7-2018-q2-update.win32_1.4.0.202007081208/tools/bin/../lib/gcc/arm-none-eabi/7.3.1/../../../../arm-none-eabi/lib/thumb/v7-m\libc_nano.a(lib_a-init.o)
                              c:/st/stm32cubeide_1.4.0/stm32cubeide/plugins/com.st.stm32cube.ide.mcu.externaltools.gnu-tools-for-stm32.7-2018-q2-update.win32_1.4.0.202007081208/tools/bin/../lib/gcc/arm-none-eabi/7.3.1/../../../../arm-none-eabi/lib/thumb/v7-m/crt0.o (__libc_init_array)
c:/st/stm32cubeide_1.4.0/stm32cubeide/plugins/com.st.stm32cube.ide.mcu.externaltools.gnu-tools-for-stm32.7-2018-q2-update.win32_1.4.0.202007081208/tools/bin/../lib/gcc/arm-none-eabi/7.3.1/../../../../arm-none-eabi/lib/thumb/v7-m\libc_nano.a(lib_a-memset.o)
                              c:/st/stm32cubeide_1.4.0/stm32cubeide/plugins/com.st.stm32cube.ide.mcu.externaltools.gnu-tools-for-stm32.7-2018-q2-update.win32_1.4.0.202007081208/tools/bin/../lib/gcc/arm-none-eabi/7.3.1/../../../../arm-none-eabi/lib/thumb/v7-m/crt0.o (memset)

Allocating common symbols
Common symbol       size              file

ch                  0x4               Src/main.o
GP_IRQ_CallBack     0x3c              STM32F103C6_Drivers/stm32f103c6_EXTI_driver.o

Discarded input sections

 .text          0x0000000000000000        0x0 c:/st/stm32cubeide_1.4.0/stm32cubeide/plugins/com.st.stm32cube.ide.mcu.externaltools.gnu-tools-for-stm32.7-2018-q2-update.win32_1.4.0.202007081208/tools/bin/../lib/gcc/arm-none-eabi/7.3.1/thumb/v7-m/crti.o
 .data          0x0000000000000000        0x0 c:/st/stm32cubeide_1.4.0/stm32cubeide/plugins/com.st.stm32cube.ide.mcu.externaltools.gnu-tools-for-stm32.7-2018-q2-update.win32_1.4.0.202007081208/tools/bin/../lib/gcc/arm-none-eabi/7.3.1/thumb/v7-m/crti.o
 .bss           0x0000000000000000        0x0 c:/st/stm32cubeide_1.4.0/stm32cubeide/plugins/com.st.stm32cube.ide.mcu.externaltools.gnu-tools-for-stm32.7-2018-q2-update.win32_1.4.0.202007081208/tools/bin/../lib/gcc/arm-none-eabi/7.3.1/thumb/v7-m/crti.o
 .data          0x0000000000000000        0x4 c:/st/stm32cubeide_1.4.0/stm32cubeide/plugins/com.st.stm32cube.ide.mcu.externaltools.gnu-tools-for-stm32.7-2018-q2-update.win32_1.4.0.202007081208/tools/bin/../lib/gcc/arm-none-eabi/7.3.1/thumb/v7-m/crtbegin.o
 .text          0x0000000000000000       0x74 c:/st/stm32cubeide_1.4.0/stm32cubeide/plugins/com.st.stm32cube.ide.mcu.externaltools.gnu-tools-for-stm32.7-2018-q2-update.win32_1.4.0.202007081208/tools/bin/../lib/gcc/arm-none-eabi/7.3.1/../../../../arm-none-eabi/lib/thumb/v7-m/crt0.o
 .data          0x0000000000000000        0x0 c:/st/stm32cubeide_1.4.0/stm32cubeide/plugins/com.st.stm32cube.ide.mcu.externaltools.gnu-tools-for-stm32.7-2018-q2-update.win32_1.4.0.202007081208/tools/bin/../lib/gcc/arm-none-eabi/7.3.1/../../../../arm-none-eabi/lib/thumb/v7-m/crt0.o
 .bss           0x0000000000000000        0x0 c:/st/stm32cubeide_1.4.0/stm32cubeide/plugins/com.st.stm32cube.ide.mcu.externaltools.gnu-tools-for-stm32.7-2018-q2-update.win32_1.4.0.202007081208/tools/bin/../lib/gcc/arm-none-eabi/7.3.1/../../../../arm-none-eabi/lib/thumb/v7-m/crt0.o
 .ARM.extab     0x0000000000000000        0x0 c:/st/stm32cubeide_1.4.0/stm32cubeide/plugins/com.st.stm32cube.ide.mcu.externaltools.gnu-tools-for-stm32.7-2018-q2-update.win32_1.4.0.202007081208/tools/bin/../lib/gcc/arm-none-eabi/7.3.1/../../../../arm-none-eabi/lib/thumb/v7-m/crt0.o
 .ARM.exidx     0x0000000000000000        0x8 c:/st/stm32cubeide_1.4.0/stm32cubeide/plugins/com.st.stm32cube.ide.mcu.externaltools.gnu-tools-for-stm32.7-2018-q2-update.win32_1.4.0.202007081208/tools/bin/../lib/gcc/arm-none-eabi/7.3.1/../../../../arm-none-eabi/lib/thumb/v7-m/crt0.o
 .ARM.attributes
                0x0000000000000000       0x1b c:/st/stm32cubeide_1.4.0/stm32cubeide/plugins/com.st.stm32cube.ide.mcu.externaltools.gnu-tools-for-stm32.7-2018-q2-update.win32_1.4.0.202007081208/tools/bin/../lib/gcc/arm-none-eabi/7.3.1/../../../../arm-none-eabi/lib/thumb/v7-m/crt0.o
 .group         0x0000000000000000        0xc STM32F103C6_Drivers/Keypad_Driver/Keypad.o
 .group         0x0000000000000000        0xc STM32F103C6_Drivers/Keypad_Driver/Keypad.o
 .group         0x0000000000000000        0xc STM32F103C6_Drivers/Keypad_Driver/Keypad.o
 .group         0x0000000000000000        0xc STM32F103C6_Drivers/Keypad_Driver/Keypad.o
 .group         0x0000000000000000        0xc STM32F103C6_Drivers/Keypad_Driver/Keypad.o
 .group         0x0000000000000000        0xc STM32F103C6_Drivers/Keypad_Driver/Keypad.o
 .group         0x0000000000000000        0xc STM32F103C6_Drivers/Keypad_Driver/Keypad.o
 .group         0x0000000000000000        0xc STM32F103C6_Drivers/Keypad_Driver/Keypad.o
 .group         0x0000000000000000        0xc STM32F103C6_Drivers/Keypad_Driver/Keypad.o
 .group         0x0000000000000000        0xc STM32F103C6_Drivers/Keypad_Driver/Keypad.o
 .group         0x0000000000000000        0xc STM32F103C6_Drivers/Keypad_Driver/Keypad.o
 .group         0x0000000000000000        0xc STM32F103C6_Drivers/Keypad_Driver/Keypad.o
 .group         0x0000000000000000        0xc STM32F103C6_Drivers/Keypad_Driver/Keypad.o
 .group         0x0000000000000000        0xc STM32F103C6_Drivers/Keypad_Driver/Keypad.o
 .group         0x0000000000000000        0xc STM32F103C6_Drivers/Keypad_Driver/Keypad.o
 .group         0x0000000000000000        0xc STM32F103C6_Drivers/Keypad_Driver/Keypad.o
 .group         0x0000000000000000        0xc STM32F103C6_Drivers/Keypad_Driver/Keypad.o
 .group         0x0000000000000000        0xc STM32F103C6_Drivers/Keypad_Driver/Keypad.o
 .group         0x0000000000000000        0xc STM32F103C6_Drivers/Keypad_Driver/Keypad.o
 .group         0x0000000000000000        0xc STM32F103C6_Drivers/Keypad_Driver/Keypad.o
 .group         0x0000000000000000        0xc STM32F103C6_Drivers/Keypad_Driver/Keypad.o
 .group         0x0000000000000000        0xc STM32F103C6_Drivers/Keypad_Driver/Keypad.o
 .group         0x0000000000000000        0xc STM32F103C6_Drivers/Keypad_Driver/Keypad.o
 .group         0x0000000000000000        0xc STM32F103C6_Drivers/Keypad_Driver/Keypad.o
 .group         0x0000000000000000        0xc STM32F103C6_Drivers/Keypad_Driver/Keypad.o
 .text          0x0000000000000000        0x0 STM32F103C6_Drivers/Keypad_Driver/Keypad.o
 .data          0x0000000000000000        0x0 STM32F103C6_Drivers/Keypad_Driver/Keypad.o
 .bss           0x0000000000000000        0x0 STM32F103C6_Drivers/Keypad_Driver/Keypad.o
 .data.Key_padRow
                0x0000000000000000       0x10 STM32F103C6_Drivers/Keypad_Driver/Keypad.o
 .data.Key_padCol
                0x0000000000000000       0x10 STM32F103C6_Drivers/Keypad_Driver/Keypad.o
 .text.delay_mss
                0x0000000000000000       0x38 STM32F103C6_Drivers/Keypad_Driver/Keypad.o
 .text.Keypad_init
                0x0000000000000000       0xcc STM32F103C6_Drivers/Keypad_Driver/Keypad.o
 .text.Keypad_getkey
                0x0000000000000000      0x194 STM32F103C6_Drivers/Keypad_Driver/Keypad.o
 .debug_info    0x0000000000000000      0xb48 STM32F103C6_Drivers/Keypad_Driver/Keypad.o
 .debug_abbrev  0x0000000000000000      0x1de STM32F103C6_Drivers/Keypad_Driver/Keypad.o
 .debug_loc     0x0000000000000000       0xfc STM32F103C6_Drivers/Keypad_Driver/Keypad.o
 .debug_aranges
                0x0000000000000000       0x30 STM32F103C6_Drivers/Keypad_Driver/Keypad.o
 .debug_ranges  0x0000000000000000       0x20 STM32F103C6_Drivers/Keypad_Driver/Keypad.o
 .debug_macro   0x0000000000000000      0x158 STM32F103C6_Drivers/Keypad_Driver/Keypad.o
 .debug_macro   0x0000000000000000      0xa60 STM32F103C6_Drivers/Keypad_Driver/Keypad.o
 .debug_macro   0x0000000000000000       0x22 STM32F103C6_Drivers/Keypad_Driver/Keypad.o
 .debug_macro   0x0000000000000000       0x8e STM32F103C6_Drivers/Keypad_Driver/Keypad.o
 .debug_macro   0x0000000000000000       0x51 STM32F103C6_Drivers/Keypad_Driver/Keypad.o
 .debug_macro   0x0000000000000000       0xef STM32F103C6_Drivers/Keypad_Driver/Keypad.o
 .debug_macro   0x0000000000000000       0x6a STM32F103C6_Drivers/Keypad_Driver/Keypad.o
 .debug_macro   0x0000000000000000      0x1df STM32F103C6_Drivers/Keypad_Driver/Keypad.o
 .debug_macro   0x0000000000000000       0x18 STM32F103C6_Drivers/Keypad_Driver/Keypad.o
 .debug_macro   0x0000000000000000       0x46 STM32F103C6_Drivers/Keypad_Driver/Keypad.o
 .debug_macro   0x0000000000000000       0x3c STM32F103C6_Drivers/Keypad_Driver/Keypad.o
 .debug_macro   0x0000000000000000       0x34 STM32F103C6_Drivers/Keypad_Driver/Keypad.o
 .debug_macro   0x0000000000000000       0x16 STM32F103C6_Drivers/Keypad_Driver/Keypad.o
 .debug_macro   0x0000000000000000      0x10e STM32F103C6_Drivers/Keypad_Driver/Keypad.o
 .debug_macro   0x0000000000000000       0x8d STM32F103C6_Drivers/Keypad_Driver/Keypad.o
 .debug_macro   0x0000000000000000       0x52 STM32F103C6_Drivers/Keypad_Driver/Keypad.o
 .debug_macro   0x0000000000000000       0x1f STM32F103C6_Drivers/Keypad_Driver/Keypad.o
 .debug_macro   0x0000000000000000       0x43 STM32F103C6_Drivers/Keypad_Driver/Keypad.o
 .debug_macro   0x0000000000000000       0x20 STM32F103C6_Drivers/Keypad_Driver/Keypad.o
 .debug_macro   0x0000000000000000      0x1a3 STM32F103C6_Drivers/Keypad_Driver/Keypad.o
 .debug_macro   0x0000000000000000      0x330 STM32F103C6_Drivers/Keypad_Driver/Keypad.o
 .debug_macro   0x0000000000000000       0x16 STM32F103C6_Drivers/Keypad_Driver/Keypad.o
 .debug_macro   0x0000000000000000       0x29 STM32F103C6_Drivers/Keypad_Driver/Keypad.o
 .debug_macro   0x0000000000000000      0x240 STM32F103C6_Drivers/Keypad_Driver/Keypad.o
 .debug_macro   0x0000000000000000       0xc4 STM32F103C6_Drivers/Keypad_Driver/Keypad.o
 .debug_macro   0x0000000000000000       0x3a STM32F103C6_Drivers/Keypad_Driver/Keypad.o
 .debug_line    0x0000000000000000      0x622 STM32F103C6_Drivers/Keypad_Driver/Keypad.o
 .debug_str     0x0000000000000000     0x7f9a STM32F103C6_Drivers/Keypad_Driver/Keypad.o
 .comment       0x0000000000000000       0x7c STM32F103C6_Drivers/Keypad_Driver/Keypad.o
 .debug_frame   0x0000000000000000       0x80 STM32F103C6_Drivers/Keypad_Driver/Keypad.o
 .ARM.attributes
                0x0000000000000000       0x33 STM32F103C6_Drivers/Keypad_Driver/Keypad.o
 .group         0x0000000000000000        0xc STM32F103C6_Drivers/LCD_Driver/LCD.o
 .group         0x0000000000000000        0xc STM32F103C6_Drivers/LCD_Driver/LCD.o
 .group         0x0000000000000000        0xc STM32F103C6_Drivers/LCD_Driver/LCD.o
 .group         0x0000000000000000        0xc STM32F103C6_Drivers/LCD_Driver/LCD.o
 .group         0x0000000000000000        0xc STM32F103C6_Drivers/LCD_Driver/LCD.o
 .group         0x0000000000000000        0xc STM32F103C6_Drivers/LCD_Driver/LCD.o
 .group         0x0000000000000000        0xc STM32F103C6_Drivers/LCD_Driver/LCD.o
 .group         0x0000000000000000        0xc STM32F103C6_Drivers/LCD_Driver/LCD.o
 .group         0x0000000000000000        0xc STM32F103C6_Drivers/LCD_Driver/LCD.o
 .group         0x0000000000000000        0xc STM32F103C6_Drivers/LCD_Driver/LCD.o
 .group         0x0000000000000000        0xc STM32F103C6_Drivers/LCD_Driver/LCD.o
 .group         0x0000000000000000        0xc STM32F103C6_Drivers/LCD_Driver/LCD.o
 .group         0x0000000000000000        0xc STM32F103C6_Drivers/LCD_Driver/LCD.o
 .group         0x0000000000000000        0xc STM32F103C6_Drivers/LCD_Driver/LCD.o
 .group         0x0000000000000000        0xc STM32F103C6_Drivers/LCD_Driver/LCD.o
 .group         0x0000000000000000        0xc STM32F103C6_Drivers/LCD_Driver/LCD.o
 .group         0x0000000000000000        0xc STM32F103C6_Drivers/LCD_Driver/LCD.o
 .group         0x0000000000000000        0xc STM32F103C6_Drivers/LCD_Driver/LCD.o
 .group         0x0000000000000000        0xc STM32F103C6_Drivers/LCD_Driver/LCD.o
 .group         0x0000000000000000        0xc STM32F103C6_Drivers/LCD_Driver/LCD.o
 .group         0x0000000000000000        0xc STM32F103C6_Drivers/LCD_Driver/LCD.o
 .group         0x0000000000000000        0xc STM32F103C6_Drivers/LCD_Driver/LCD.o
 .group         0x0000000000000000        0xc STM32F103C6_Drivers/LCD_Driver/LCD.o
 .group         0x0000000000000000        0xc STM32F103C6_Drivers/LCD_Driver/LCD.o
 .group         0x0000000000000000        0xc STM32F103C6_Drivers/LCD_Driver/LCD.o
 .group         0x0000000000000000        0xc STM32F103C6_Drivers/LCD_Driver/LCD.o
 .text          0x0000000000000000        0x0 STM32F103C6_Drivers/LCD_Driver/LCD.o
 .data          0x0000000000000000        0x0 STM32F103C6_Drivers/LCD_Driver/LCD.o
 .bss           0x0000000000000000        0x0 STM32F103C6_Drivers/LCD_Driver/LCD.o
 .text.wait_ms  0x0000000000000000       0x38 STM32F103C6_Drivers/LCD_Driver/LCD.o
 .text.LCD_EN_switch
                0x0000000000000000       0x2c STM32F103C6_Drivers/LCD_Driver/LCD.o
 .text.LCD_clear_screen
                0x0000000000000000        0xe STM32F103C6_Drivers/LCD_Driver/LCD.o
 .text.LCD_goto
                0x0000000000000000       0x4a STM32F103C6_Drivers/LCD_Driver/LCD.o
 .text.LCD_write_string
                0x0000000000000000       0x58 STM32F103C6_Drivers/LCD_Driver/LCD.o
 .text.LCD_GPIO_init
                0x0000000000000000      0x130 STM32F103C6_Drivers/LCD_Driver/LCD.o
 .text.LCD_init
                0x0000000000000000       0x34 STM32F103C6_Drivers/LCD_Driver/LCD.o
 .text.LCD_is_busy
                0x0000000000000000       0xcc STM32F103C6_Drivers/LCD_Driver/LCD.o
 .text.LCD_write_command
                0x0000000000000000       0x44 STM32F103C6_Drivers/LCD_Driver/LCD.o
 .text.LCD_write_char
                0x0000000000000000       0x44 STM32F103C6_Drivers/LCD_Driver/LCD.o
 .debug_info    0x0000000000000000      0xc09 STM32F103C6_Drivers/LCD_Driver/LCD.o
 .debug_abbrev  0x0000000000000000      0x242 STM32F103C6_Drivers/LCD_Driver/LCD.o
 .debug_loc     0x0000000000000000      0x2c0 STM32F103C6_Drivers/LCD_Driver/LCD.o
 .debug_aranges
                0x0000000000000000       0x68 STM32F103C6_Drivers/LCD_Driver/LCD.o
 .debug_ranges  0x0000000000000000       0x58 STM32F103C6_Drivers/LCD_Driver/LCD.o
 .debug_macro   0x0000000000000000      0x151 STM32F103C6_Drivers/LCD_Driver/LCD.o
 .debug_macro   0x0000000000000000      0xa60 STM32F103C6_Drivers/LCD_Driver/LCD.o
 .debug_macro   0x0000000000000000       0x10 STM32F103C6_Drivers/LCD_Driver/LCD.o
 .debug_macro   0x0000000000000000       0x18 STM32F103C6_Drivers/LCD_Driver/LCD.o
 .debug_macro   0x0000000000000000       0x22 STM32F103C6_Drivers/LCD_Driver/LCD.o
 .debug_macro   0x0000000000000000       0x40 STM32F103C6_Drivers/LCD_Driver/LCD.o
 .debug_macro   0x0000000000000000       0x94 STM32F103C6_Drivers/LCD_Driver/LCD.o
 .debug_macro   0x0000000000000000       0x3c STM32F103C6_Drivers/LCD_Driver/LCD.o
 .debug_macro   0x0000000000000000       0x34 STM32F103C6_Drivers/LCD_Driver/LCD.o
 .debug_macro   0x0000000000000000       0x16 STM32F103C6_Drivers/LCD_Driver/LCD.o
 .debug_macro   0x0000000000000000      0x10e STM32F103C6_Drivers/LCD_Driver/LCD.o
 .debug_macro   0x0000000000000000       0x8d STM32F103C6_Drivers/LCD_Driver/LCD.o
 .debug_macro   0x0000000000000000       0x57 STM32F103C6_Drivers/LCD_Driver/LCD.o
 .debug_macro   0x0000000000000000       0x52 STM32F103C6_Drivers/LCD_Driver/LCD.o
 .debug_macro   0x0000000000000000       0x1f STM32F103C6_Drivers/LCD_Driver/LCD.o
 .debug_macro   0x0000000000000000       0x43 STM32F103C6_Drivers/LCD_Driver/LCD.o
 .debug_macro   0x0000000000000000       0x20 STM32F103C6_Drivers/LCD_Driver/LCD.o
 .debug_macro   0x0000000000000000      0x1a3 STM32F103C6_Drivers/LCD_Driver/LCD.o
 .debug_macro   0x0000000000000000      0x330 STM32F103C6_Drivers/LCD_Driver/LCD.o
 .debug_macro   0x0000000000000000       0x16 STM32F103C6_Drivers/LCD_Driver/LCD.o
 .debug_macro   0x0000000000000000       0x29 STM32F103C6_Drivers/LCD_Driver/LCD.o
 .debug_macro   0x0000000000000000       0xef STM32F103C6_Drivers/LCD_Driver/LCD.o
 .debug_macro   0x0000000000000000       0x6a STM32F103C6_Drivers/LCD_Driver/LCD.o
 .debug_macro   0x0000000000000000      0x1df STM32F103C6_Drivers/LCD_Driver/LCD.o
 .debug_macro   0x0000000000000000      0x240 STM32F103C6_Drivers/LCD_Driver/LCD.o
 .debug_macro   0x0000000000000000       0xc4 STM32F103C6_Drivers/LCD_Driver/LCD.o
 .debug_macro   0x0000000000000000       0x9a STM32F103C6_Drivers/LCD_Driver/LCD.o
 .debug_line    0x0000000000000000      0x690 STM32F103C6_Drivers/LCD_Driver/LCD.o
 .debug_str     0x0000000000000000     0x81f0 STM32F103C6_Drivers/LCD_Driver/LCD.o
 .comment       0x0000000000000000       0x7c STM32F103C6_Drivers/LCD_Driver/LCD.o
 .debug_frame   0x0000000000000000      0x164 STM32F103C6_Drivers/LCD_Driver/LCD.o
 .ARM.attributes
                0x0000000000000000       0x33 STM32F103C6_Drivers/LCD_Driver/LCD.o
 .group         0x0000000000000000        0xc STM32F103C6_Drivers/stm32f103c6_EXTI_driver.o
 .group         0x0000000000000000        0xc STM32F103C6_Drivers/stm32f103c6_EXTI_driver.o
 .group         0x0000000000000000        0xc STM32F103C6_Drivers/stm32f103c6_EXTI_driver.o
 .group         0x0000000000000000        0xc STM32F103C6_Drivers/stm32f103c6_EXTI_driver.o
 .group         0x0000000000000000        0xc STM32F103C6_Drivers/stm32f103c6_EXTI_driver.o
 .group         0x0000000000000000        0xc STM32F103C6_Drivers/stm32f103c6_EXTI_driver.o
 .group         0x0000000000000000        0xc STM32F103C6_Drivers/stm32f103c6_EXTI_driver.o
 .group         0x0000000000000000        0xc STM32F103C6_Drivers/stm32f103c6_EXTI_driver.o
 .group         0x0000000000000000        0xc STM32F103C6_Drivers/stm32f103c6_EXTI_driver.o
 .group         0x0000000000000000        0xc STM32F103C6_Drivers/stm32f103c6_EXTI_driver.o
 .group         0x0000000000000000        0xc STM32F103C6_Drivers/stm32f103c6_EXTI_driver.o
 .group         0x0000000000000000        0xc STM32F103C6_Drivers/stm32f103c6_EXTI_driver.o
 .group         0x0000000000000000        0xc STM32F103C6_Drivers/stm32f103c6_EXTI_driver.o
 .group         0x0000000000000000        0xc STM32F103C6_Drivers/stm32f103c6_EXTI_driver.o
 .group         0x0000000000000000        0xc STM32F103C6_Drivers/stm32f103c6_EXTI_driver.o
 .group         0x0000000000000000        0xc STM32F103C6_Drivers/stm32f103c6_EXTI_driver.o
 .group         0x0000000000000000        0xc STM32F103C6_Drivers/stm32f103c6_EXTI_driver.o
 .group         0x0000000000000000        0xc STM32F103C6_Drivers/stm32f103c6_EXTI_driver.o
 .group         0x0000000000000000        0xc STM32F103C6_Drivers/stm32f103c6_EXTI_driver.o
 .group         0x0000000000000000        0xc STM32F103C6_Drivers/stm32f103c6_EXTI_driver.o
 .group         0x0000000000000000        0xc STM32F103C6_Drivers/stm32f103c6_EXTI_driver.o
 .group         0x0000000000000000        0xc STM32F103C6_Drivers/stm32f103c6_EXTI_driver.o
 .group         0x0000000000000000        0xc STM32F103C6_Drivers/stm32f103c6_EXTI_driver.o
 .group         0x0000000000000000        0xc STM32F103C6_Drivers/stm32f103c6_EXTI_driver.o
 .group         0x0000000000000000        0xc STM32F103C6_Drivers/stm32f103c6_EXTI_driver.o
 .text          0x0000000000000000        0x0 STM32F103C6_Drivers/stm32f103c6_EXTI_driver.o
 .data          0x0000000000000000        0x0 STM32F103C6_Drivers/stm32f103c6_EXTI_driver.o
 .bss           0x0000000000000000        0x0 STM32F103C6_Drivers/stm32f103c6_EXTI_driver.o
 .text.Enable_NVIC
                0x0000000000000000       0xcc STM32F103C6_Drivers/stm32f103c6_EXTI_driver.o
 .text.Disable_NVIC
                0x0000000000000000       0xcc STM32F103C6_Drivers/stm32f103c6_EXTI_driver.o
 .text.Update_EXTI
                0x0000000000000000      0x1d8 STM32F103C6_Drivers/stm32f103c6_EXTI_driver.o
 .text.MCAL_EXTI_GPIO_Init
                0x0000000000000000       0x16 STM32F103C6_Drivers/stm32f103c6_EXTI_driver.o
 .text.MCAL_EXTI_GPIO_DeInit
                0x0000000000000000       0x94 STM32F103C6_Drivers/stm32f103c6_EXTI_driver.o
 .text.MCAL_EXTI_GPIO_Update
                0x0000000000000000       0x16 STM32F103C6_Drivers/stm32f103c6_EXTI_driver.o
 .debug_macro   0x0000000000000000      0xa60 STM32F103C6_Drivers/stm32f103c6_EXTI_driver.o
 .debug_macro   0x0000000000000000       0x18 STM32F103C6_Drivers/stm32f103c6_EXTI_driver.o
 .debug_macro   0x0000000000000000       0x22 STM32F103C6_Drivers/stm32f103c6_EXTI_driver.o
 .debug_macro   0x0000000000000000       0x40 STM32F103C6_Drivers/stm32f103c6_EXTI_driver.o
 .debug_macro   0x0000000000000000       0x94 STM32F103C6_Drivers/stm32f103c6_EXTI_driver.o
 .debug_macro   0x0000000000000000       0x3c STM32F103C6_Drivers/stm32f103c6_EXTI_driver.o
 .debug_macro   0x0000000000000000       0x34 STM32F103C6_Drivers/stm32f103c6_EXTI_driver.o
 .debug_macro   0x0000000000000000       0x16 STM32F103C6_Drivers/stm32f103c6_EXTI_driver.o
 .debug_macro   0x0000000000000000      0x10e STM32F103C6_Drivers/stm32f103c6_EXTI_driver.o
 .debug_macro   0x0000000000000000       0x8d STM32F103C6_Drivers/stm32f103c6_EXTI_driver.o
 .debug_macro   0x0000000000000000       0x57 STM32F103C6_Drivers/stm32f103c6_EXTI_driver.o
 .debug_macro   0x0000000000000000       0x52 STM32F103C6_Drivers/stm32f103c6_EXTI_driver.o
 .debug_macro   0x0000000000000000       0x1f STM32F103C6_Drivers/stm32f103c6_EXTI_driver.o
 .debug_macro   0x0000000000000000       0x43 STM32F103C6_Drivers/stm32f103c6_EXTI_driver.o
 .debug_macro   0x0000000000000000       0x20 STM32F103C6_Drivers/stm32f103c6_EXTI_driver.o
 .debug_macro   0x0000000000000000      0x1a3 STM32F103C6_Drivers/stm32f103c6_EXTI_driver.o
 .debug_macro   0x0000000000000000      0x330 STM32F103C6_Drivers/stm32f103c6_EXTI_driver.o
 .debug_macro   0x0000000000000000       0x16 STM32F103C6_Drivers/stm32f103c6_EXTI_driver.o
 .debug_macro   0x0000000000000000       0x29 STM32F103C6_Drivers/stm32f103c6_EXTI_driver.o
 .debug_macro   0x0000000000000000       0xef STM32F103C6_Drivers/stm32f103c6_EXTI_driver.o
 .debug_macro   0x0000000000000000       0x6a STM32F103C6_Drivers/stm32f103c6_EXTI_driver.o
 .debug_macro   0x0000000000000000      0x1df STM32F103C6_Drivers/stm32f103c6_EXTI_driver.o
 .debug_macro   0x0000000000000000      0x240 STM32F103C6_Drivers/stm32f103c6_EXTI_driver.o
 .group         0x0000000000000000        0xc STM32F103C6_Drivers/stm32f103c6_RCC_driver.o
 .group         0x0000000000000000        0xc STM32F103C6_Drivers/stm32f103c6_RCC_driver.o
 .group         0x0000000000000000        0xc STM32F103C6_Drivers/stm32f103c6_RCC_driver.o
 .group         0x0000000000000000        0xc STM32F103C6_Drivers/stm32f103c6_RCC_driver.o
 .group         0x0000000000000000        0xc STM32F103C6_Drivers/stm32f103c6_RCC_driver.o
 .group         0x0000000000000000        0xc STM32F103C6_Drivers/stm32f103c6_RCC_driver.o
 .group         0x0000000000000000        0xc STM32F103C6_Drivers/stm32f103c6_RCC_driver.o
 .group         0x0000000000000000        0xc STM32F103C6_Drivers/stm32f103c6_RCC_driver.o
 .group         0x0000000000000000        0xc STM32F103C6_Drivers/stm32f103c6_RCC_driver.o
 .group         0x0000000000000000        0xc STM32F103C6_Drivers/stm32f103c6_RCC_driver.o
 .group         0x0000000000000000        0xc STM32F103C6_Drivers/stm32f103c6_RCC_driver.o
 .group         0x0000000000000000        0xc STM32F103C6_Drivers/stm32f103c6_RCC_driver.o
 .group         0x0000000000000000        0xc STM32F103C6_Drivers/stm32f103c6_RCC_driver.o
 .group         0x0000000000000000        0xc STM32F103C6_Drivers/stm32f103c6_RCC_driver.o
 .group         0x0000000000000000        0xc STM32F103C6_Drivers/stm32f103c6_RCC_driver.o
 .group         0x0000000000000000        0xc STM32F103C6_Drivers/stm32f103c6_RCC_driver.o
 .group         0x0000000000000000        0xc STM32F103C6_Drivers/stm32f103c6_RCC_driver.o
 .group         0x0000000000000000        0xc STM32F103C6_Drivers/stm32f103c6_RCC_driver.o
 .group         0x0000000000000000        0xc STM32F103C6_Drivers/stm32f103c6_RCC_driver.o
 .group         0x0000000000000000        0xc STM32F103C6_Drivers/stm32f103c6_RCC_driver.o
 .group         0x0000000000000000        0xc STM32F103C6_Drivers/stm32f103c6_RCC_driver.o
 .group         0x0000000000000000        0xc STM32F103C6_Drivers/stm32f103c6_RCC_driver.o
 .group         0x0000000000000000        0xc STM32F103C6_Drivers/stm32f103c6_RCC_driver.o
 .group         0x0000000000000000        0xc STM32F103C6_Drivers/stm32f103c6_RCC_driver.o
 .text          0x0000000000000000        0x0 STM32F103C6_Drivers/stm32f103c6_RCC_driver.o
 .data          0x0000000000000000        0x0 STM32F103C6_Drivers/stm32f103c6_RCC_driver.o
 .bss           0x0000000000000000        0x0 STM32F103C6_Drivers/stm32f103c6_RCC_driver.o
 .debug_macro   0x0000000000000000      0xa60 STM32F103C6_Drivers/stm32f103c6_RCC_driver.o
 .debug_macro   0x0000000000000000       0x18 STM32F103C6_Drivers/stm32f103c6_RCC_driver.o
 .debug_macro   0x0000000000000000       0x22 STM32F103C6_Drivers/stm32f103c6_RCC_driver.o
 .debug_macro   0x0000000000000000       0x40 STM32F103C6_Drivers/stm32f103c6_RCC_driver.o
 .debug_macro   0x0000000000000000       0x94 STM32F103C6_Drivers/stm32f103c6_RCC_driver.o
 .debug_macro   0x0000000000000000       0x3c STM32F103C6_Drivers/stm32f103c6_RCC_driver.o
 .debug_macro   0x0000000000000000       0x34 STM32F103C6_Drivers/stm32f103c6_RCC_driver.o
 .debug_macro   0x0000000000000000       0x16 STM32F103C6_Drivers/stm32f103c6_RCC_driver.o
 .debug_macro   0x0000000000000000      0x10e STM32F103C6_Drivers/stm32f103c6_RCC_driver.o
 .debug_macro   0x0000000000000000       0x8d STM32F103C6_Drivers/stm32f103c6_RCC_driver.o
 .debug_macro   0x0000000000000000       0x57 STM32F103C6_Drivers/stm32f103c6_RCC_driver.o
 .debug_macro   0x0000000000000000       0x52 STM32F103C6_Drivers/stm32f103c6_RCC_driver.o
 .debug_macro   0x0000000000000000       0x1f STM32F103C6_Drivers/stm32f103c6_RCC_driver.o
 .debug_macro   0x0000000000000000       0x43 STM32F103C6_Drivers/stm32f103c6_RCC_driver.o
 .debug_macro   0x0000000000000000       0x20 STM32F103C6_Drivers/stm32f103c6_RCC_driver.o
 .debug_macro   0x0000000000000000      0x1a3 STM32F103C6_Drivers/stm32f103c6_RCC_driver.o
 .debug_macro   0x0000000000000000      0x330 STM32F103C6_Drivers/stm32f103c6_RCC_driver.o
 .debug_macro   0x0000000000000000       0x16 STM32F103C6_Drivers/stm32f103c6_RCC_driver.o
 .debug_macro   0x0000000000000000       0x29 STM32F103C6_Drivers/stm32f103c6_RCC_driver.o
 .debug_macro   0x0000000000000000       0xef STM32F103C6_Drivers/stm32f103c6_RCC_driver.o
 .debug_macro   0x0000000000000000       0x6a STM32F103C6_Drivers/stm32f103c6_RCC_driver.o
 .debug_macro   0x0000000000000000      0x1df STM32F103C6_Drivers/stm32f103c6_RCC_driver.o
 .debug_macro   0x0000000000000000      0x240 STM32F103C6_Drivers/stm32f103c6_RCC_driver.o
 .group         0x0000000000000000        0xc STM32F103C6_Drivers/stm32f103c6_USART_driver.o
 .group         0x0000000000000000        0xc STM32F103C6_Drivers/stm32f103c6_USART_driver.o
 .group         0x0000000000000000        0xc STM32F103C6_Drivers/stm32f103c6_USART_driver.o
 .group         0x0000000000000000        0xc STM32F103C6_Drivers/stm32f103c6_USART_driver.o
 .group         0x0000000000000000        0xc STM32F103C6_Drivers/stm32f103c6_USART_driver.o
 .group         0x0000000000000000        0xc STM32F103C6_Drivers/stm32f103c6_USART_driver.o
 .group         0x0000000000000000        0xc STM32F103C6_Drivers/stm32f103c6_USART_driver.o
 .group         0x0000000000000000        0xc STM32F103C6_Drivers/stm32f103c6_USART_driver.o
 .group         0x0000000000000000        0xc STM32F103C6_Drivers/stm32f103c6_USART_driver.o
 .group         0x0000000000000000        0xc STM32F103C6_Drivers/stm32f103c6_USART_driver.o
 .group         0x0000000000000000        0xc STM32F103C6_Drivers/stm32f103c6_USART_driver.o
 .group         0x0000000000000000        0xc STM32F103C6_Drivers/stm32f103c6_USART_driver.o
 .group         0x0000000000000000        0xc STM32F103C6_Drivers/stm32f103c6_USART_driver.o
 .group         0x0000000000000000        0xc STM32F103C6_Drivers/stm32f103c6_USART_driver.o
 .group         0x0000000000000000        0xc STM32F103C6_Drivers/stm32f103c6_USART_driver.o
 .group         0x0000000000000000        0xc STM32F103C6_Drivers/stm32f103c6_USART_driver.o
 .group         0x0000000000000000        0xc STM32F103C6_Drivers/stm32f103c6_USART_driver.o
 .group         0x0000000000000000        0xc STM32F103C6_Drivers/stm32f103c6_USART_driver.o
 .group         0x0000000000000000        0xc STM32F103C6_Drivers/stm32f103c6_USART_driver.o
 .group         0x0000000000000000        0xc STM32F103C6_Drivers/stm32f103c6_USART_driver.o
 .group         0x0000000000000000        0xc STM32F103C6_Drivers/stm32f103c6_USART_driver.o
 .group         0x0000000000000000        0xc STM32F103C6_Drivers/stm32f103c6_USART_driver.o
 .group         0x0000000000000000        0xc STM32F103C6_Drivers/stm32f103c6_USART_driver.o
 .group         0x0000000000000000        0xc STM32F103C6_Drivers/stm32f103c6_USART_driver.o
 .group         0x0000000000000000        0xc STM32F103C6_Drivers/stm32f103c6_USART_driver.o
 .group         0x0000000000000000        0xc STM32F103C6_Drivers/stm32f103c6_USART_driver.o
 .text          0x0000000000000000        0x0 STM32F103C6_Drivers/stm32f103c6_USART_driver.o
 .data          0x0000000000000000        0x0 STM32F103C6_Drivers/stm32f103c6_USART_driver.o
 .bss           0x0000000000000000        0x0 STM32F103C6_Drivers/stm32f103c6_USART_driver.o
 .text.MCAL_USART_DeInit
                0x0000000000000000       0x88 STM32F103C6_Drivers/stm32f103c6_USART_driver.o
 .text.MCAL_USART_Wait_TC
                0x0000000000000000       0x20 STM32F103C6_Drivers/stm32f103c6_USART_driver.o
 .debug_macro   0x0000000000000000      0xa60 STM32F103C6_Drivers/stm32f103c6_USART_driver.o
 .debug_macro   0x0000000000000000       0x18 STM32F103C6_Drivers/stm32f103c6_USART_driver.o
 .debug_macro   0x0000000000000000       0x22 STM32F103C6_Drivers/stm32f103c6_USART_driver.o
 .debug_macro   0x0000000000000000       0x40 STM32F103C6_Drivers/stm32f103c6_USART_driver.o
 .debug_macro   0x0000000000000000       0x94 STM32F103C6_Drivers/stm32f103c6_USART_driver.o
 .debug_macro   0x0000000000000000       0x3c STM32F103C6_Drivers/stm32f103c6_USART_driver.o
 .debug_macro   0x0000000000000000       0x34 STM32F103C6_Drivers/stm32f103c6_USART_driver.o
 .debug_macro   0x0000000000000000       0x16 STM32F103C6_Drivers/stm32f103c6_USART_driver.o
 .debug_macro   0x0000000000000000      0x10e STM32F103C6_Drivers/stm32f103c6_USART_driver.o
 .debug_macro   0x0000000000000000       0x8d STM32F103C6_Drivers/stm32f103c6_USART_driver.o
 .debug_macro   0x0000000000000000       0x57 STM32F103C6_Drivers/stm32f103c6_USART_driver.o
 .debug_macro   0x0000000000000000       0x52 STM32F103C6_Drivers/stm32f103c6_USART_driver.o
 .debug_macro   0x0000000000000000       0x1f STM32F103C6_Drivers/stm32f103c6_USART_driver.o
 .debug_macro   0x0000000000000000       0x43 STM32F103C6_Drivers/stm32f103c6_USART_driver.o
 .debug_macro   0x0000000000000000       0x20 STM32F103C6_Drivers/stm32f103c6_USART_driver.o
 .debug_macro   0x0000000000000000      0x1a3 STM32F103C6_Drivers/stm32f103c6_USART_driver.o
 .debug_macro   0x0000000000000000      0x330 STM32F103C6_Drivers/stm32f103c6_USART_driver.o
 .debug_macro   0x0000000000000000       0x16 STM32F103C6_Drivers/stm32f103c6_USART_driver.o
 .debug_macro   0x0000000000000000       0x29 STM32F103C6_Drivers/stm32f103c6_USART_driver.o
 .debug_macro   0x0000000000000000       0xef STM32F103C6_Drivers/stm32f103c6_USART_driver.o
 .debug_macro   0x0000000000000000       0x6a STM32F103C6_Drivers/stm32f103c6_USART_driver.o
 .debug_macro   0x0000000000000000      0x1df STM32F103C6_Drivers/stm32f103c6_USART_driver.o
 .debug_macro   0x0000000000000000      0x240 STM32F103C6_Drivers/stm32f103c6_USART_driver.o
 .debug_macro   0x0000000000000000       0xca STM32F103C6_Drivers/stm32f103c6_USART_driver.o
 .group         0x0000000000000000        0xc STM32F103C6_Drivers/stm32f103c6_gpio_driver.o
 .group         0x0000000000000000        0xc STM32F103C6_Drivers/stm32f103c6_gpio_driver.o
 .group         0x0000000000000000        0xc STM32F103C6_Drivers/stm32f103c6_gpio_driver.o
 .group         0x0000000000000000        0xc STM32F103C6_Drivers/stm32f103c6_gpio_driver.o
 .group         0x0000000000000000        0xc STM32F103C6_Drivers/stm32f103c6_gpio_driver.o
 .group         0x0000000000000000        0xc STM32F103C6_Drivers/stm32f103c6_gpio_driver.o
 .group         0x0000000000000000        0xc STM32F103C6_Drivers/stm32f103c6_gpio_driver.o
 .group         0x0000000000000000        0xc STM32F103C6_Drivers/stm32f103c6_gpio_driver.o
 .group         0x0000000000000000        0xc STM32F103C6_Drivers/stm32f103c6_gpio_driver.o
 .group         0x0000000000000000        0xc STM32F103C6_Drivers/stm32f103c6_gpio_driver.o
 .group         0x0000000000000000        0xc STM32F103C6_Drivers/stm32f103c6_gpio_driver.o
 .group         0x0000000000000000        0xc STM32F103C6_Drivers/stm32f103c6_gpio_driver.o
 .group         0x0000000000000000        0xc STM32F103C6_Drivers/stm32f103c6_gpio_driver.o
 .group         0x0000000000000000        0xc STM32F103C6_Drivers/stm32f103c6_gpio_driver.o
 .group         0x0000000000000000        0xc STM32F103C6_Drivers/stm32f103c6_gpio_driver.o
 .group         0x0000000000000000        0xc STM32F103C6_Drivers/stm32f103c6_gpio_driver.o
 .group         0x0000000000000000        0xc STM32F103C6_Drivers/stm32f103c6_gpio_driver.o
 .group         0x0000000000000000        0xc STM32F103C6_Drivers/stm32f103c6_gpio_driver.o
 .group         0x0000000000000000        0xc STM32F103C6_Drivers/stm32f103c6_gpio_driver.o
 .group         0x0000000000000000        0xc STM32F103C6_Drivers/stm32f103c6_gpio_driver.o
 .group         0x0000000000000000        0xc STM32F103C6_Drivers/stm32f103c6_gpio_driver.o
 .group         0x0000000000000000        0xc STM32F103C6_Drivers/stm32f103c6_gpio_driver.o
 .group         0x0000000000000000        0xc STM32F103C6_Drivers/stm32f103c6_gpio_driver.o
 .group         0x0000000000000000        0xc STM32F103C6_Drivers/stm32f103c6_gpio_driver.o
 .text          0x0000000000000000        0x0 STM32F103C6_Drivers/stm32f103c6_gpio_driver.o
 .data          0x0000000000000000        0x0 STM32F103C6_Drivers/stm32f103c6_gpio_driver.o
 .bss           0x0000000000000000        0x0 STM32F103C6_Drivers/stm32f103c6_gpio_driver.o
 .text.MCAL_GPIO_DeInit
                0x0000000000000000       0xd4 STM32F103C6_Drivers/stm32f103c6_gpio_driver.o
 .text.MCAL_GPIO_ReadPin
                0x0000000000000000       0x2e STM32F103C6_Drivers/stm32f103c6_gpio_driver.o
 .text.MCAL_GPIO_ReadPort
                0x0000000000000000       0x1a STM32F103C6_Drivers/stm32f103c6_gpio_driver.o
 .text.MCAL_GPIO_WritePin
                0x0000000000000000       0x2e STM32F103C6_Drivers/stm32f103c6_gpio_driver.o
 .text.MCAL_GPIO_WritePort
                0x0000000000000000       0x1c STM32F103C6_Drivers/stm32f103c6_gpio_driver.o
 .text.MCAL_GPIO_togglePin
                0x0000000000000000       0x22 STM32F103C6_Drivers/stm32f103c6_gpio_driver.o
 .text.MCAL_GPIO_LockPin
                0x0000000000000000       0x4e STM32F103C6_Drivers/stm32f103c6_gpio_driver.o
 .debug_macro   0x0000000000000000      0xa60 STM32F103C6_Drivers/stm32f103c6_gpio_driver.o
 .debug_macro   0x0000000000000000       0x18 STM32F103C6_Drivers/stm32f103c6_gpio_driver.o
 .debug_macro   0x0000000000000000       0x22 STM32F103C6_Drivers/stm32f103c6_gpio_driver.o
 .debug_macro   0x0000000000000000       0x40 STM32F103C6_Drivers/stm32f103c6_gpio_driver.o
 .debug_macro   0x0000000000000000       0x94 STM32F103C6_Drivers/stm32f103c6_gpio_driver.o
 .debug_macro   0x0000000000000000       0x3c STM32F103C6_Drivers/stm32f103c6_gpio_driver.o
 .debug_macro   0x0000000000000000       0x34 STM32F103C6_Drivers/stm32f103c6_gpio_driver.o
 .debug_macro   0x0000000000000000       0x16 STM32F103C6_Drivers/stm32f103c6_gpio_driver.o
 .debug_macro   0x0000000000000000      0x10e STM32F103C6_Drivers/stm32f103c6_gpio_driver.o
 .debug_macro   0x0000000000000000       0x8d STM32F103C6_Drivers/stm32f103c6_gpio_driver.o
 .debug_macro   0x0000000000000000       0x57 STM32F103C6_Drivers/stm32f103c6_gpio_driver.o
 .debug_macro   0x0000000000000000       0x52 STM32F103C6_Drivers/stm32f103c6_gpio_driver.o
 .debug_macro   0x0000000000000000       0x1f STM32F103C6_Drivers/stm32f103c6_gpio_driver.o
 .debug_macro   0x0000000000000000       0x43 STM32F103C6_Drivers/stm32f103c6_gpio_driver.o
 .debug_macro   0x0000000000000000       0x20 STM32F103C6_Drivers/stm32f103c6_gpio_driver.o
 .debug_macro   0x0000000000000000      0x1a3 STM32F103C6_Drivers/stm32f103c6_gpio_driver.o
 .debug_macro   0x0000000000000000      0x330 STM32F103C6_Drivers/stm32f103c6_gpio_driver.o
 .debug_macro   0x0000000000000000       0x16 STM32F103C6_Drivers/stm32f103c6_gpio_driver.o
 .debug_macro   0x0000000000000000       0x29 STM32F103C6_Drivers/stm32f103c6_gpio_driver.o
 .debug_macro   0x0000000000000000       0xef STM32F103C6_Drivers/stm32f103c6_gpio_driver.o
 .debug_macro   0x0000000000000000       0x6a STM32F103C6_Drivers/stm32f103c6_gpio_driver.o
 .debug_macro   0x0000000000000000      0x1df STM32F103C6_Drivers/stm32f103c6_gpio_driver.o
 .debug_macro   0x0000000000000000      0x240 STM32F103C6_Drivers/stm32f103c6_gpio_driver.o
 .debug_macro   0x0000000000000000       0xc4 STM32F103C6_Drivers/stm32f103c6_gpio_driver.o
 .group         0x0000000000000000        0xc Src/main.o
 .group         0x0000000000000000        0xc Src/main.o
 .group         0x0000000000000000        0xc Src/main.o
 .group         0x0000000000000000        0xc Src/main.o
 .group         0x0000000000000000        0xc Src/main.o
 .group         0x0000000000000000        0xc Src/main.o
 .group         0x0000000000000000        0xc Src/main.o
 .group         0x0000000000000000        0xc Src/main.o
 .group         0x0000000000000000        0xc Src/main.o
 .group         0x0000000000000000        0xc Src/main.o
 .group         0x0000000000000000        0xc Src/main.o
 .group         0x0000000000000000        0xc Src/main.o
 .group         0x0000000000000000        0xc Src/main.o
 .group         0x0000000000000000        0xc Src/main.o
 .group         0x0000000000000000        0xc Src/main.o
 .group         0x0000000000000000        0xc Src/main.o
 .group         0x0000000000000000        0xc Src/main.o
 .group         0x0000000000000000        0xc Src/main.o
 .group         0x0000000000000000        0xc Src/main.o
 .group         0x0000000000000000        0xc Src/main.o
 .group         0x0000000000000000        0xc Src/main.o
 .group         0x0000000000000000        0xc Src/main.o
 .group         0x0000000000000000        0xc Src/main.o
 .group         0x0000000000000000        0xc Src/main.o
 .group         0x0000000000000000        0xc Src/main.o
 .group         0x0000000000000000        0xc Src/main.o
 .group         0x0000000000000000        0xc Src/main.o
 .text          0x0000000000000000        0x0 Src/main.o
 .data          0x0000000000000000        0x0 Src/main.o
 .bss           0x0000000000000000        0x0 Src/main.o
 .debug_macro   0x0000000000000000      0xa60 Src/main.o
 .debug_macro   0x0000000000000000       0x18 Src/main.o
 .debug_macro   0x0000000000000000       0x22 Src/main.o
 .debug_macro   0x0000000000000000       0x40 Src/main.o
 .debug_macro   0x0000000000000000       0x94 Src/main.o
 .debug_macro   0x0000000000000000       0x3c Src/main.o
 .debug_macro   0x0000000000000000       0x34 Src/main.o
 .debug_macro   0x0000000000000000       0x16 Src/main.o
 .debug_macro   0x0000000000000000      0x10e Src/main.o
 .debug_macro   0x0000000000000000       0x8d Src/main.o
 .debug_macro   0x0000000000000000       0x57 Src/main.o
 .debug_macro   0x0000000000000000       0x52 Src/main.o
 .debug_macro   0x0000000000000000       0x1f Src/main.o
 .debug_macro   0x0000000000000000       0x43 Src/main.o
 .debug_macro   0x0000000000000000       0x20 Src/main.o
 .debug_macro   0x0000000000000000      0x1a3 Src/main.o
 .debug_macro   0x0000000000000000      0x330 Src/main.o
 .debug_macro   0x0000000000000000       0x16 Src/main.o
 .debug_macro   0x0000000000000000       0x29 Src/main.o
 .debug_macro   0x0000000000000000       0xef Src/main.o
 .debug_macro   0x0000000000000000       0x6a Src/main.o
 .debug_macro   0x0000000000000000      0x1df Src/main.o
 .debug_macro   0x0000000000000000      0x240 Src/main.o
 .debug_macro   0x0000000000000000       0xca Src/main.o
 .debug_macro   0x0000000000000000      0x21e Src/main.o
 .debug_macro   0x0000000000000000       0x16 Src/main.o
 .debug_macro   0x0000000000000000       0xe2 Src/main.o
 .group         0x0000000000000000        0xc Src/syscalls.o
 .group         0x0000000000000000        0xc Src/syscalls.o
 .group         0x0000000000000000        0xc Src/syscalls.o
 .group         0x0000000000000000        0xc Src/syscalls.o
 .group         0x0000000000000000        0xc Src/syscalls.o
 .group         0x0000000000000000        0xc Src/syscalls.o
 .group         0x0000000000000000        0xc Src/syscalls.o
 .group         0x0000000000000000        0xc Src/syscalls.o
 .group         0x0000000000000000        0xc Src/syscalls.o
 .group         0x0000000000000000        0xc Src/syscalls.o
 .group         0x0000000000000000        0xc Src/syscalls.o
 .group         0x0000000000000000        0xc Src/syscalls.o
 .group         0x0000000000000000        0xc Src/syscalls.o
 .group         0x0000000000000000        0xc Src/syscalls.o
 .group         0x0000000000000000        0xc Src/syscalls.o
 .group         0x0000000000000000        0xc Src/syscalls.o
 .group         0x0000000000000000        0xc Src/syscalls.o
 .group         0x0000000000000000        0xc Src/syscalls.o
 .group         0x0000000000000000        0xc Src/syscalls.o
 .group         0x0000000000000000        0xc Src/syscalls.o
 .group         0x0000000000000000        0xc Src/syscalls.o
 .group         0x0000000000000000        0xc Src/syscalls.o
 .group         0x0000000000000000        0xc Src/syscalls.o
 .group         0x0000000000000000        0xc Src/syscalls.o
 .group         0x0000000000000000        0xc Src/syscalls.o
 .group         0x0000000000000000        0xc Src/syscalls.o
 .group         0x0000000000000000        0xc Src/syscalls.o
 .group         0x0000000000000000        0xc Src/syscalls.o
 .group         0x0000000000000000        0xc Src/syscalls.o
 .group         0x0000000000000000        0xc Src/syscalls.o
 .group         0x0000000000000000        0xc Src/syscalls.o
 .group         0x0000000000000000        0xc Src/syscalls.o
 .group         0x0000000000000000        0xc Src/syscalls.o
 .group         0x0000000000000000        0xc Src/syscalls.o
 .group         0x0000000000000000        0xc Src/syscalls.o
 .group         0x0000000000000000        0xc Src/syscalls.o
 .group         0x0000000000000000        0xc Src/syscalls.o
 .group         0x0000000000000000        0xc Src/syscalls.o
 .group         0x0000000000000000        0xc Src/syscalls.o
 .group         0x0000000000000000        0xc Src/syscalls.o
 .group         0x0000000000000000        0xc Src/syscalls.o
 .group         0x0000000000000000        0xc Src/syscalls.o
 .group         0x0000000000000000        0xc Src/syscalls.o
 .group         0x0000000000000000        0xc Src/syscalls.o
 .text          0x0000000000000000        0x0 Src/syscalls.o
 .data          0x0000000000000000        0x0 Src/syscalls.o
 .bss           0x0000000000000000        0x0 Src/syscalls.o
 .bss.__env     0x0000000000000000        0x4 Src/syscalls.o
 .data.environ  0x0000000000000000        0x4 Src/syscalls.o
 .text.initialise_monitor_handles
                0x0000000000000000        0xc Src/syscalls.o
 .text._getpid  0x0000000000000000        0xe Src/syscalls.o
 .text._kill    0x0000000000000000       0x20 Src/syscalls.o
 .text._exit    0x0000000000000000       0x14 Src/syscalls.o
 .text._read    0x0000000000000000       0x3a Src/syscalls.o
 .text._write   0x0000000000000000       0x38 Src/syscalls.o
 .text._close   0x0000000000000000       0x16 Src/syscalls.o
 .text._fstat   0x0000000000000000       0x1e Src/syscalls.o
 .text._isatty  0x0000000000000000       0x14 Src/syscalls.o
 .text._lseek   0x0000000000000000       0x18 Src/syscalls.o
 .text._open    0x0000000000000000       0x1a Src/syscalls.o
 .text._wait    0x0000000000000000       0x1e Src/syscalls.o
 .text._unlink  0x0000000000000000       0x1e Src/syscalls.o
 .text._times   0x0000000000000000       0x16 Src/syscalls.o
 .text._stat    0x0000000000000000       0x1e Src/syscalls.o
 .text._link    0x0000000000000000       0x20 Src/syscalls.o
 .text._fork    0x0000000000000000       0x16 Src/syscalls.o
 .text._execve  0x0000000000000000       0x22 Src/syscalls.o
 .debug_info    0x0000000000000000     0x1038 Src/syscalls.o
 .debug_abbrev  0x0000000000000000      0x254 Src/syscalls.o
 .debug_loc     0x0000000000000000      0x5b8 Src/syscalls.o
 .debug_aranges
                0x0000000000000000       0xa8 Src/syscalls.o
 .debug_ranges  0x0000000000000000       0x98 Src/syscalls.o
 .debug_macro   0x0000000000000000      0x243 Src/syscalls.o
 .debug_macro   0x0000000000000000      0xa60 Src/syscalls.o
 .debug_macro   0x0000000000000000       0x22 Src/syscalls.o
 .debug_macro   0x0000000000000000       0x40 Src/syscalls.o
 .debug_macro   0x0000000000000000       0x18 Src/syscalls.o
 .debug_macro   0x0000000000000000       0x94 Src/syscalls.o
 .debug_macro   0x0000000000000000       0x3c Src/syscalls.o
 .debug_macro   0x0000000000000000       0x34 Src/syscalls.o
 .debug_macro   0x0000000000000000       0x57 Src/syscalls.o
 .debug_macro   0x0000000000000000      0x174 Src/syscalls.o
 .debug_macro   0x0000000000000000      0x330 Src/syscalls.o
 .debug_macro   0x0000000000000000       0x52 Src/syscalls.o
 .debug_macro   0x0000000000000000       0x1f Src/syscalls.o
 .debug_macro   0x0000000000000000       0x43 Src/syscalls.o
 .debug_macro   0x0000000000000000       0x20 Src/syscalls.o
 .debug_macro   0x0000000000000000      0x1a3 Src/syscalls.o
 .debug_macro   0x0000000000000000       0x10 Src/syscalls.o
 .debug_macro   0x0000000000000000       0x35 Src/syscalls.o
 .debug_macro   0x0000000000000000       0x10 Src/syscalls.o
 .debug_macro   0x0000000000000000       0x10 Src/syscalls.o
 .debug_macro   0x0000000000000000       0x10 Src/syscalls.o
 .debug_macro   0x0000000000000000       0x6a Src/syscalls.o
 .debug_macro   0x0000000000000000       0x1c Src/syscalls.o
 .debug_macro   0x0000000000000000       0x52 Src/syscalls.o
 .debug_macro   0x0000000000000000       0x40 Src/syscalls.o
 .debug_macro   0x0000000000000000       0x10 Src/syscalls.o
 .debug_macro   0x0000000000000000       0x40 Src/syscalls.o
 .debug_macro   0x0000000000000000       0xd7 Src/syscalls.o
 .debug_macro   0x0000000000000000       0x1c Src/syscalls.o
 .debug_macro   0x0000000000000000       0x3d Src/syscalls.o
 .debug_macro   0x0000000000000000       0x35 Src/syscalls.o
 .debug_macro   0x0000000000000000      0x122 Src/syscalls.o
 .debug_macro   0x0000000000000000       0x16 Src/syscalls.o
 .debug_macro   0x0000000000000000       0x16 Src/syscalls.o
 .debug_macro   0x0000000000000000       0x29 Src/syscalls.o
 .debug_macro   0x0000000000000000       0x10 Src/syscalls.o
 .debug_macro   0x0000000000000000      0x241 Src/syscalls.o
 .debug_macro   0x0000000000000000       0x1c Src/syscalls.o
 .debug_macro   0x0000000000000000       0x10 Src/syscalls.o
 .debug_macro   0x0000000000000000       0x10 Src/syscalls.o
 .debug_macro   0x0000000000000000       0x16 Src/syscalls.o
 .debug_macro   0x0000000000000000      0x145 Src/syscalls.o
 .debug_macro   0x0000000000000000      0x189 Src/syscalls.o
 .debug_macro   0x0000000000000000       0x16 Src/syscalls.o
 .debug_macro   0x0000000000000000       0x88 Src/syscalls.o
 .debug_line    0x0000000000000000      0x739 Src/syscalls.o
 .debug_str     0x0000000000000000     0x8864 Src/syscalls.o
 .comment       0x0000000000000000       0x7c Src/syscalls.o
 .debug_frame   0x0000000000000000      0x2ac Src/syscalls.o
 .ARM.attributes
                0x0000000000000000       0x33 Src/syscalls.o
 .group         0x0000000000000000        0xc Src/sysmem.o
 .group         0x0000000000000000        0xc Src/sysmem.o
 .group         0x0000000000000000        0xc Src/sysmem.o
 .group         0x0000000000000000        0xc Src/sysmem.o
 .group         0x0000000000000000        0xc Src/sysmem.o
 .group         0x0000000000000000        0xc Src/sysmem.o
 .group         0x0000000000000000        0xc Src/sysmem.o
 .group         0x0000000000000000        0xc Src/sysmem.o
 .group         0x0000000000000000        0xc Src/sysmem.o
 .group         0x0000000000000000        0xc Src/sysmem.o
 .group         0x0000000000000000        0xc Src/sysmem.o
 .group         0x0000000000000000        0xc Src/sysmem.o
 .group         0x0000000000000000        0xc Src/sysmem.o
 .group         0x0000000000000000        0xc Src/sysmem.o
 .group         0x0000000000000000        0xc Src/sysmem.o
 .group         0x0000000000000000        0xc Src/sysmem.o
 .group         0x0000000000000000        0xc Src/sysmem.o
 .group         0x0000000000000000        0xc Src/sysmem.o
 .group         0x0000000000000000        0xc Src/sysmem.o
 .text          0x0000000000000000        0x0 Src/sysmem.o
 .data          0x0000000000000000        0x0 Src/sysmem.o
 .bss           0x0000000000000000        0x0 Src/sysmem.o
 .bss.__sbrk_heap_end
                0x0000000000000000        0x4 Src/sysmem.o
 .text._sbrk    0x0000000000000000       0x6c Src/sysmem.o
 .debug_info    0x0000000000000000      0xa7c Src/sysmem.o
 .debug_abbrev  0x0000000000000000      0x18e Src/sysmem.o
 .debug_loc     0x0000000000000000       0x50 Src/sysmem.o
 .debug_aranges
                0x0000000000000000       0x20 Src/sysmem.o
 .debug_ranges  0x0000000000000000       0x10 Src/sysmem.o
 .debug_macro   0x0000000000000000       0xee Src/sysmem.o
 .debug_macro   0x0000000000000000      0xa60 Src/sysmem.o
 .debug_macro   0x0000000000000000       0x10 Src/sysmem.o
 .debug_macro   0x0000000000000000       0x22 Src/sysmem.o
 .debug_macro   0x0000000000000000       0x40 Src/sysmem.o
 .debug_macro   0x0000000000000000       0x18 Src/sysmem.o
 .debug_macro   0x0000000000000000       0x94 Src/sysmem.o
 .debug_macro   0x0000000000000000       0x3c Src/sysmem.o
 .debug_macro   0x0000000000000000       0x34 Src/sysmem.o
 .debug_macro   0x0000000000000000      0x174 Src/sysmem.o
 .debug_macro   0x0000000000000000       0x57 Src/sysmem.o
 .debug_macro   0x0000000000000000       0x52 Src/sysmem.o
 .debug_macro   0x0000000000000000       0x1f Src/sysmem.o
 .debug_macro   0x0000000000000000       0x43 Src/sysmem.o
 .debug_macro   0x0000000000000000       0x20 Src/sysmem.o
 .debug_macro   0x0000000000000000      0x1a3 Src/sysmem.o
 .debug_macro   0x0000000000000000      0x23b Src/sysmem.o
 .debug_macro   0x0000000000000000       0xef Src/sysmem.o
 .debug_macro   0x0000000000000000       0x6a Src/sysmem.o
 .debug_macro   0x0000000000000000      0x1df Src/sysmem.o
 .debug_line    0x0000000000000000      0x4c2 Src/sysmem.o
 .debug_str     0x0000000000000000     0x5f32 Src/sysmem.o
 .comment       0x0000000000000000       0x7c Src/sysmem.o
 .debug_frame   0x0000000000000000       0x34 Src/sysmem.o
 .ARM.attributes
                0x0000000000000000       0x33 Src/sysmem.o
 .text          0x0000000000000000       0x14 Startup/startup_stm32f103c6tx.o
 .data          0x0000000000000000        0x0 Startup/startup_stm32f103c6tx.o
 .bss           0x0000000000000000        0x0 Startup/startup_stm32f103c6tx.o
 .text          0x0000000000000000        0x0 c:/st/stm32cubeide_1.4.0/stm32cubeide/plugins/com.st.stm32cube.ide.mcu.externaltools.gnu-tools-for-stm32.7-2018-q2-update.win32_1.4.0.202007081208/tools/bin/../lib/gcc/arm-none-eabi/7.3.1/../../../../arm-none-eabi/lib/thumb/v7-m\libc_nano.a(lib_a-errno.o)
 .data          0x0000000000000000        0x0 c:/st/stm32cubeide_1.4.0/stm32cubeide/plugins/com.st.stm32cube.ide.mcu.externaltools.gnu-tools-for-stm32.7-2018-q2-update.win32_1.4.0.202007081208/tools/bin/../lib/gcc/arm-none-eabi/7.3.1/../../../../arm-none-eabi/lib/thumb/v7-m\libc_nano.a(lib_a-errno.o)
 .bss           0x0000000000000000        0x0 c:/st/stm32cubeide_1.4.0/stm32cubeide/plugins/com.st.stm32cube.ide.mcu.externaltools.gnu-tools-for-stm32.7-2018-q2-update.win32_1.4.0.202007081208/tools/bin/../lib/gcc/arm-none-eabi/7.3.1/../../../../arm-none-eabi/lib/thumb/v7-m\libc_nano.a(lib_a-errno.o)
 .text.__errno  0x0000000000000000        0xc c:/st/stm32cubeide_1.4.0/stm32cubeide/plugins/com.st.stm32cube.ide.mcu.externaltools.gnu-tools-for-stm32.7-2018-q2-update.win32_1.4.0.202007081208/tools/bin/../lib/gcc/arm-none-eabi/7.3.1/../../../../arm-none-eabi/lib/thumb/v7-m\libc_nano.a(lib_a-errno.o)
 .debug_frame   0x0000000000000000       0x20 c:/st/stm32cubeide_1.4.0/stm32cubeide/plugins/com.st.stm32cube.ide.mcu.externaltools.gnu-tools-for-stm32.7-2018-q2-update.win32_1.4.0.202007081208/tools/bin/../lib/gcc/arm-none-eabi/7.3.1/../../../../arm-none-eabi/lib/thumb/v7-m\libc_nano.a(lib_a-errno.o)
 .ARM.attributes
                0x0000000000000000       0x2d c:/st/stm32cubeide_1.4.0/stm32cubeide/plugins/com.st.stm32cube.ide.mcu.externaltools.gnu-tools-for-stm32.7-2018-q2-update.win32_1.4.0.202007081208/tools/bin/../lib/gcc/arm-none-eabi/7.3.1/../../../../arm-none-eabi/lib/thumb/v7-m\libc_nano.a(lib_a-errno.o)
 .text          0x0000000000000000        0x0 c:/st/stm32cubeide_1.4.0/stm32cubeide/plugins/com.st.stm32cube.ide.mcu.externaltools.gnu-tools-for-stm32.7-2018-q2-update.win32_1.4.0.202007081208/tools/bin/../lib/gcc/arm-none-eabi/7.3.1/../../../../arm-none-eabi/lib/thumb/v7-m\libc_nano.a(lib_a-exit.o)
 .data          0x0000000000000000        0x0 c:/st/stm32cubeide_1.4.0/stm32cubeide/plugins/com.st.stm32cube.ide.mcu.externaltools.gnu-tools-for-stm32.7-2018-q2-update.win32_1.4.0.202007081208/tools/bin/../lib/gcc/arm-none-eabi/7.3.1/../../../../arm-none-eabi/lib/thumb/v7-m\libc_nano.a(lib_a-exit.o)
 .bss           0x0000000000000000        0x0 c:/st/stm32cubeide_1.4.0/stm32cubeide/plugins/com.st.stm32cube.ide.mcu.externaltools.gnu-tools-for-stm32.7-2018-q2-update.win32_1.4.0.202007081208/tools/bin/../lib/gcc/arm-none-eabi/7.3.1/../../../../arm-none-eabi/lib/thumb/v7-m\libc_nano.a(lib_a-exit.o)
 .text.exit     0x0000000000000000       0x28 c:/st/stm32cubeide_1.4.0/stm32cubeide/plugins/com.st.stm32cube.ide.mcu.externaltools.gnu-tools-for-stm32.7-2018-q2-update.win32_1.4.0.202007081208/tools/bin/../lib/gcc/arm-none-eabi/7.3.1/../../../../arm-none-eabi/lib/thumb/v7-m\libc_nano.a(lib_a-exit.o)
 .debug_frame   0x0000000000000000       0x28 c:/st/stm32cubeide_1.4.0/stm32cubeide/plugins/com.st.stm32cube.ide.mcu.externaltools.gnu-tools-for-stm32.7-2018-q2-update.win32_1.4.0.202007081208/tools/bin/../lib/gcc/arm-none-eabi/7.3.1/../../../../arm-none-eabi/lib/thumb/v7-m\libc_nano.a(lib_a-exit.o)
 .ARM.attributes
                0x0000000000000000       0x2d c:/st/stm32cubeide_1.4.0/stm32cubeide/plugins/com.st.stm32cube.ide.mcu.externaltools.gnu-tools-for-stm32.7-2018-q2-update.win32_1.4.0.202007081208/tools/bin/../lib/gcc/arm-none-eabi/7.3.1/../../../../arm-none-eabi/lib/thumb/v7-m\libc_nano.a(lib_a-exit.o)
 .text          0x0000000000000000        0x0 c:/st/stm32cubeide_1.4.0/stm32cubeide/plugins/com.st.stm32cube.ide.mcu.externaltools.gnu-tools-for-stm32.7-2018-q2-update.win32_1.4.0.202007081208/tools/bin/../lib/gcc/arm-none-eabi/7.3.1/../../../../arm-none-eabi/lib/thumb/v7-m\libc_nano.a(lib_a-impure.o)
 .data          0x0000000000000000        0x0 c:/st/stm32cubeide_1.4.0/stm32cubeide/plugins/com.st.stm32cube.ide.mcu.externaltools.gnu-tools-for-stm32.7-2018-q2-update.win32_1.4.0.202007081208/tools/bin/../lib/gcc/arm-none-eabi/7.3.1/../../../../arm-none-eabi/lib/thumb/v7-m\libc_nano.a(lib_a-impure.o)
 .bss           0x0000000000000000        0x0 c:/st/stm32cubeide_1.4.0/stm32cubeide/plugins/com.st.stm32cube.ide.mcu.externaltools.gnu-tools-for-stm32.7-2018-q2-update.win32_1.4.0.202007081208/tools/bin/../lib/gcc/arm-none-eabi/7.3.1/../../../../arm-none-eabi/lib/thumb/v7-m\libc_nano.a(lib_a-impure.o)
 .data._impure_ptr
                0x0000000000000000        0x4 c:/st/stm32cubeide_1.4.0/stm32cubeide/plugins/com.st.stm32cube.ide.mcu.externaltools.gnu-tools-for-stm32.7-2018-q2-update.win32_1.4.0.202007081208/tools/bin/../lib/gcc/arm-none-eabi/7.3.1/../../../../arm-none-eabi/lib/thumb/v7-m\libc_nano.a(lib_a-impure.o)
 .data.impure_data
                0x0000000000000000       0x60 c:/st/stm32cubeide_1.4.0/stm32cubeide/plugins/com.st.stm32cube.ide.mcu.externaltools.gnu-tools-for-stm32.7-2018-q2-update.win32_1.4.0.202007081208/tools/bin/../lib/gcc/arm-none-eabi/7.3.1/../../../../arm-none-eabi/lib/thumb/v7-m\libc_nano.a(lib_a-impure.o)
 .rodata._global_impure_ptr
                0x0000000000000000        0x4 c:/st/stm32cubeide_1.4.0/stm32cubeide/plugins/com.st.stm32cube.ide.mcu.externaltools.gnu-tools-for-stm32.7-2018-q2-update.win32_1.4.0.202007081208/tools/bin/../lib/gcc/arm-none-eabi/7.3.1/../../../../arm-none-eabi/lib/thumb/v7-m\libc_nano.a(lib_a-impure.o)
 .ARM.attributes
                0x0000000000000000       0x2d c:/st/stm32cubeide_1.4.0/stm32cubeide/plugins/com.st.stm32cube.ide.mcu.externaltools.gnu-tools-for-stm32.7-2018-q2-update.win32_1.4.0.202007081208/tools/bin/../lib/gcc/arm-none-eabi/7.3.1/../../../../arm-none-eabi/lib/thumb/v7-m\libc_nano.a(lib_a-impure.o)
 .text          0x0000000000000000        0x0 c:/st/stm32cubeide_1.4.0/stm32cubeide/plugins/com.st.stm32cube.ide.mcu.externaltools.gnu-tools-for-stm32.7-2018-q2-update.win32_1.4.0.202007081208/tools/bin/../lib/gcc/arm-none-eabi/7.3.1/../../../../arm-none-eabi/lib/thumb/v7-m\libc_nano.a(lib_a-init.o)
 .data          0x0000000000000000        0x0 c:/st/stm32cubeide_1.4.0/stm32cubeide/plugins/com.st.stm32cube.ide.mcu.externaltools.gnu-tools-for-stm32.7-2018-q2-update.win32_1.4.0.202007081208/tools/bin/../lib/gcc/arm-none-eabi/7.3.1/../../../../arm-none-eabi/lib/thumb/v7-m\libc_nano.a(lib_a-init.o)
 .bss           0x0000000000000000        0x0 c:/st/stm32cubeide_1.4.0/stm32cubeide/plugins/com.st.stm32cube.ide.mcu.externaltools.gnu-tools-for-stm32.7-2018-q2-update.win32_1.4.0.202007081208/tools/bin/../lib/gcc/arm-none-eabi/7.3.1/../../../../arm-none-eabi/lib/thumb/v7-m\libc_nano.a(lib_a-init.o)
 .text          0x0000000000000000        0x0 c:/st/stm32cubeide_1.4.0/stm32cubeide/plugins/com.st.stm32cube.ide.mcu.externaltools.gnu-tools-for-stm32.7-2018-q2-update.win32_1.4.0.202007081208/tools/bin/../lib/gcc/arm-none-eabi/7.3.1/../../../../arm-none-eabi/lib/thumb/v7-m\libc_nano.a(lib_a-memset.o)
 .data          0x0000000000000000        0x0 c:/st/stm32cubeide_1.4.0/stm32cubeide/plugins/com.st.stm32cube.ide.mcu.externaltools.gnu-tools-for-stm32.7-2018-q2-update.win32_1.4.0.202007081208/tools/bin/../lib/gcc/arm-none-eabi/7.3.1/../../../../arm-none-eabi/lib/thumb/v7-m\libc_nano.a(lib_a-memset.o)
 .bss           0x0000000000000000        0x0 c:/st/stm32cubeide_1.4.0/stm32cubeide/plugins/com.st.stm32cube.ide.mcu.externaltools.gnu-tools-for-stm32.7-2018-q2-update.win32_1.4.0.202007081208/tools/bin/../lib/gcc/arm-none-eabi/7.3.1/../../../../arm-none-eabi/lib/thumb/v7-m\libc_nano.a(lib_a-memset.o)
 .text.memset   0x0000000000000000       0x10 c:/st/stm32cubeide_1.4.0/stm32cubeide/plugins/com.st.stm32cube.ide.mcu.externaltools.gnu-tools-for-stm32.7-2018-q2-update.win32_1.4.0.202007081208/tools/bin/../lib/gcc/arm-none-eabi/7.3.1/../../../../arm-none-eabi/lib/thumb/v7-m\libc_nano.a(lib_a-memset.o)
 .debug_frame   0x0000000000000000       0x20 c:/st/stm32cubeide_1.4.0/stm32cubeide/plugins/com.st.stm32cube.ide.mcu.externaltools.gnu-tools-for-stm32.7-2018-q2-update.win32_1.4.0.202007081208/tools/bin/../lib/gcc/arm-none-eabi/7.3.1/../../../../arm-none-eabi/lib/thumb/v7-m\libc_nano.a(lib_a-memset.o)
 .ARM.attributes
                0x0000000000000000       0x2d c:/st/stm32cubeide_1.4.0/stm32cubeide/plugins/com.st.stm32cube.ide.mcu.externaltools.gnu-tools-for-stm32.7-2018-q2-update.win32_1.4.0.202007081208/tools/bin/../lib/gcc/arm-none-eabi/7.3.1/../../../../arm-none-eabi/lib/thumb/v7-m\libc_nano.a(lib_a-memset.o)
 .text          0x0000000000000000        0x0 c:/st/stm32cubeide_1.4.0/stm32cubeide/plugins/com.st.stm32cube.ide.mcu.externaltools.gnu-tools-for-stm32.7-2018-q2-update.win32_1.4.0.202007081208/tools/bin/../lib/gcc/arm-none-eabi/7.3.1/thumb/v7-m/crtend.o
 .data          0x0000000000000000        0x0 c:/st/stm32cubeide_1.4.0/stm32cubeide/plugins/com.st.stm32cube.ide.mcu.externaltools.gnu-tools-for-stm32.7-2018-q2-update.win32_1.4.0.202007081208/tools/bin/../lib/gcc/arm-none-eabi/7.3.1/thumb/v7-m/crtend.o
 .bss           0x0000000000000000        0x0 c:/st/stm32cubeide_1.4.0/stm32cubeide/plugins/com.st.stm32cube.ide.mcu.externaltools.gnu-tools-for-stm32.7-2018-q2-update.win32_1.4.0.202007081208/tools/bin/../lib/gcc/arm-none-eabi/7.3.1/thumb/v7-m/crtend.o
 .eh_frame      0x0000000000000000        0x4 c:/st/stm32cubeide_1.4.0/stm32cubeide/plugins/com.st.stm32cube.ide.mcu.externaltools.gnu-tools-for-stm32.7-2018-q2-update.win32_1.4.0.202007081208/tools/bin/../lib/gcc/arm-none-eabi/7.3.1/thumb/v7-m/crtend.o
 .ARM.attributes
                0x0000000000000000       0x2d c:/st/stm32cubeide_1.4.0/stm32cubeide/plugins/com.st.stm32cube.ide.mcu.externaltools.gnu-tools-for-stm32.7-2018-q2-update.win32_1.4.0.202007081208/tools/bin/../lib/gcc/arm-none-eabi/7.3.1/thumb/v7-m/crtend.o
 .text          0x0000000000000000        0x0 c:/st/stm32cubeide_1.4.0/stm32cubeide/plugins/com.st.stm32cube.ide.mcu.externaltools.gnu-tools-for-stm32.7-2018-q2-update.win32_1.4.0.202007081208/tools/bin/../lib/gcc/arm-none-eabi/7.3.1/thumb/v7-m/crtn.o
 .data          0x0000000000000000        0x0 c:/st/stm32cubeide_1.4.0/stm32cubeide/plugins/com.st.stm32cube.ide.mcu.externaltools.gnu-tools-for-stm32.7-2018-q2-update.win32_1.4.0.202007081208/tools/bin/../lib/gcc/arm-none-eabi/7.3.1/thumb/v7-m/crtn.o
 .bss           0x0000000000000000        0x0 c:/st/stm32cubeide_1.4.0/stm32cubeide/plugins/com.st.stm32cube.ide.mcu.externaltools.gnu-tools-for-stm32.7-2018-q2-update.win32_1.4.0.202007081208/tools/bin/../lib/gcc/arm-none-eabi/7.3.1/thumb/v7-m/crtn.o

Memory Configuration

Name             Origin             Length             Attributes
RAM              0x0000000020000000 0x0000000000002800 xrw
ROM              0x0000000008000000 0x0000000000008000 xr
*default*        0x0000000000000000 0xffffffffffffffff

Linker script and memory map

LOAD c:/st/stm32cubeide_1.4.0/stm32cubeide/plugins/com.st.stm32cube.ide.mcu.externaltools.gnu-tools-for-stm32.7-2018-q2-update.win32_1.4.0.202007081208/tools/bin/../lib/gcc/arm-none-eabi/7.3.1/thumb/v7-m/crti.o
LOAD c:/st/stm32cubeide_1.4.0/stm32cubeide/plugins/com.st.stm32cube.ide.mcu.externaltools.gnu-tools-for-stm32.7-2018-q2-update.win32_1.4.0.202007081208/tools/bin/../lib/gcc/arm-none-eabi/7.3.1/thumb/v7-m/crtbegin.o
LOAD c:/st/stm32cubeide_1.4.0/stm32cubeide/plugins/com.st.stm32cube.ide.mcu.externaltools.gnu-tools-for-stm32.7-2018-q2-update.win32_1.4.0.202007081208/tools/bin/../lib/gcc/arm-none-eabi/7.3.1/../../../../arm-none-eabi/lib/thumb/v7-m/crt0.o
LOAD STM32F103C6_Drivers/Keypad_Driver/Keypad.o
LOAD STM32F103C6_Drivers/LCD_Driver/LCD.o
LOAD STM32F103C6_Drivers/stm32f103c6_EXTI_driver.o
LOAD STM32F103C6_Drivers/stm32f103c6_RCC_driver.o
LOAD STM32F103C6_Drivers/stm32f103c6_USART_driver.o
LOAD STM32F103C6_Drivers/stm32f103c6_gpio_driver.o
LOAD Src/main.o
LOAD Src/syscalls.o
LOAD Src/sysmem.o
LOAD Startup/startup_stm32f103c6tx.o
START GROUP
LOAD c:/st/stm32cubeide_1.4.0/stm32cubeide/plugins/com.st.stm32cube.ide.mcu.externaltools.gnu-tools-for-stm32.7-2018-q2-update.win32_1.4.0.202007081208/tools/bin/../lib/gcc/arm-none-eabi/7.3.1/../../../../arm-none-eabi/lib/thumb/v7-m\libc_nano.a
LOAD c:/st/stm32cubeide_1.4.0/stm32cubeide/plugins/com.st.stm32cube.ide.mcu.externaltools.gnu-tools-for-stm32.7-2018-q2-update.win32_1.4.0.202007081208/tools/bin/../lib/gcc/arm-none-eabi/7.3.1/../../../../arm-none-eabi/lib/thumb/v7-m\libm.a
END GROUP
START GROUP
LOAD c:/st/stm32cubeide_1.4.0/stm32cubeide/plugins/com.st.stm32cube.ide.mcu.externaltools.gnu-tools-for-stm32.7-2018-q2-update.win32_1.4.0.202007081208/tools/bin/../lib/gcc/arm-none-eabi/7.3.1/thumb/v7-m\libgcc.a
LOAD c:/st/stm32cubeide_1.4.0/stm32cubeide/plugins/com.st.stm32cube.ide.mcu.externaltools.gnu-tools-for-stm32.7-2018-q2-update.win32_1.4.0.202007081208/tools/bin/../lib/gcc/arm-none-eabi/7.3.1/../../../../arm-none-eabi/lib/thumb/v7-m\libg_nano.a
LOAD c:/st/stm32cubeide_1.4.0/stm32cubeide/plugins/com.st.stm32cube.ide.mcu.externaltools.gnu-tools-for-stm32.7-2018-q2-update.win32_1.4.0.202007081208/tools/bin/../lib/gcc/arm-none-eabi/7.3.1/../../../../arm-none-eabi/lib/thumb/v7-m\libc_nano.a
END GROUP
START GROUP
LOAD c:/st/stm32cubeide_1.4.0/stm32cubeide/plugins/com.st.stm32cube.ide.mcu.externaltools.gnu-tools-for-stm32.7-2018-q2-update.win32_1.4.0.202007081208/tools/bin/../lib/gcc/arm-none-eabi/7.3.1/thumb/v7-m\libgcc.a
LOAD c:/st/stm32cubeide_1.4.0/stm32cubeide/plugins/com.st.stm32cube.ide.mcu.externaltools.gnu-tools-for-stm32.7-2018-q2-update.win32_1.4.0.202007081208/tools/bin/../lib/gcc/arm-none-eabi/7.3.1/../../../../arm-none-eabi/lib/thumb/v7-m\libc_nano.a
LOAD c:/st/stm32cubeide_1.4.0/stm32cubeide/plugins/com.st.stm32cube.ide.mcu.externaltools.gnu-tools-for-stm32.7-2018-q2-update.win32_1.4.0.202007081208/tools/bin/../lib/gcc/arm-none-eabi/7.3.1/../../../../arm-none-eabi/lib/thumb/v7-m\libnosys.a
END GROUP
START GROUP
LOAD c:/st/stm32cubeide_1.4.0/stm32cubeide/plugins/com.st.stm32cube.ide.mcu.externaltools.gnu-tools-for-stm32.7-2018-q2-update.win32_1.4.0.202007081208/tools/bin/../lib/gcc/arm-none-eabi/7.3.1/thumb/v7-m\libgcc.a
LOAD c:/st/stm32cubeide_1.4.0/stm32cubeide/plugins/com.st.stm32cube.ide.mcu.externaltools.gnu-tools-for-stm32.7-2018-q2-update.win32_1.4.0.202007081208/tools/bin/../lib/gcc/arm-none-eabi/7.3.1/../../../../arm-none-eabi/lib/thumb/v7-m\libc_nano.a
LOAD c:/st/stm32cubeide_1.4.0/stm32cubeide/plugins/com.st.stm32cube.ide.mcu.externaltools.gnu-tools-for-stm32.7-2018-q2-update.win32_1.4.0.202007081208/tools/bin/../lib/gcc/arm-none-eabi/7.3.1/../../../../arm-none-eabi/lib/thumb/v7-m\libnosys.a
END GROUP
LOAD c:/st/stm32cubeide_1.4.0/stm32cubeide/plugins/com.st.stm32cube.ide.mcu.externaltools.gnu-tools-for-stm32.7-2018-q2-update.win32_1.4.0.202007081208/tools/bin/../lib/gcc/arm-none-eabi/7.3.1/thumb/v7-m/crtend.o
LOAD c:/st/stm32cubeide_1.4.0/stm32cubeide/plugins/com.st.stm32cube.ide.mcu.externaltools.gnu-tools-for-stm32.7-2018-q2-update.win32_1.4.0.202007081208/tools/bin/../lib/gcc/arm-none-eabi/7.3.1/thumb/v7-m/crtn.o
                0x0000000020002800                _estack = (ORIGIN (RAM) + LENGTH (RAM))
                0x0000000000000200                _Min_Heap_Size = 0x200
                0x0000000000000400                _Min_Stack_Size = 0x400

.isr_vector     0x0000000008000000      0x130
                0x0000000008000000                . = ALIGN (0x4)
 *(.isr_vector)
 .isr_vector    0x0000000008000000      0x130 Startup/startup_stm32f103c6tx.o
                0x0000000008000000                g_pfnVectors
                0x0000000008000130                . = ALIGN (0x4)

.text           0x0000000008000130      0x930
                0x0000000008000130                . = ALIGN (0x4)
 *(.text)
 .text          0x0000000008000130       0x40 c:/st/stm32cubeide_1.4.0/stm32cubeide/plugins/com.st.stm32cube.ide.mcu.externaltools.gnu-tools-for-stm32.7-2018-q2-update.win32_1.4.0.202007081208/tools/bin/../lib/gcc/arm-none-eabi/7.3.1/thumb/v7-m/crtbegin.o
 *(.text*)
 .text.EXTI0_IRQHandler
                0x0000000008000170       0x24 STM32F103C6_Drivers/stm32f103c6_EXTI_driver.o
                0x0000000008000170                EXTI0_IRQHandler
 .text.EXTI1_IRQHandler
                0x0000000008000194       0x24 STM32F103C6_Drivers/stm32f103c6_EXTI_driver.o
                0x0000000008000194                EXTI1_IRQHandler
 .text.EXTI2_IRQHandler
                0x00000000080001b8       0x24 STM32F103C6_Drivers/stm32f103c6_EXTI_driver.o
                0x00000000080001b8                EXTI2_IRQHandler
 .text.EXTI3_IRQHandler
                0x00000000080001dc       0x24 STM32F103C6_Drivers/stm32f103c6_EXTI_driver.o
                0x00000000080001dc                EXTI3_IRQHandler
 .text.EXTI4_IRQHandler
                0x0000000008000200       0x24 STM32F103C6_Drivers/stm32f103c6_EXTI_driver.o
                0x0000000008000200                EXTI4_IRQHandler
 .text.EXTI9_5_IRQHandler
                0x0000000008000224       0xa8 STM32F103C6_Drivers/stm32f103c6_EXTI_driver.o
                0x0000000008000224                EXTI9_5_IRQHandler
 .text.EXTI15_10_IRQHandler
                0x00000000080002cc       0xc4 STM32F103C6_Drivers/stm32f103c6_EXTI_driver.o
                0x00000000080002cc                EXTI15_10_IRQHandler
 .text.MCAL_RCC_GetSYSCLKFreq
                0x0000000008000390       0x38 STM32F103C6_Drivers/stm32f103c6_RCC_driver.o
                0x0000000008000390                MCAL_RCC_GetSYSCLKFreq
 .text.MCAL_RCC_GetHCLKFreq
                0x00000000080003c8       0x28 STM32F103C6_Drivers/stm32f103c6_RCC_driver.o
                0x00000000080003c8                MCAL_RCC_GetHCLKFreq
 .text.MCAL_RCC_GetPCLK1Freq
                0x00000000080003f0       0x28 STM32F103C6_Drivers/stm32f103c6_RCC_driver.o
                0x00000000080003f0                MCAL_RCC_GetPCLK1Freq
 .text.MCAL_RCC_GetPCLK2Freq
                0x0000000008000418       0x28 STM32F103C6_Drivers/stm32f103c6_RCC_driver.o
                0x0000000008000418                MCAL_RCC_GetPCLK2Freq
 .text.MCAL_USART_Init
                0x0000000008000440      0x184 STM32F103C6_Drivers/stm32f103c6_USART_driver.o
                0x0000000008000440                MCAL_USART_Init
 .text.MCAL_USART_SendData
                0x00000000080005c4       0x36 STM32F103C6_Drivers/stm32f103c6_USART_driver.o
                0x00000000080005c4                MCAL_USART_SendData
 *fill*         0x00000000080005fa        0x2 
 .text.MCAL_USART_ReceiveData
                0x00000000080005fc       0x58 STM32F103C6_Drivers/stm32f103c6_USART_driver.o
                0x00000000080005fc                MCAL_USART_ReceiveData
 .text.MCAL_USART_GPIO_Set_Pins
                0x0000000008000654       0xc8 STM32F103C6_Drivers/stm32f103c6_USART_driver.o
                0x0000000008000654                MCAL_USART_GPIO_Set_Pins
 .text.USART1_IRQHandler
                0x000000000800071c       0x14 STM32F103C6_Drivers/stm32f103c6_USART_driver.o
                0x000000000800071c                USART1_IRQHandler
 .text.USART2_IRQHandler
                0x0000000008000730       0x14 STM32F103C6_Drivers/stm32f103c6_USART_driver.o
                0x0000000008000730                USART2_IRQHandler
 .text.USART3_IRQHandler
                0x0000000008000744       0x14 STM32F103C6_Drivers/stm32f103c6_USART_driver.o
                0x0000000008000744                USART3_IRQHandler
 .text.Get_CRLH_Postion
                0x0000000008000758       0xc6 STM32F103C6_Drivers/stm32f103c6_gpio_driver.o
                0x0000000008000758                Get_CRLH_Postion
 .text.MCAL_GPIO_Init
                0x000000000800081e       0xfe STM32F103C6_Drivers/stm32f103c6_gpio_driver.o
                0x000000000800081e                MCAL_GPIO_Init
 .text.clock_init
                0x000000000800091c       0x34 Src/main.o
                0x000000000800091c                clock_init
 .text.main     0x0000000008000950       0x5c Src/main.o
                0x0000000008000950                main
 .text.Reset_Handler
                0x00000000080009ac       0x50 Startup/startup_stm32f103c6tx.o
                0x00000000080009ac                Reset_Handler
 .text.Default_Handler
                0x00000000080009fc        0x2 Startup/startup_stm32f103c6tx.o
                0x00000000080009fc                TIM8_TRG_COM_IRQHandler
                0x00000000080009fc                TIM8_CC_IRQHandler
                0x00000000080009fc                DebugMon_Handler
                0x00000000080009fc                TIM1_CC_IRQHandler
                0x00000000080009fc                HardFault_Handler
                0x00000000080009fc                TIM6_IRQHandler
                0x00000000080009fc                SysTick_Handler
                0x00000000080009fc                PVD_IRQHandler
                0x00000000080009fc                SDIO_IRQHandler
                0x00000000080009fc                PendSV_Handler
                0x00000000080009fc                NMI_Handler
                0x00000000080009fc                USB_HP_CAN_TX_IRQHandler
                0x00000000080009fc                I2C2_EV_IRQHandler
                0x00000000080009fc                UsageFault_Handler
                0x00000000080009fc                ADC1_2_IRQHandler
                0x00000000080009fc                SPI1_IRQHandler
                0x00000000080009fc                CAN_SCE_IRQHandler
                0x00000000080009fc                TAMPER_IRQHandler
                0x00000000080009fc                TIM8_UP_IRQHandler
                0x00000000080009fc                DMA2_Channel2_IRQHandler
                0x00000000080009fc                DMA1_Channel4_IRQHandler
                0x00000000080009fc                RTC_IRQHandler
                0x00000000080009fc                DMA1_Channel7_IRQHandler
                0x00000000080009fc                UART5_IRQHandler
                0x00000000080009fc                ADC3_IRQHandler
                0x00000000080009fc                TIM4_IRQHandler
                0x00000000080009fc                CAN_RX1_IRQHandler
                0x00000000080009fc                DMA2_Channel1_IRQHandler
                0x00000000080009fc                I2C1_EV_IRQHandler
                0x00000000080009fc                DMA1_Channel6_IRQHandler
                0x00000000080009fc                UART4_IRQHandler
                0x00000000080009fc                TIM3_IRQHandler
                0x00000000080009fc                RCC_IRQHandler
                0x00000000080009fc                TIM1_TRG_COM_IRQHandler
                0x00000000080009fc                DMA1_Channel1_IRQHandler
                0x00000000080009fc                Default_Handler
                0x00000000080009fc                TIM7_IRQHandler
                0x00000000080009fc                TIM5_IRQHandler
                0x00000000080009fc                SPI2_IRQHandler
                0x00000000080009fc                USB_LP_CAN_RX0_IRQHandler
                0x00000000080009fc                MemManage_Handler
                0x00000000080009fc                SVC_Handler
                0x00000000080009fc                DMA1_Channel5_IRQHandler
                0x00000000080009fc                DMA1_Channel3_IRQHandler
                0x00000000080009fc                FSMC_IRQHandler
                0x00000000080009fc                TIM1_UP_IRQHandler
                0x00000000080009fc                WWDG_IRQHandler
                0x00000000080009fc                TIM2_IRQHandler
                0x00000000080009fc                TIM1_BRK_IRQHandler
                0x00000000080009fc                RTCAlarm_IRQHandler
                0x00000000080009fc                DMA2_Channel4_5_IRQHandler
                0x00000000080009fc                I2C2_ER_IRQHandler
                0x00000000080009fc                DMA1_Channel2_IRQHandler
                0x00000000080009fc                TIM8_BRK_IRQHandler
                0x00000000080009fc                FLASH_IRQHandler
                0x00000000080009fc                BusFault_Handler
                0x00000000080009fc                SPI3_IRQHandler
                0x00000000080009fc                I2C1_ER_IRQHandler
                0x00000000080009fc                DMA2_Channel3_IRQHandler
 *fill*         0x00000000080009fe        0x2 
 .text.__libc_init_array
                0x0000000008000a00       0x48 c:/st/stm32cubeide_1.4.0/stm32cubeide/plugins/com.st.stm32cube.ide.mcu.externaltools.gnu-tools-for-stm32.7-2018-q2-update.win32_1.4.0.202007081208/tools/bin/../lib/gcc/arm-none-eabi/7.3.1/../../../../arm-none-eabi/lib/thumb/v7-m\libc_nano.a(lib_a-init.o)
                0x0000000008000a00                __libc_init_array
 *(.glue_7)
 .glue_7        0x0000000008000a48        0x0 linker stubs
 *(.glue_7t)
 .glue_7t       0x0000000008000a48        0x0 linker stubs
 *(.eh_frame)
 .eh_frame      0x0000000008000a48        0x0 c:/st/stm32cubeide_1.4.0/stm32cubeide/plugins/com.st.stm32cube.ide.mcu.externaltools.gnu-tools-for-stm32.7-2018-q2-update.win32_1.4.0.202007081208/tools/bin/../lib/gcc/arm-none-eabi/7.3.1/thumb/v7-m/crtbegin.o
 *(.init)
 .init          0x0000000008000a48        0x4 c:/st/stm32cubeide_1.4.0/stm32cubeide/plugins/com.st.stm32cube.ide.mcu.externaltools.gnu-tools-for-stm32.7-2018-q2-update.win32_1.4.0.202007081208/tools/bin/../lib/gcc/arm-none-eabi/7.3.1/thumb/v7-m/crti.o
                0x0000000008000a48                _init
 .init          0x0000000008000a4c        0x8 c:/st/stm32cubeide_1.4.0/stm32cubeide/plugins/com.st.stm32cube.ide.mcu.externaltools.gnu-tools-for-stm32.7-2018-q2-update.win32_1.4.0.202007081208/tools/bin/../lib/gcc/arm-none-eabi/7.3.1/thumb/v7-m/crtn.o
 *(.fini)
 .fini          0x0000000008000a54        0x4 c:/st/stm32cubeide_1.4.0/stm32cubeide/plugins/com.st.stm32cube.ide.mcu.externaltools.gnu-tools-for-stm32.7-2018-q2-update.win32_1.4.0.202007081208/tools/bin/../lib/gcc/arm-none-eabi/7.3.1/thumb/v7-m/crti.o
                0x0000000008000a54                _fini
 .fini          0x0000000008000a58        0x8 c:/st/stm32cubeide_1.4.0/stm32cubeide/plugins/com.st.stm32cube.ide.mcu.externaltools.gnu-tools-for-stm32.7-2018-q2-update.win32_1.4.0.202007081208/tools/bin/../lib/gcc/arm-none-eabi/7.3.1/thumb/v7-m/crtn.o
                0x0000000008000a60                . = ALIGN (0x4)
                0x0000000008000a60                _etext = .

.vfp11_veneer   0x0000000008000a60        0x0
 .vfp11_veneer  0x0000000008000a60        0x0 linker stubs

.v4_bx          0x0000000008000a60        0x0
 .v4_bx         0x0000000008000a60        0x0 linker stubs

.iplt           0x0000000008000a60        0x0
 .iplt          0x0000000008000a60        0x0 c:/st/stm32cubeide_1.4.0/stm32cubeide/plugins/com.st.stm32cube.ide.mcu.externaltools.gnu-tools-for-stm32.7-2018-q2-update.win32_1.4.0.202007081208/tools/bin/../lib/gcc/arm-none-eabi/7.3.1/thumb/v7-m/crtbegin.o

.rodata         0x0000000008000a60       0x20
                0x0000000008000a60                . = ALIGN (0x4)
 *(.rodata)
 *(.rodata*)
 .rodata.AHBPrescTable
                0x0000000008000a60       0x10 STM32F103C6_Drivers/stm32f103c6_RCC_driver.o
                0x0000000008000a60                AHBPrescTable
 .rodata.APBPrescTable
                0x0000000008000a70       0x10 STM32F103C6_Drivers/stm32f103c6_RCC_driver.o
                0x0000000008000a70                APBPrescTable
                0x0000000008000a80                . = ALIGN (0x4)

.rel.dyn        0x0000000008000a80        0x0
 .rel.iplt      0x0000000008000a80        0x0 c:/st/stm32cubeide_1.4.0/stm32cubeide/plugins/com.st.stm32cube.ide.mcu.externaltools.gnu-tools-for-stm32.7-2018-q2-update.win32_1.4.0.202007081208/tools/bin/../lib/gcc/arm-none-eabi/7.3.1/thumb/v7-m/crtbegin.o

.ARM.extab      0x0000000008000a80        0x0
                0x0000000008000a80                . = ALIGN (0x4)
 *(.ARM.extab* .gnu.linkonce.armextab.*)
                0x0000000008000a80                . = ALIGN (0x4)

.ARM            0x0000000008000a80        0x0
                0x0000000008000a80                . = ALIGN (0x4)
                0x0000000008000a80                __exidx_start = .
 *(.ARM.exidx*)
                0x0000000008000a80                __exidx_end = .
                0x0000000008000a80                . = ALIGN (0x4)

.preinit_array  0x0000000008000a80        0x0
                0x0000000008000a80                . = ALIGN (0x4)
                0x0000000008000a80                PROVIDE (__preinit_array_start = .)
 *(.preinit_array*)
                0x0000000008000a80                PROVIDE (__preinit_array_end = .)
                0x0000000008000a80                . = ALIGN (0x4)

.init_array     0x0000000008000a80        0x4
                0x0000000008000a80                . = ALIGN (0x4)
                0x0000000008000a80                PROVIDE (__init_array_start = .)
 *(SORT_BY_NAME(.init_array.*))
 *(.init_array*)
 .init_array    0x0000000008000a80        0x4 c:/st/stm32cubeide_1.4.0/stm32cubeide/plugins/com.st.stm32cube.ide.mcu.externaltools.gnu-tools-for-stm32.7-2018-q2-update.win32_1.4.0.202007081208/tools/bin/../lib/gcc/arm-none-eabi/7.3.1/thumb/v7-m/crtbegin.o
                0x0000000008000a84                PROVIDE (__init_array_end = .)
                0x0000000008000a84                . = ALIGN (0x4)

.fini_array     0x0000000008000a84        0x4
                0x0000000008000a84                . = ALIGN (0x4)
                [!provide]                        PROVIDE (__fini_array_start = .)
 *(SORT_BY_NAME(.fini_array.*))
 *(.fini_array*)
 .fini_array    0x0000000008000a84        0x4 c:/st/stm32cubeide_1.4.0/stm32cubeide/plugins/com.st.stm32cube.ide.mcu.externaltools.gnu-tools-for-stm32.7-2018-q2-update.win32_1.4.0.202007081208/tools/bin/../lib/gcc/arm-none-eabi/7.3.1/thumb/v7-m/crtbegin.o
                [!provide]                        PROVIDE (__fini_array_end = .)
                0x0000000008000a88                . = ALIGN (0x4)
                0x0000000008000a88                _sidata = LOADADDR (.data)

.data           0x0000000020000000        0x0 load address 0x0000000008000a88
                0x0000000020000000                . = ALIGN (0x4)
                0x0000000020000000                _sdata = .
 *(.data)
 *(.data*)
                0x0000000020000000                . = ALIGN (0x4)
                0x0000000020000000                _edata = .

.igot.plt       0x0000000020000000        0x0 load address 0x0000000008000a88
 .igot.plt      0x0000000020000000        0x0 c:/st/stm32cubeide_1.4.0/stm32cubeide/plugins/com.st.stm32cube.ide.mcu.externaltools.gnu-tools-for-stm32.7-2018-q2-update.win32_1.4.0.202007081208/tools/bin/../lib/gcc/arm-none-eabi/7.3.1/thumb/v7-m/crtbegin.o
                0x0000000020000000                . = ALIGN (0x4)

.bss            0x0000000020000000       0x60 load address 0x0000000008000a88
                0x0000000020000000                _sbss = .
                0x0000000020000000                __bss_start__ = _sbss
 *(.bss)
 .bss           0x0000000020000000       0x1c c:/st/stm32cubeide_1.4.0/stm32cubeide/plugins/com.st.stm32cube.ide.mcu.externaltools.gnu-tools-for-stm32.7-2018-q2-update.win32_1.4.0.202007081208/tools/bin/../lib/gcc/arm-none-eabi/7.3.1/thumb/v7-m/crtbegin.o
 *(.bss*)
 .bss.G_USART_Config
                0x000000002000001c        0x4 STM32F103C6_Drivers/stm32f103c6_USART_driver.o
                0x000000002000001c                G_USART_Config
 *(COMMON)
 COMMON         0x0000000020000020       0x3c STM32F103C6_Drivers/stm32f103c6_EXTI_driver.o
                0x0000000020000020                GP_IRQ_CallBack
 COMMON         0x000000002000005c        0x4 Src/main.o
                0x000000002000005c                ch
                0x0000000020000060                . = ALIGN (0x4)
                0x0000000020000060                _ebss = .
                0x0000000020000060                __bss_end__ = _ebss

._user_heap_stack
                0x0000000020000060      0x600 load address 0x0000000008000a88
                0x0000000020000060                . = ALIGN (0x8)
                [!provide]                        PROVIDE (end = .)
                0x0000000020000060                PROVIDE (_end = .)
                0x0000000020000260                . = (. + _Min_Heap_Size)
 *fill*         0x0000000020000060      0x200 
                0x0000000020000660                . = (. + _Min_Stack_Size)
 *fill*         0x0000000020000260      0x400 
                0x0000000020000660                . = ALIGN (0x8)

/DISCARD/
 libc.a(*)
 libm.a(*)
 libgcc.a(*)

.ARM.attributes
                0x0000000000000000       0x29
 *(.ARM.attributes)
 .ARM.attributes
                0x0000000000000000       0x1d c:/st/stm32cubeide_1.4.0/stm32cubeide/plugins/com.st.stm32cube.ide.mcu.externaltools.gnu-tools-for-stm32.7-2018-q2-update.win32_1.4.0.202007081208/tools/bin/../lib/gcc/arm-none-eabi/7.3.1/thumb/v7-m/crti.o
 .ARM.attributes
                0x000000000000001d       0x2d c:/st/stm32cubeide_1.4.0/stm32cubeide/plugins/com.st.stm32cube.ide.mcu.externaltools.gnu-tools-for-stm32.7-2018-q2-update.win32_1.4.0.202007081208/tools/bin/../lib/gcc/arm-none-eabi/7.3.1/thumb/v7-m/crtbegin.o
 .ARM.attributes
                0x000000000000004a       0x33 STM32F103C6_Drivers/stm32f103c6_EXTI_driver.o
 .ARM.attributes
                0x000000000000007d       0x33 STM32F103C6_Drivers/stm32f103c6_RCC_driver.o
 .ARM.attributes
                0x00000000000000b0       0x33 STM32F103C6_Drivers/stm32f103c6_USART_driver.o
 .ARM.attributes
                0x00000000000000e3       0x33 STM32F103C6_Drivers/stm32f103c6_gpio_driver.o
 .ARM.attributes
                0x0000000000000116       0x33 Src/main.o
 .ARM.attributes
                0x0000000000000149       0x21 Startup/startup_stm32f103c6tx.o
 .ARM.attributes
                0x000000000000016a       0x2d c:/st/stm32cubeide_1.4.0/stm32cubeide/plugins/com.st.stm32cube.ide.mcu.externaltools.gnu-tools-for-stm32.7-2018-q2-update.win32_1.4.0.202007081208/tools/bin/../lib/gcc/arm-none-eabi/7.3.1/../../../../arm-none-eabi/lib/thumb/v7-m\libc_nano.a(lib_a-init.o)
 .ARM.attributes
                0x0000000000000197       0x1d c:/st/stm32cubeide_1.4.0/stm32cubeide/plugins/com.st.stm32cube.ide.mcu.externaltools.gnu-tools-for-stm32.7-2018-q2-update.win32_1.4.0.202007081208/tools/bin/../lib/gcc/arm-none-eabi/7.3.1/thumb/v7-m/crtn.o
OUTPUT(L3_U8_UART_Driver.elf elf32-littlearm)

.debug_info     0x0000000000000000     0x3fcd
 .debug_info    0x0000000000000000      0xdb8 STM32F103C6_Drivers/stm32f103c6_EXTI_driver.o
 .debug_info    0x0000000000000db8      0xaf4 STM32F103C6_Drivers/stm32f103c6_RCC_driver.o
 .debug_info    0x00000000000018ac      0xdf9 STM32F103C6_Drivers/stm32f103c6_USART_driver.o
 .debug_info    0x00000000000026a5      0xd4f STM32F103C6_Drivers/stm32f103c6_gpio_driver.o
 .debug_info    0x00000000000033f4      0xbb7 Src/main.o
 .debug_info    0x0000000000003fab       0x22 Startup/startup_stm32f103c6tx.o

.debug_abbrev   0x0000000000000000      0x973
 .debug_abbrev  0x0000000000000000      0x210 STM32F103C6_Drivers/stm32f103c6_EXTI_driver.o
 .debug_abbrev  0x0000000000000210      0x19b STM32F103C6_Drivers/stm32f103c6_RCC_driver.o
 .debug_abbrev  0x00000000000003ab      0x214 STM32F103C6_Drivers/stm32f103c6_USART_driver.o
 .debug_abbrev  0x00000000000005bf      0x1de STM32F103C6_Drivers/stm32f103c6_gpio_driver.o
 .debug_abbrev  0x000000000000079d      0x1c4 Src/main.o
 .debug_abbrev  0x0000000000000961       0x12 Startup/startup_stm32f103c6tx.o

.debug_loc      0x0000000000000000      0xa28
 .debug_loc     0x0000000000000000      0x320 STM32F103C6_Drivers/stm32f103c6_EXTI_driver.o
 .debug_loc     0x0000000000000320       0xc8 STM32F103C6_Drivers/stm32f103c6_RCC_driver.o
 .debug_loc     0x00000000000003e8      0x294 STM32F103C6_Drivers/stm32f103c6_USART_driver.o
 .debug_loc     0x000000000000067c      0x330 STM32F103C6_Drivers/stm32f103c6_gpio_driver.o
 .debug_loc     0x00000000000009ac       0x7c Src/main.o

.debug_aranges  0x0000000000000000      0x1c8
 .debug_aranges
                0x0000000000000000       0x80 STM32F103C6_Drivers/stm32f103c6_EXTI_driver.o
 .debug_aranges
                0x0000000000000080       0x38 STM32F103C6_Drivers/stm32f103c6_RCC_driver.o
 .debug_aranges
                0x00000000000000b8       0x60 STM32F103C6_Drivers/stm32f103c6_USART_driver.o
 .debug_aranges
                0x0000000000000118       0x60 STM32F103C6_Drivers/stm32f103c6_gpio_driver.o
 .debug_aranges
                0x0000000000000178       0x28 Src/main.o
 .debug_aranges
                0x00000000000001a0       0x28 Startup/startup_stm32f103c6tx.o

.debug_ranges   0x0000000000000000      0x170
 .debug_ranges  0x0000000000000000       0x70 STM32F103C6_Drivers/stm32f103c6_EXTI_driver.o
 .debug_ranges  0x0000000000000070       0x28 STM32F103C6_Drivers/stm32f103c6_RCC_driver.o
 .debug_ranges  0x0000000000000098       0x50 STM32F103C6_Drivers/stm32f103c6_USART_driver.o
 .debug_ranges  0x00000000000000e8       0x50 STM32F103C6_Drivers/stm32f103c6_gpio_driver.o
 .debug_ranges  0x0000000000000138       0x18 Src/main.o
 .debug_ranges  0x0000000000000150       0x20 Startup/startup_stm32f103c6tx.o

.debug_macro    0x0000000000000000      0xa79
 .debug_macro   0x0000000000000000      0x152 STM32F103C6_Drivers/stm32f103c6_EXTI_driver.o
 .debug_macro   0x0000000000000152       0xca STM32F103C6_Drivers/stm32f103c6_EXTI_driver.o
 .debug_macro   0x000000000000021c      0x21e STM32F103C6_Drivers/stm32f103c6_EXTI_driver.o
 .debug_macro   0x000000000000043a      0x13f STM32F103C6_Drivers/stm32f103c6_RCC_driver.o
 .debug_macro   0x0000000000000579       0x10 STM32F103C6_Drivers/stm32f103c6_RCC_driver.o
 .debug_macro   0x0000000000000589      0x151 STM32F103C6_Drivers/stm32f103c6_USART_driver.o
 .debug_macro   0x00000000000006da       0x16 STM32F103C6_Drivers/stm32f103c6_USART_driver.o
 .debug_macro   0x00000000000006f0       0xe2 STM32F103C6_Drivers/stm32f103c6_USART_driver.o
 .debug_macro   0x00000000000007d2      0x13f STM32F103C6_Drivers/stm32f103c6_gpio_driver.o
 .debug_macro   0x0000000000000911      0x168 Src/main.o

.debug_line     0x0000000000000000     0x2014
 .debug_line    0x0000000000000000      0x730 STM32F103C6_Drivers/stm32f103c6_EXTI_driver.o
 .debug_line    0x0000000000000730      0x596 STM32F103C6_Drivers/stm32f103c6_RCC_driver.o
 .debug_line    0x0000000000000cc6      0x697 STM32F103C6_Drivers/stm32f103c6_USART_driver.o
 .debug_line    0x000000000000135d      0x672 STM32F103C6_Drivers/stm32f103c6_gpio_driver.o
 .debug_line    0x00000000000019cf      0x5c1 Src/main.o
 .debug_line    0x0000000000001f90       0x84 Startup/startup_stm32f103c6tx.o

.debug_str      0x0000000000000000     0x9ac2
 .debug_str     0x0000000000000000     0x9064 STM32F103C6_Drivers/stm32f103c6_EXTI_driver.o
                                       0x92d4 (size before relaxing)
 .debug_str     0x0000000000009064      0x119 STM32F103C6_Drivers/stm32f103c6_RCC_driver.o
                                       0x7b89 (size before relaxing)
 .debug_str     0x000000000000917d      0x7d0 STM32F103C6_Drivers/stm32f103c6_USART_driver.o
                                       0x8701 (size before relaxing)
 .debug_str     0x000000000000994d      0x11e STM32F103C6_Drivers/stm32f103c6_gpio_driver.o
                                       0x8006 (size before relaxing)
 .debug_str     0x0000000000009a6b       0x26 Src/main.o
                                       0x974f (size before relaxing)
 .debug_str     0x0000000000009a91       0x31 Startup/startup_stm32f103c6tx.o
                                         0x60 (size before relaxing)

.comment        0x0000000000000000       0x7b
 .comment       0x0000000000000000       0x7b STM32F103C6_Drivers/stm32f103c6_EXTI_driver.o
                                         0x7c (size before relaxing)
 .comment       0x000000000000007b       0x7c STM32F103C6_Drivers/stm32f103c6_RCC_driver.o
 .comment       0x000000000000007b       0x7c STM32F103C6_Drivers/stm32f103c6_USART_driver.o
 .comment       0x000000000000007b       0x7c STM32F103C6_Drivers/stm32f103c6_gpio_driver.o
 .comment       0x000000000000007b       0x7c Src/main.o

.debug_frame    0x0000000000000000      0x574
 .debug_frame   0x0000000000000000      0x1b0 STM32F103C6_Drivers/stm32f103c6_EXTI_driver.o
 .debug_frame   0x00000000000001b0       0x84 STM32F103C6_Drivers/stm32f103c6_RCC_driver.o
 .debug_frame   0x0000000000000234      0x14c STM32F103C6_Drivers/stm32f103c6_USART_driver.o
 .debug_frame   0x0000000000000380      0x178 STM32F103C6_Drivers/stm32f103c6_gpio_driver.o
 .debug_frame   0x00000000000004f8       0x50 Src/main.o
 .debug_frame   0x0000000000000548       0x2c c:/st/stm32cubeide_1.4.0/stm32cubeide/plugins/com.st.stm32cube.ide.mcu.externaltools.gnu-tools-for-stm32.7-2018-q2-update.win32_1.4.0.202007081208/tools/bin/../lib/gcc/arm-none-eabi/7.3.1/../../../../arm-none-eabi/lib/thumb/v7-m\libc_nano.a(lib_a-init.o)
