Archive member included to satisfy reference by file (symbol)

c:/st/stm32cubeide_1.4.0/stm32cubeide/plugins/com.st.stm32cube.ide.mcu.externaltools.gnu-tools-for-stm32.10.3-2021.10.win32_1.0.0.202111181127/tools/bin/../lib/gcc/arm-none-eabi/10.3.1/../../../../arm-none-eabi/lib/thumb/v7-m/nofp\libc_nano.a(lib_a-errno.o)
                              ./Src/syscalls.o (__errno)
c:/st/stm32cubeide_1.4.0/stm32cubeide/plugins/com.st.stm32cube.ide.mcu.externaltools.gnu-tools-for-stm32.10.3-2021.10.win32_1.0.0.202111181127/tools/bin/../lib/gcc/arm-none-eabi/10.3.1/../../../../arm-none-eabi/lib/thumb/v7-m/nofp\libc_nano.a(lib_a-exit.o)
                              c:/st/stm32cubeide_1.4.0/stm32cubeide/plugins/com.st.stm32cube.ide.mcu.externaltools.gnu-tools-for-stm32.10.3-2021.10.win32_1.0.0.202111181127/tools/bin/../lib/gcc/arm-none-eabi/10.3.1/../../../../arm-none-eabi/lib/thumb/v7-m/nofp/crt0.o (exit)
c:/st/stm32cubeide_1.4.0/stm32cubeide/plugins/com.st.stm32cube.ide.mcu.externaltools.gnu-tools-for-stm32.10.3-2021.10.win32_1.0.0.202111181127/tools/bin/../lib/gcc/arm-none-eabi/10.3.1/../../../../arm-none-eabi/lib/thumb/v7-m/nofp\libc_nano.a(lib_a-impure.o)
                              c:/st/stm32cubeide_1.4.0/stm32cubeide/plugins/com.st.stm32cube.ide.mcu.externaltools.gnu-tools-for-stm32.10.3-2021.10.win32_1.0.0.202111181127/tools/bin/../lib/gcc/arm-none-eabi/10.3.1/../../../../arm-none-eabi/lib/thumb/v7-m/nofp\libc_nano.a(lib_a-exit.o) (_global_impure_ptr)
c:/st/stm32cubeide_1.4.0/stm32cubeide/plugins/com.st.stm32cube.ide.mcu.externaltools.gnu-tools-for-stm32.10.3-2021.10.win32_1.0.0.202111181127/tools/bin/../lib/gcc/arm-none-eabi/10.3.1/../../../../arm-none-eabi/lib/thumb/v7-m/nofp\libc_nano.a(lib_a-init.o)
                              c:/st/stm32cubeide_1.4.0/stm32cubeide/plugins/com.st.stm32cube.ide.mcu.externaltools.gnu-tools-for-stm32.10.3-2021.10.win32_1.0.0.202111181127/tools/bin/../lib/gcc/arm-none-eabi/10.3.1/../../../../arm-none-eabi/lib/thumb/v7-m/nofp/crt0.o (__libc_init_array)
c:/st/stm32cubeide_1.4.0/stm32cubeide/plugins/com.st.stm32cube.ide.mcu.externaltools.gnu-tools-for-stm32.10.3-2021.10.win32_1.0.0.202111181127/tools/bin/../lib/gcc/arm-none-eabi/10.3.1/../../../../arm-none-eabi/lib/thumb/v7-m/nofp\libc_nano.a(lib_a-memset.o)
                              c:/st/stm32cubeide_1.4.0/stm32cubeide/plugins/com.st.stm32cube.ide.mcu.externaltools.gnu-tools-for-stm32.10.3-2021.10.win32_1.0.0.202111181127/tools/bin/../lib/gcc/arm-none-eabi/10.3.1/../../../../arm-none-eabi/lib/thumb/v7-m/nofp/crt0.o (memset)

Discarded input sections

 .text          0x0000000000000000        0x0 c:/st/stm32cubeide_1.4.0/stm32cubeide/plugins/com.st.stm32cube.ide.mcu.externaltools.gnu-tools-for-stm32.10.3-2021.10.win32_1.0.0.202111181127/tools/bin/../lib/gcc/arm-none-eabi/10.3.1/thumb/v7-m/nofp/crti.o
 .data          0x0000000000000000        0x0 c:/st/stm32cubeide_1.4.0/stm32cubeide/plugins/com.st.stm32cube.ide.mcu.externaltools.gnu-tools-for-stm32.10.3-2021.10.win32_1.0.0.202111181127/tools/bin/../lib/gcc/arm-none-eabi/10.3.1/thumb/v7-m/nofp/crti.o
 .bss           0x0000000000000000        0x0 c:/st/stm32cubeide_1.4.0/stm32cubeide/plugins/com.st.stm32cube.ide.mcu.externaltools.gnu-tools-for-stm32.10.3-2021.10.win32_1.0.0.202111181127/tools/bin/../lib/gcc/arm-none-eabi/10.3.1/thumb/v7-m/nofp/crti.o
 .data          0x0000000000000000        0x4 c:/st/stm32cubeide_1.4.0/stm32cubeide/plugins/com.st.stm32cube.ide.mcu.externaltools.gnu-tools-for-stm32.10.3-2021.10.win32_1.0.0.202111181127/tools/bin/../lib/gcc/arm-none-eabi/10.3.1/thumb/v7-m/nofp/crtbegin.o
 .rodata        0x0000000000000000       0x24 c:/st/stm32cubeide_1.4.0/stm32cubeide/plugins/com.st.stm32cube.ide.mcu.externaltools.gnu-tools-for-stm32.10.3-2021.10.win32_1.0.0.202111181127/tools/bin/../lib/gcc/arm-none-eabi/10.3.1/thumb/v7-m/nofp/crtbegin.o
 .text          0x0000000000000000       0x7c c:/st/stm32cubeide_1.4.0/stm32cubeide/plugins/com.st.stm32cube.ide.mcu.externaltools.gnu-tools-for-stm32.10.3-2021.10.win32_1.0.0.202111181127/tools/bin/../lib/gcc/arm-none-eabi/10.3.1/../../../../arm-none-eabi/lib/thumb/v7-m/nofp/crt0.o
 .data          0x0000000000000000        0x0 c:/st/stm32cubeide_1.4.0/stm32cubeide/plugins/com.st.stm32cube.ide.mcu.externaltools.gnu-tools-for-stm32.10.3-2021.10.win32_1.0.0.202111181127/tools/bin/../lib/gcc/arm-none-eabi/10.3.1/../../../../arm-none-eabi/lib/thumb/v7-m/nofp/crt0.o
 .bss           0x0000000000000000        0x0 c:/st/stm32cubeide_1.4.0/stm32cubeide/plugins/com.st.stm32cube.ide.mcu.externaltools.gnu-tools-for-stm32.10.3-2021.10.win32_1.0.0.202111181127/tools/bin/../lib/gcc/arm-none-eabi/10.3.1/../../../../arm-none-eabi/lib/thumb/v7-m/nofp/crt0.o
 .ARM.extab     0x0000000000000000        0x0 c:/st/stm32cubeide_1.4.0/stm32cubeide/plugins/com.st.stm32cube.ide.mcu.externaltools.gnu-tools-for-stm32.10.3-2021.10.win32_1.0.0.202111181127/tools/bin/../lib/gcc/arm-none-eabi/10.3.1/../../../../arm-none-eabi/lib/thumb/v7-m/nofp/crt0.o
[...]
Memory Configuration

Name             Origin             Length             Attributes
RAM              0x0000000020000000 0x0000000000002800 xrw
FLASH            0x0000000008000000 0x0000000000008000 xr
*default*        0x0000000000000000 0xffffffffffffffff

Linker script and memory map

LOAD c:/st/stm32cubeide_1.4.0/stm32cubeide/plugins/com.st.stm32cube.ide.mcu.externaltools.gnu-tools-for-stm32.10.3-2021.10.win32_1.0.0.202111181127/tools/bin/../lib/gcc/arm-none-eabi/10.3.1/thumb/v7-m/nofp/crti.o
LOAD c:/st/stm32cubeide_1.4.0/stm32cubeide/plugins/com.st.stm32cube.ide.mcu.externaltools.gnu-tools-for-stm32.10.3-2021.10.win32_1.0.0.202111181127/tools/bin/../lib/gcc/arm-none-eabi/10.3.1/thumb/v7-m/nofp/crtbegin.o
LOAD c:/st/stm32cubeide_1.4.0/stm32cubeide/plugins/com.st.stm32cube.ide.mcu.externaltools.gnu-tools-for-stm32.10.3-2021.10.win32_1.0.0.202111181127/tools/bin/../lib/gcc/arm-none-eabi/10.3.1/../../../../arm-none-eabi/lib/thumb/v7-m/nofp/crt0.o
LOAD ./HAL/EEPROM/I2C_Slave_EEPROM.o
LOAD ./HAL/Keypad_Driver/Keypad.o
LOAD ./HAL/LCD_Driver/LCD.o
LOAD ./STM32F103C6_Drivers/stm32f103c6_EXTI_driver.o
LOAD ./STM32F103C6_Drivers/stm32f103c6_I2C_driver.o
LOAD ./STM32F103C6_Drivers/stm32f103c6_RCC_driver.o
LOAD ./STM32F103C6_Drivers/stm32f103c6_SPI_driver.o
LOAD ./STM32F103C6_Drivers/stm32f103c6_USART_driver.o
LOAD ./STM32F103C6_Drivers/stm32f103c6_gpio_driver.o
LOAD ./Src/main.o
LOAD ./Src/syscalls.o
LOAD ./Src/sysmem.o
LOAD ./Startup/startup_stm32f103c6tx.o
START GROUP
LOAD c:/st/stm32cubeide_1.4.0/stm32cubeide/plugins/com.st.stm32cube.ide.mcu.externaltools.gnu-tools-for-stm32.10.3-2021.10.win32_1.0.0.202111181127/tools/bin/../lib/gcc/arm-none-eabi/10.3.1/../../../../arm-none-eabi/lib/thumb/v7-m/nofp\libc_nano.a
LOAD c:/st/stm32cubeide_1.4.0/stm32cubeide/plugins/com.st.stm32cube.ide.mcu.externaltools.gnu-tools-for-stm32.10.3-2021.10.win32_1.0.0.202111181127/tools/bin/../lib/gcc/arm-none-eabi/10.3.1/../../../../arm-none-eabi/lib/thumb/v7-m/nofp\libm.a
END GROUP
START GROUP
LOAD c:/st/stm32cubeide_1.4.0/stm32cubeide/plugins/com.st.stm32cube.ide.mcu.externaltools.gnu-tools-for-stm32.10.3-2021.10.win32_1.0.0.202111181127/tools/bin/../lib/gcc/arm-none-eabi/10.3.1/thumb/v7-m/nofp\libgcc.a
LOAD c:/st/stm32cubeide_1.4.0/stm32cubeide/plugins/com.st.stm32cube.ide.mcu.externaltools.gnu-tools-for-stm32.10.3-2021.10.win32_1.0.0.202111181127/tools/bin/../lib/gcc/arm-none-eabi/10.3.1/../../../../arm-none-eabi/lib/thumb/v7-m/nofp\libg_nano.a
LOAD c:/st/stm32cubeide_1.4.0/stm32cubeide/plugins/com.st.stm32cube.ide.mcu.externaltools.gnu-tools-for-stm32.10.3-2021.10.win32_1.0.0.202111181127/tools/bin/../lib/gcc/arm-none-eabi/10.3.1/../../../../arm-none-eabi/lib/thumb/v7-m/nofp\libc_nano.a
END GROUP
START GROUP
LOAD c:/st/stm32cubeide_1.4.0/stm32cubeide/plugins/com.st.stm32cube.ide.mcu.externaltools.gnu-tools-for-stm32.10.3-2021.10.win32_1.0.0.202111181127/tools/bin/../lib/gcc/arm-none-eabi/10.3.1/thumb/v7-m/nofp\libgcc.a
LOAD c:/st/stm32cubeide_1.4.0/stm32cubeide/plugins/com.st.stm32cube.ide.mcu.externaltools.gnu-tools-for-stm32.10.3-2021.10.win32_1.0.0.202111181127/tools/bin/../lib/gcc/arm-none-eabi/10.3.1/../../../../arm-none-eabi/lib/thumb/v7-m/nofp\libc_nano.a
LOAD c:/st/stm32cubeide_1.4.0/stm32cubeide/plugins/com.st.stm32cube.ide.mcu.externaltools.gnu-tools-for-stm32.10.3-2021.10.win32_1.0.0.202111181127/tools/bin/../lib/gcc/arm-none-eabi/10.3.1/../../../../arm-none-eabi/lib/thumb/v7-m/nofp\libnosys.a
END GROUP
START GROUP
LOAD c:/st/stm32cubeide_1.4.0/stm32cubeide/plugins/com.st.stm32cube.ide.mcu.externaltools.gnu-tools-for-stm32.10.3-2021.10.win32_1.0.0.202111181127/tools/bin/../lib/gcc/arm-none-eabi/10.3.1/thumb/v7-m/nofp\libgcc.a
LOAD c:/st/stm32cubeide_1.4.0/stm32cubeide/plugins/com.st.stm32cube.ide.mcu.externaltools.gnu-tools-for-stm32.10.3-2021.10.win32_1.0.0.202111181127/tools/bin/../lib/gcc/arm-none-eabi/10.3.1/../../../../arm-none-eabi/lib/thumb/v7-m/nofp\libc_nano.a
LOAD c:/st/stm32cubeide_1.4.0/stm32cubeide/plugins/com.st.stm32cube.ide.mcu.externaltools.gnu-tools-for-stm32.10.3-2021.10.win32_1.0.0.202111181127/tools/bin/../lib/gcc/arm-none-eabi/10.3.1/../../../../arm-none-eabi/lib/thumb/v7-m/nofp\libnosys.a
END GROUP
LOAD c:/st/stm32cubeide_1.4.0/stm32cubeide/plugins/com.st.stm32cube.ide.mcu.externaltools.gnu-tools-for-stm32.10.3-2021.10.win32_1.0.0.202111181127/tools/bin/../lib/gcc/arm-none-eabi/10.3.1/thumb/v7-m/nofp/crtend.o
LOAD c:/st/stm32cubeide_1.4.0/stm32cubeide/plugins/com.st.stm32cube.ide.mcu.externaltools.gnu-tools-for-stm32.10.3-2021.10.win32_1.0.0.202111181127/tools/bin/../lib/gcc/arm-none-eabi/10.3.1/thumb/v7-m/nofp/crtn.o
                0x0000000020002800                _estack = (ORIGIN (RAM) + LENGTH (RAM))
                0x0000000000000200                _Min_Heap_Size = 0x200
                0x0000000000000400                _Min_Stack_Size = 0x400

.isr_vector     0x0000000008000000      0x130
                0x0000000008000000                . = ALIGN (0x4)
 *(.isr_vector)
 .isr_vector    0x0000000008000000      0x130 ./Startup/startup_stm32f103c6tx.o
                0x0000000008000000                g_pfnVectors
                0x0000000008000130                . = ALIGN (0x4)

.text           0x0000000008000130     0x1130
                0x0000000008000130                . = ALIGN (0x4)
 *(.text)
 .text          0x0000000008000130       0x40 c:/st/stm32cubeide_1.4.0/stm32cubeide/plugins/com.st.stm32cube.ide.mcu.externaltools.gnu-tools-for-stm32.10.3-2021.10.win32_1.0.0.202111181127/tools/bin/../lib/gcc/arm-none-eabi/10.3.1/thumb/v7-m/nofp/crtbegin.o
 *(.text*)
 .text.eeprom_init
                0x0000000008000170       0x40 ./HAL/EEPROM/I2C_Slave_EEPROM.o
                0x0000000008000170                eeprom_init
 .text.eeprom_write_Nbytes
                0x00000000080001b0       0xd0 ./HAL/EEPROM/I2C_Slave_EEPROM.o
                0x00000000080001b0                eeprom_write_Nbytes
 .text.eeprom_read_Nbytes
                0x0000000008000280       0x54 ./HAL/EEPROM/I2C_Slave_EEPROM.o
                0x0000000008000280                eeprom_read_Nbytes
 .text.EXTI0_IRQHandler
                0x00000000080002d4       0x24 ./STM32F103C6_Drivers/stm32f103c6_EXTI_driver.o
                0x00000000080002d4                EXTI0_IRQHandler
 .text.EXTI1_IRQHandler
                0x00000000080002f8       0x24 ./STM32F103C6_Drivers/stm32f103c6_EXTI_driver.o
                0x00000000080002f8                EXTI1_IRQHandler
 .text.EXTI2_IRQHandler
                0x000000000800031c       0x24 ./STM32F103C6_Drivers/stm32f103c6_EXTI_driver.o
                0x000000000800031c                EXTI2_IRQHandler
 .text.EXTI3_IRQHandler
                0x0000000008000340       0x24 ./STM32F103C6_Drivers/stm32f103c6_EXTI_driver.o
                0x0000000008000340                EXTI3_IRQHandler
 .text.EXTI4_IRQHandler
                0x0000000008000364       0x24 ./STM32F103C6_Drivers/stm32f103c6_EXTI_driver.o
                0x0000000008000364                EXTI4_IRQHandler
 .text.EXTI9_5_IRQHandler
                0x0000000008000388       0xa8 ./STM32F103C6_Drivers/stm32f103c6_EXTI_driver.o
                0x0000000008000388                EXTI9_5_IRQHandler
 .text.EXTI15_10_IRQHandler
                0x0000000008000430       0xc4 ./STM32F103C6_Drivers/stm32f103c6_EXTI_driver.o
                0x0000000008000430                EXTI15_10_IRQHandler
 .text.MCAL_I2C_Init
                0x00000000080004f4      0x228 ./STM32F103C6_Drivers/stm32f103c6_I2C_driver.o
                0x00000000080004f4                MCAL_I2C_Init
 .text.MCAL_I2C_GPIO_Set_Pins
                0x000000000800071c       0x94 ./STM32F103C6_Drivers/stm32f103c6_I2C_driver.o
                0x000000000800071c                MCAL_I2C_GPIO_Set_Pins
 .text.MCAL_I2C_Master_Rx
                0x00000000080007b0       0xe4 ./STM32F103C6_Drivers/stm32f103c6_I2C_driver.o
                0x00000000080007b0                MCAL_I2C_Master_Rx
 .text.I2C_AcknowledgeConfig
                0x0000000008000894       0x36 ./STM32F103C6_Drivers/stm32f103c6_I2C_driver.o
                0x0000000008000894                I2C_AcknowledgeConfig
 *fill*         0x00000000080008ca        0x2 
 .text.MCAL_I2C_Master_Tx
                0x00000000080008cc       0xac ./STM32F103C6_Drivers/stm32f103c6_I2C_driver.o
                0x00000000080008cc                MCAL_I2C_Master_Tx
 .text.I2C_generateStart
                0x0000000008000978       0x4e ./STM32F103C6_Drivers/stm32f103c6_I2C_driver.o
                0x0000000008000978                I2C_generateStart
 .text.I2C_sendAddress
                0x00000000080009c6       0x3e ./STM32F103C6_Drivers/stm32f103c6_I2C_driver.o
                0x00000000080009c6                I2C_sendAddress
 .text.I2C_generateStop
                0x0000000008000a04       0x36 ./STM32F103C6_Drivers/stm32f103c6_I2C_driver.o
                0x0000000008000a04                I2C_generateStop
 *fill*         0x0000000008000a3a        0x2 
 .text.I2c_GetFlagStatus
                0x0000000008000a3c      0x10c ./STM32F103C6_Drivers/stm32f103c6_I2C_driver.o
                0x0000000008000a3c                I2c_GetFlagStatus
 .text.I2C1_EV_IRQHandler
                0x0000000008000b48       0xec ./STM32F103C6_Drivers/stm32f103c6_I2C_driver.o
                0x0000000008000b48                I2C1_EV_IRQHandler
 .text.Slave_States
                0x0000000008000c34       0xe0 ./STM32F103C6_Drivers/stm32f103c6_I2C_driver.o
                0x0000000008000c34                Slave_States
 .text.I2C1_ER_IRQHandler
                0x0000000008000d14        0xc ./STM32F103C6_Drivers/stm32f103c6_I2C_driver.o
                0x0000000008000d14                I2C1_ER_IRQHandler
 .text.I2C2_EV_IRQHandler
                0x0000000008000d20        0xc ./STM32F103C6_Drivers/stm32f103c6_I2C_driver.o
                0x0000000008000d20                I2C2_EV_IRQHandler
 .text.I2C2_ER_IRQHandler
                0x0000000008000d2c        0xc ./STM32F103C6_Drivers/stm32f103c6_I2C_driver.o
                0x0000000008000d2c                I2C2_ER_IRQHandler
 .text.MCAL_RCC_GetSYSCLKFreq
                0x0000000008000d38       0x40 ./STM32F103C6_Drivers/stm32f103c6_RCC_driver.o
                0x0000000008000d38                MCAL_RCC_GetSYSCLKFreq
 .text.MCAL_RCC_GetHCLKFreq
                0x0000000008000d78       0x28 ./STM32F103C6_Drivers/stm32f103c6_RCC_driver.o
                0x0000000008000d78                MCAL_RCC_GetHCLKFreq
 .text.MCAL_RCC_GetPCLK1Freq
                0x0000000008000da0       0x28 ./STM32F103C6_Drivers/stm32f103c6_RCC_driver.o
                0x0000000008000da0                MCAL_RCC_GetPCLK1Freq
 .text.SPI1_IRQHandler
                0x0000000008000dc8       0x5c ./STM32F103C6_Drivers/stm32f103c6_SPI_driver.o
                0x0000000008000dc8                SPI1_IRQHandler
 .text.SPI2_IRQHandler
                0x0000000008000e24       0x5c ./STM32F103C6_Drivers/stm32f103c6_SPI_driver.o
                0x0000000008000e24                SPI2_IRQHandler
 .text.USART1_IRQHandler
                0x0000000008000e80       0x14 ./STM32F103C6_Drivers/stm32f103c6_USART_driver.o
                0x0000000008000e80                USART1_IRQHandler
 .text.USART2_IRQHandler
                0x0000000008000e94       0x14 ./STM32F103C6_Drivers/stm32f103c6_USART_driver.o
                0x0000000008000e94                USART2_IRQHandler
 .text.USART3_IRQHandler
                0x0000000008000ea8       0x14 ./STM32F103C6_Drivers/stm32f103c6_USART_driver.o
                0x0000000008000ea8                USART3_IRQHandler
 .text.Get_CRLH_Postion
                0x0000000008000ebc      0x170 ./STM32F103C6_Drivers/stm32f103c6_gpio_driver.o
                0x0000000008000ebc                Get_CRLH_Postion
 .text.MCAL_GPIO_Init
                0x000000000800102c       0xfe ./STM32F103C6_Drivers/stm32f103c6_gpio_driver.o
                0x000000000800102c                MCAL_GPIO_Init
 *fill*         0x000000000800112a        0x2 
 .text.main     0x000000000800112c       0x80 ./Src/main.o
                0x000000000800112c                main
 .text.Reset_Handler
                0x00000000080011ac       0x50 ./Startup/startup_stm32f103c6tx.o
                0x00000000080011ac                Reset_Handler
 .text.Default_Handler
                0x00000000080011fc        0x2 ./Startup/startup_stm32f103c6tx.o
                0x00000000080011fc                TIM8_TRG_COM_IRQHandler
                0x00000000080011fc                TIM8_CC_IRQHandler
                0x00000000080011fc                DebugMon_Handler
                0x00000000080011fc                TIM1_CC_IRQHandler
                0x00000000080011fc                HardFault_Handler
                0x00000000080011fc                TIM6_IRQHandler
                0x00000000080011fc                SysTick_Handler
                0x00000000080011fc                PVD_IRQHandler
                0x00000000080011fc                SDIO_IRQHandler
                0x00000000080011fc                PendSV_Handler
                0x00000000080011fc                NMI_Handler
                0x00000000080011fc                USB_HP_CAN_TX_IRQHandler
                0x00000000080011fc                UsageFault_Handler
                0x00000000080011fc                ADC1_2_IRQHandler
                0x00000000080011fc                CAN_SCE_IRQHandler
                0x00000000080011fc                TAMPER_IRQHandler
                0x00000000080011fc                TIM8_UP_IRQHandler
                0x00000000080011fc                DMA2_Channel2_IRQHandler
                0x00000000080011fc                DMA1_Channel4_IRQHandler
                0x00000000080011fc                RTC_IRQHandler
                0x00000000080011fc                DMA1_Channel7_IRQHandler
                0x00000000080011fc                UART5_IRQHandler
                0x00000000080011fc                ADC3_IRQHandler
                0x00000000080011fc                TIM4_IRQHandler
                0x00000000080011fc                CAN_RX1_IRQHandler
                0x00000000080011fc                DMA2_Channel1_IRQHandler
                0x00000000080011fc                DMA1_Channel6_IRQHandler
                0x00000000080011fc                UART4_IRQHandler
                0x00000000080011fc                TIM3_IRQHandler
                0x00000000080011fc                RCC_IRQHandler
                0x00000000080011fc                TIM1_TRG_COM_IRQHandler
                0x00000000080011fc                DMA1_Channel1_IRQHandler
                0x00000000080011fc                Default_Handler
                0x00000000080011fc                TIM7_IRQHandler
                0x00000000080011fc                TIM5_IRQHandler
                0x00000000080011fc                USB_LP_CAN_RX0_IRQHandler
                0x00000000080011fc                MemManage_Handler
                0x00000000080011fc                SVC_Handler
                0x00000000080011fc                DMA1_Channel5_IRQHandler
                0x00000000080011fc                DMA1_Channel3_IRQHandler
                0x00000000080011fc                FSMC_IRQHandler
                0x00000000080011fc                TIM1_UP_IRQHandler
                0x00000000080011fc                WWDG_IRQHandler
                0x00000000080011fc                TIM2_IRQHandler
                0x00000000080011fc                TIM1_BRK_IRQHandler
                0x00000000080011fc                RTCAlarm_IRQHandler
                0x00000000080011fc                DMA2_Channel4_5_IRQHandler
                0x00000000080011fc                DMA1_Channel2_IRQHandler
                0x00000000080011fc                TIM8_BRK_IRQHandler
                0x00000000080011fc                FLASH_IRQHandler
                0x00000000080011fc                BusFault_Handler
                0x00000000080011fc                SPI3_IRQHandler
                0x00000000080011fc                DMA2_Channel3_IRQHandler
 *fill*         0x00000000080011fe        0x2 
 .text.__libc_init_array
                0x0000000008001200       0x48 c:/st/stm32cubeide_1.4.0/stm32cubeide/plugins/com.st.stm32cube.ide.mcu.externaltools.gnu-tools-for-stm32.10.3-2021.10.win32_1.0.0.202111181127/tools/bin/../lib/gcc/arm-none-eabi/10.3.1/../../../../arm-none-eabi/lib/thumb/v7-m/nofp\libc_nano.a(lib_a-init.o)
                0x0000000008001200                __libc_init_array
 *(.glue_7)
 .glue_7        0x0000000008001248        0x0 linker stubs
 *(.glue_7t)
 .glue_7t       0x0000000008001248        0x0 linker stubs
 *(.eh_frame)
 .eh_frame      0x0000000008001248        0x0 c:/st/stm32cubeide_1.4.0/stm32cubeide/plugins/com.st.stm32cube.ide.mcu.externaltools.gnu-tools-for-stm32.10.3-2021.10.win32_1.0.0.202111181127/tools/bin/../lib/gcc/arm-none-eabi/10.3.1/thumb/v7-m/nofp/crtbegin.o
 *(.init)
 .init          0x0000000008001248        0x4 c:/st/stm32cubeide_1.4.0/stm32cubeide/plugins/com.st.stm32cube.ide.mcu.externaltools.gnu-tools-for-stm32.10.3-2021.10.win32_1.0.0.202111181127/tools/bin/../lib/gcc/arm-none-eabi/10.3.1/thumb/v7-m/nofp/crti.o
                0x0000000008001248                _init
 .init          0x000000000800124c        0x8 c:/st/stm32cubeide_1.4.0/stm32cubeide/plugins/com.st.stm32cube.ide.mcu.externaltools.gnu-tools-for-stm32.10.3-2021.10.win32_1.0.0.202111181127/tools/bin/../lib/gcc/arm-none-eabi/10.3.1/thumb/v7-m/nofp/crtn.o
 *(.fini)
 .fini          0x0000000008001254        0x4 c:/st/stm32cubeide_1.4.0/stm32cubeide/plugins/com.st.stm32cube.ide.mcu.externaltools.gnu-tools-for-stm32.10.3-2021.10.win32_1.0.0.202111181127/tools/bin/../lib/gcc/arm-none-eabi/10.3.1/thumb/v7-m/nofp/crti.o
                0x0000000008001254                _fini
 .fini          0x0000000008001258        0x8 c:/st/stm32cubeide_1.4.0/stm32cubeide/plugins/com.st.stm32cube.ide.mcu.externaltools.gnu-tools-for-stm32.10.3-2021.10.win32_1.0.0.202111181127/tools/bin/../lib/gcc/arm-none-eabi/10.3.1/thumb/v7-m/nofp/crtn.o
                0x0000000008001260                . = ALIGN (0x4)
                0x0000000008001260                _etext = .

.vfp11_veneer   0x0000000008001260        0x0
 .vfp11_veneer  0x0000000008001260        0x0 linker stubs

.v4_bx          0x0000000008001260        0x0
 .v4_bx         0x0000000008001260        0x0 linker stubs

.iplt           0x0000000008001260        0x0
 .iplt          0x0000000008001260        0x0 c:/st/stm32cubeide_1.4.0/stm32cubeide/plugins/com.st.stm32cube.ide.mcu.externaltools.gnu-tools-for-stm32.10.3-2021.10.win32_1.0.0.202111181127/tools/bin/../lib/gcc/arm-none-eabi/10.3.1/thumb/v7-m/nofp/crtbegin.o

.rodata         0x0000000008001260       0x28
                0x0000000008001260                . = ALIGN (0x4)
 *(.rodata)
 .rodata        0x0000000008001260        0x7 ./Src/main.o
 *(.rodata*)
 *fill*         0x0000000008001267        0x1 
 .rodata.AHBPrescTable
                0x0000000008001268       0x10 ./STM32F103C6_Drivers/stm32f103c6_RCC_driver.o
                0x0000000008001268                AHBPrescTable
 .rodata.APBPrescTable
                0x0000000008001278       0x10 ./STM32F103C6_Drivers/stm32f103c6_RCC_driver.o
                0x0000000008001278                APBPrescTable
                0x0000000008001288                . = ALIGN (0x4)

.rel.dyn        0x0000000008001288        0x0
 .rel.iplt      0x0000000008001288        0x0 c:/st/stm32cubeide_1.4.0/stm32cubeide/plugins/com.st.stm32cube.ide.mcu.externaltools.gnu-tools-for-stm32.10.3-2021.10.win32_1.0.0.202111181127/tools/bin/../lib/gcc/arm-none-eabi/10.3.1/thumb/v7-m/nofp/crtbegin.o

.ARM.extab      0x0000000008001288        0x0
                0x0000000008001288                . = ALIGN (0x4)
 *(.ARM.extab* .gnu.linkonce.armextab.*)
                0x0000000008001288                . = ALIGN (0x4)

.ARM            0x0000000008001288        0x0
                0x0000000008001288                . = ALIGN (0x4)
                0x0000000008001288                __exidx_start = .
 *(.ARM.exidx*)
                0x0000000008001288                __exidx_end = .
                0x0000000008001288                . = ALIGN (0x4)

.preinit_array  0x0000000008001288        0x0
                0x0000000008001288                . = ALIGN (0x4)
                0x0000000008001288                PROVIDE (__preinit_array_start = .)
 *(.preinit_array*)
                0x0000000008001288                PROVIDE (__preinit_array_end = .)
                0x0000000008001288                . = ALIGN (0x4)

.init_array     0x0000000008001288        0x4
                0x0000000008001288                . = ALIGN (0x4)
                0x0000000008001288                PROVIDE (__init_array_start = .)
 *(SORT_BY_NAME(.init_array.*))
 *(.init_array*)
 .init_array    0x0000000008001288        0x4 c:/st/stm32cubeide_1.4.0/stm32cubeide/plugins/com.st.stm32cube.ide.mcu.externaltools.gnu-tools-for-stm32.10.3-2021.10.win32_1.0.0.202111181127/tools/bin/../lib/gcc/arm-none-eabi/10.3.1/thumb/v7-m/nofp/crtbegin.o
                0x000000000800128c                PROVIDE (__init_array_end = .)
                0x000000000800128c                . = ALIGN (0x4)

.fini_array     0x000000000800128c        0x4
                0x000000000800128c                . = ALIGN (0x4)
                [!provide]                        PROVIDE (__fini_array_start = .)
 *(SORT_BY_NAME(.fini_array.*))
 *(.fini_array*)
 .fini_array    0x000000000800128c        0x4 c:/st/stm32cubeide_1.4.0/stm32cubeide/plugins/com.st.stm32cube.ide.mcu.externaltools.gnu-tools-for-stm32.10.3-2021.10.win32_1.0.0.202111181127/tools/bin/../lib/gcc/arm-none-eabi/10.3.1/thumb/v7-m/nofp/crtbegin.o
                [!provide]                        PROVIDE (__fini_array_end = .)
                0x0000000008001290                . = ALIGN (0x4)
                0x0000000008001290                _sidata = LOADADDR (.data)

.data           0x0000000020000000        0x0 load address 0x0000000008001290
                0x0000000020000000                . = ALIGN (0x4)
                0x0000000020000000                _sdata = .
 *(.data)
 *(.data*)
 *(.RamFunc)
 *(.RamFunc*)
                0x0000000020000000                . = ALIGN (0x4)
                0x0000000020000000                _edata = .

.igot.plt       0x0000000020000000        0x0 load address 0x0000000008001290
 .igot.plt      0x0000000020000000        0x0 c:/st/stm32cubeide_1.4.0/stm32cubeide/plugins/com.st.stm32cube.ide.mcu.externaltools.gnu-tools-for-stm32.10.3-2021.10.win32_1.0.0.202111181127/tools/bin/../lib/gcc/arm-none-eabi/10.3.1/thumb/v7-m/nofp/crtbegin.o
                0x0000000020000000                . = ALIGN (0x4)

.bss            0x0000000020000000       0xac load address 0x0000000008001290
                0x0000000020000000                _sbss = .
                0x0000000020000000                __bss_start__ = _sbss
 *(.bss)
 .bss           0x0000000020000000       0x1c c:/st/stm32cubeide_1.4.0/stm32cubeide/plugins/com.st.stm32cube.ide.mcu.externaltools.gnu-tools-for-stm32.10.3-2021.10.win32_1.0.0.202111181127/tools/bin/../lib/gcc/arm-none-eabi/10.3.1/thumb/v7-m/nofp/crtbegin.o
 *(.bss*)
 .bss.GP_IRQ_CallBack
                0x000000002000001c       0x3c ./STM32F103C6_Drivers/stm32f103c6_EXTI_driver.o
                0x000000002000001c                GP_IRQ_CallBack
 .bss.G_I2C_Config
                0x0000000020000058       0x48 ./STM32F103C6_Drivers/stm32f103c6_I2C_driver.o
                0x0000000020000058                G_I2C_Config
 .bss.G_SPI_Config
                0x00000000200000a0        0x8 ./STM32F103C6_Drivers/stm32f103c6_SPI_driver.o
                0x00000000200000a0                G_SPI_Config
 .bss.G_USART_Config
                0x00000000200000a8        0x4 ./STM32F103C6_Drivers/stm32f103c6_USART_driver.o
                0x00000000200000a8                G_USART_Config
 *(COMMON)
                0x00000000200000ac                . = ALIGN (0x4)
                0x00000000200000ac                _ebss = .
                0x00000000200000ac                __bss_end__ = _ebss

._user_heap_stack
                0x00000000200000ac      0x604 load address 0x0000000008001290
                0x00000000200000b0                . = ALIGN (0x8)
 *fill*         0x00000000200000ac        0x4 
                [!provide]                        PROVIDE (end = .)
                0x00000000200000b0                PROVIDE (_end = .)
                0x00000000200002b0                . = (. + _Min_Heap_Size)
 *fill*         0x00000000200000b0      0x200 
                0x00000000200006b0                . = (. + _Min_Stack_Size)
 *fill*         0x00000000200002b0      0x400 
                0x00000000200006b0                . = ALIGN (0x8)

/DISCARD/
 libc.a(*)
 libm.a(*)
 libgcc.a(*)

.ARM.attributes
                0x0000000000000000       0x29
 *(.ARM.attributes)
 .ARM.attributes
                0x0000000000000000       0x1d c:/st/stm32cubeide_1.4.0/stm32cubeide/plugins/com.st.stm32cube.ide.mcu.externaltools.gnu-tools-for-stm32.10.3-2021.10.win32_1.0.0.202111181127/tools/bin/../lib/gcc/arm-none-eabi/10.3.1/thumb/v7-m/nofp/crti.o
 .ARM.attributes
                0x000000000000001d       0x2d c:/st/stm32cubeide_1.4.0/stm32cubeide/plugins/com.st.stm32cube.ide.mcu.externaltools.gnu-tools-for-stm32.10.3-2021.10.win32_1.0.0.202111181127/tools/bin/../lib/gcc/arm-none-eabi/10.3.1/thumb/v7-m/nofp/crtbegin.o
 .ARM.attributes
                0x000000000000004a       0x2d ./HAL/EEPROM/I2C_Slave_EEPROM.o
 .ARM.attributes
                0x0000000000000077       0x2d ./STM32F103C6_Drivers/stm32f103c6_EXTI_driver.o
 .ARM.attributes
                0x00000000000000a4       0x2d ./STM32F103C6_Drivers/stm32f103c6_I2C_driver.o
 .ARM.attributes
                0x00000000000000d1       0x2d ./STM32F103C6_Drivers/stm32f103c6_RCC_driver.o
 .ARM.attributes
                0x00000000000000fe       0x2d ./STM32F103C6_Drivers/stm32f103c6_SPI_driver.o
 .ARM.attributes
                0x000000000000012b       0x2d ./STM32F103C6_Drivers/stm32f103c6_USART_driver.o
 .ARM.attributes
                0x0000000000000158       0x2d ./STM32F103C6_Drivers/stm32f103c6_gpio_driver.o
 .ARM.attributes
                0x0000000000000185       0x2d ./Src/main.o
 .ARM.attributes
                0x00000000000001b2       0x21 ./Startup/startup_stm32f103c6tx.o
 .ARM.attributes
                0x00000000000001d3       0x2d c:/st/stm32cubeide_1.4.0/stm32cubeide/plugins/com.st.stm32cube.ide.mcu.externaltools.gnu-tools-for-stm32.10.3-2021.10.win32_1.0.0.202111181127/tools/bin/../lib/gcc/arm-none-eabi/10.3.1/../../../../arm-none-eabi/lib/thumb/v7-m/nofp\libc_nano.a(lib_a-init.o)
 .ARM.attributes
                0x0000000000000200       0x1d c:/st/stm32cubeide_1.4.0/stm32cubeide/plugins/com.st.stm32cube.ide.mcu.externaltools.gnu-tools-for-stm32.10.3-2021.10.win32_1.0.0.202111181127/tools/bin/../lib/gcc/arm-none-eabi/10.3.1/thumb/v7-m/nofp/crtn.o
OUTPUT(L7_U8_I2C_Driver.elf elf32-littlearm)
LOAD linker stubs
LOAD c:/st/stm32cubeide_1.4.0/stm32cubeide/plugins/com.st.stm32cube.ide.mcu.externaltools.gnu-tools-for-stm32.10.3-2021.10.win32_1.0.0.202111181127/tools/bin/../lib/gcc/arm-none-eabi/10.3.1/../../../../arm-none-eabi/lib/thumb/v7-m/nofp\libc.a
LOAD c:/st/stm32cubeide_1.4.0/stm32cubeide/plugins/com.st.stm32cube.ide.mcu.externaltools.gnu-tools-for-stm32.10.3-2021.10.win32_1.0.0.202111181127/tools/bin/../lib/gcc/arm-none-eabi/10.3.1/../../../../arm-none-eabi/lib/thumb/v7-m/nofp\libm.a
LOAD c:/st/stm32cubeide_1.4.0/stm32cubeide/plugins/com.st.stm32cube.ide.mcu.externaltools.gnu-tools-for-stm32.10.3-2021.10.win32_1.0.0.202111181127/tools/bin/../lib/gcc/arm-none-eabi/10.3.1/thumb/v7-m/nofp\libgcc.a

.debug_info     0x0000000000000000     0x2804
 .debug_info    0x0000000000000000      0x484 ./HAL/EEPROM/I2C_Slave_EEPROM.o
 .debug_info    0x0000000000000484      0x529 ./STM32F103C6_Drivers/stm32f103c6_EXTI_driver.o
 .debug_info    0x00000000000009ad      0xa58 ./STM32F103C6_Drivers/stm32f103c6_I2C_driver.o
 .debug_info    0x0000000000001405      0x20e ./STM32F103C6_Drivers/stm32f103c6_RCC_driver.o
 .debug_info    0x0000000000001613      0x656 ./STM32F103C6_Drivers/stm32f103c6_SPI_driver.o
 .debug_info    0x0000000000001c69      0x595 ./STM32F103C6_Drivers/stm32f103c6_USART_driver.o
 .debug_info    0x00000000000021fe      0x491 ./STM32F103C6_Drivers/stm32f103c6_gpio_driver.o
 .debug_info    0x000000000000268f      0x153 ./Src/main.o
 .debug_info    0x00000000000027e2       0x22 ./Startup/startup_stm32f103c6tx.o

.debug_abbrev   0x0000000000000000      0xb4d
 .debug_abbrev  0x0000000000000000      0x157 ./HAL/EEPROM/I2C_Slave_EEPROM.o
 .debug_abbrev  0x0000000000000157      0x180 ./STM32F103C6_Drivers/stm32f103c6_EXTI_driver.o
 .debug_abbrev  0x00000000000002d7      0x22b ./STM32F103C6_Drivers/stm32f103c6_I2C_driver.o
 .debug_abbrev  0x0000000000000502       0xda ./STM32F103C6_Drivers/stm32f103c6_RCC_driver.o
 .debug_abbrev  0x00000000000005dc      0x20e ./STM32F103C6_Drivers/stm32f103c6_SPI_driver.o
 .debug_abbrev  0x00000000000007ea      0x187 ./STM32F103C6_Drivers/stm32f103c6_USART_driver.o
 .debug_abbrev  0x0000000000000971      0x113 ./STM32F103C6_Drivers/stm32f103c6_gpio_driver.o
 .debug_abbrev  0x0000000000000a84       0xb7 ./Src/main.o
 .debug_abbrev  0x0000000000000b3b       0x12 ./Startup/startup_stm32f103c6tx.o

.debug_loc      0x0000000000000000     0x1312
 .debug_loc     0x0000000000000000       0xf2 ./HAL/EEPROM/I2C_Slave_EEPROM.o
 .debug_loc     0x00000000000000f2      0x320 ./STM32F103C6_Drivers/stm32f103c6_EXTI_driver.o
 .debug_loc     0x0000000000000412      0x580 ./STM32F103C6_Drivers/stm32f103c6_I2C_driver.o
 .debug_loc     0x0000000000000992       0xc8 ./STM32F103C6_Drivers/stm32f103c6_RCC_driver.o
 .debug_loc     0x0000000000000a5a      0x2bc ./STM32F103C6_Drivers/stm32f103c6_SPI_driver.o
 .debug_loc     0x0000000000000d16      0x294 ./STM32F103C6_Drivers/stm32f103c6_USART_driver.o
 .debug_loc     0x0000000000000faa      0x330 ./STM32F103C6_Drivers/stm32f103c6_gpio_driver.o
 .debug_loc     0x00000000000012da       0x38 ./Src/main.o

.debug_aranges  0x0000000000000000      0x2e8
 .debug_aranges
                0x0000000000000000       0x30 ./HAL/EEPROM/I2C_Slave_EEPROM.o
 .debug_aranges
                0x0000000000000030       0x80 ./STM32F103C6_Drivers/stm32f103c6_EXTI_driver.o
 .debug_aranges
                0x00000000000000b0       0xa0 ./STM32F103C6_Drivers/stm32f103c6_I2C_driver.o
 .debug_aranges
                0x0000000000000150       0x38 ./STM32F103C6_Drivers/stm32f103c6_RCC_driver.o
 .debug_aranges
                0x0000000000000188       0x58 ./STM32F103C6_Drivers/stm32f103c6_SPI_driver.o
 .debug_aranges
                0x00000000000001e0       0x60 ./STM32F103C6_Drivers/stm32f103c6_USART_driver.o
 .debug_aranges
                0x0000000000000240       0x60 ./STM32F103C6_Drivers/stm32f103c6_gpio_driver.o
 .debug_aranges
                0x00000000000002a0       0x20 ./Src/main.o
 .debug_aranges
                0x00000000000002c0       0x28 ./Startup/startup_stm32f103c6tx.o

.debug_ranges   0x0000000000000000      0x260
 .debug_ranges  0x0000000000000000       0x20 ./HAL/EEPROM/I2C_Slave_EEPROM.o
 .debug_ranges  0x0000000000000020       0x70 ./STM32F103C6_Drivers/stm32f103c6_EXTI_driver.o
 .debug_ranges  0x0000000000000090       0x90 ./STM32F103C6_Drivers/stm32f103c6_I2C_driver.o
 .debug_ranges  0x0000000000000120       0x28 ./STM32F103C6_Drivers/stm32f103c6_RCC_driver.o
 .debug_ranges  0x0000000000000148       0x48 ./STM32F103C6_Drivers/stm32f103c6_SPI_driver.o
 .debug_ranges  0x0000000000000190       0x50 ./STM32F103C6_Drivers/stm32f103c6_USART_driver.o
 .debug_ranges  0x00000000000001e0       0x50 ./STM32F103C6_Drivers/stm32f103c6_gpio_driver.o
 .debug_ranges  0x0000000000000230       0x10 ./Src/main.o
 .debug_ranges  0x0000000000000240       0x20 ./Startup/startup_stm32f103c6tx.o

.debug_macro    0x0000000000000000     0x2e69
 .debug_macro   0x0000000000000000      0x16e ./HAL/EEPROM/I2C_Slave_EEPROM.o
 .debug_macro   0x000000000000016e      0xa72 ./HAL/EEPROM/I2C_Slave_EEPROM.o
 .debug_macro   0x0000000000000be0       0x18 ./HAL/EEPROM/I2C_Slave_EEPROM.o
 .debug_macro   0x0000000000000bf8       0x22 ./HAL/EEPROM/I2C_Slave_EEPROM.o
 .debug_macro   0x0000000000000c1a       0x4c ./HAL/EEPROM/I2C_Slave_EEPROM.o
 .debug_macro   0x0000000000000c66       0x94 ./HAL/EEPROM/I2C_Slave_EEPROM.o
 .debug_macro   0x0000000000000cfa       0x3c ./HAL/EEPROM/I2C_Slave_EEPROM.o
 .debug_macro   0x0000000000000d36       0x34 ./HAL/EEPROM/I2C_Slave_EEPROM.o
 .debug_macro   0x0000000000000d6a       0x16 ./HAL/EEPROM/I2C_Slave_EEPROM.o
 .debug_macro   0x0000000000000d80      0x10e ./HAL/EEPROM/I2C_Slave_EEPROM.o
 .debug_macro   0x0000000000000e8e       0x8d ./HAL/EEPROM/I2C_Slave_EEPROM.o
 .debug_macro   0x0000000000000f1b       0x16 ./HAL/EEPROM/I2C_Slave_EEPROM.o
 .debug_macro   0x0000000000000f31       0x43 ./HAL/EEPROM/I2C_Slave_EEPROM.o
 .debug_macro   0x0000000000000f74       0x57 ./HAL/EEPROM/I2C_Slave_EEPROM.o
 .debug_macro   0x0000000000000fcb       0x34 ./HAL/EEPROM/I2C_Slave_EEPROM.o
 .debug_macro   0x0000000000000fff       0x10 ./HAL/EEPROM/I2C_Slave_EEPROM.o
 .debug_macro   0x000000000000100f       0x58 ./HAL/EEPROM/I2C_Slave_EEPROM.o
 .debug_macro   0x0000000000001067       0x71 ./HAL/EEPROM/I2C_Slave_EEPROM.o
 .debug_macro   0x00000000000010d8       0x1c ./HAL/EEPROM/I2C_Slave_EEPROM.o
 .debug_macro   0x00000000000010f4      0x12a ./HAL/EEPROM/I2C_Slave_EEPROM.o
 .debug_macro   0x000000000000121e      0x341 ./HAL/EEPROM/I2C_Slave_EEPROM.o
 .debug_macro   0x000000000000155f       0x16 ./HAL/EEPROM/I2C_Slave_EEPROM.o
 .debug_macro   0x0000000000001575       0x29 ./HAL/EEPROM/I2C_Slave_EEPROM.o
 .debug_macro   0x000000000000159e      0x103 ./HAL/EEPROM/I2C_Slave_EEPROM.o
 .debug_macro   0x00000000000016a1       0x6a ./HAL/EEPROM/I2C_Slave_EEPROM.o
 .debug_macro   0x000000000000170b      0x1df ./HAL/EEPROM/I2C_Slave_EEPROM.o
 .debug_macro   0x00000000000018ea      0x6b8 ./HAL/EEPROM/I2C_Slave_EEPROM.o
 .debug_macro   0x0000000000001fa2       0xca ./HAL/EEPROM/I2C_Slave_EEPROM.o
 .debug_macro   0x000000000000206c       0x16 ./HAL/EEPROM/I2C_Slave_EEPROM.o
 .debug_macro   0x0000000000002082       0x5e ./HAL/EEPROM/I2C_Slave_EEPROM.o
 .debug_macro   0x00000000000020e0      0x15f ./STM32F103C6_Drivers/stm32f103c6_EXTI_driver.o
 .debug_macro   0x000000000000223f      0x21e ./STM32F103C6_Drivers/stm32f103c6_EXTI_driver.o
 .debug_macro   0x000000000000245d      0x16a ./STM32F103C6_Drivers/stm32f103c6_I2C_driver.o
 .debug_macro   0x00000000000025c7      0x14c ./STM32F103C6_Drivers/stm32f103c6_RCC_driver.o
 .debug_macro   0x0000000000002713       0x10 ./STM32F103C6_Drivers/stm32f103c6_RCC_driver.o
 .debug_macro   0x0000000000002723      0x16d ./STM32F103C6_Drivers/stm32f103c6_SPI_driver.o
 .debug_macro   0x0000000000002890       0xbe ./STM32F103C6_Drivers/stm32f103c6_SPI_driver.o
 .debug_macro   0x000000000000294e      0x15e ./STM32F103C6_Drivers/stm32f103c6_USART_driver.o
 .debug_macro   0x0000000000002aac       0xe2 ./STM32F103C6_Drivers/stm32f103c6_USART_driver.o
 .debug_macro   0x0000000000002b8e      0x14c ./STM32F103C6_Drivers/stm32f103c6_gpio_driver.o
 .debug_macro   0x0000000000002cda      0x17f ./Src/main.o
 .debug_macro   0x0000000000002e59       0x10 ./Src/main.o

.debug_line     0x0000000000000000     0x3e4b
 .debug_line    0x0000000000000000      0x63f ./HAL/EEPROM/I2C_Slave_EEPROM.o
 .debug_line    0x000000000000063f      0x987 ./STM32F103C6_Drivers/stm32f103c6_EXTI_driver.o
 .debug_line    0x0000000000000fc6      0xad0 ./STM32F103C6_Drivers/stm32f103c6_I2C_driver.o
 .debug_line    0x0000000000001a96      0x5de ./STM32F103C6_Drivers/stm32f103c6_RCC_driver.o
 .debug_line    0x0000000000002074      0x85a ./STM32F103C6_Drivers/stm32f103c6_SPI_driver.o
 .debug_line    0x00000000000028ce      0x7ad ./STM32F103C6_Drivers/stm32f103c6_USART_driver.o
 .debug_line    0x000000000000307b      0x77a ./STM32F103C6_Drivers/stm32f103c6_gpio_driver.o
 .debug_line    0x00000000000037f5      0x5d2 ./Src/main.o
 .debug_line    0x0000000000003dc7       0x84 ./Startup/startup_stm32f103c6tx.o

.debug_str      0x0000000000000000     0xbd67
 .debug_str     0x0000000000000000     0x9627 ./HAL/EEPROM/I2C_Slave_EEPROM.o
                                       0x9846 (size before relaxing)
 .debug_str     0x0000000000009627     0x148d ./STM32F103C6_Drivers/stm32f103c6_EXTI_driver.o
                                       0xa7d1 (size before relaxing)
 .debug_str     0x000000000000aab4      0x27f ./STM32F103C6_Drivers/stm32f103c6_I2C_driver.o
                                       0x9ab1 (size before relaxing)
 .debug_str     0x000000000000ad33       0x8e ./STM32F103C6_Drivers/stm32f103c6_RCC_driver.o
                                       0x9098 (size before relaxing)
 .debug_str     0x000000000000adc1      0x69d ./STM32F103C6_Drivers/stm32f103c6_SPI_driver.o
                                       0x9aa3 (size before relaxing)
 .debug_str     0x000000000000b45e      0x7af ./STM32F103C6_Drivers/stm32f103c6_USART_driver.o
                                       0x9c4d (size before relaxing)
 .debug_str     0x000000000000bc0d      0x10a ./STM32F103C6_Drivers/stm32f103c6_gpio_driver.o
                                       0x94f4 (size before relaxing)
 .debug_str     0x000000000000bd17       0x1f ./Src/main.o
                                       0x9616 (size before relaxing)
 .debug_str     0x000000000000bd36       0x31 ./Startup/startup_stm32f103c6tx.o
                                         0x5f (size before relaxing)

.comment        0x0000000000000000       0x50
 .comment       0x0000000000000000       0x50 ./HAL/EEPROM/I2C_Slave_EEPROM.o
                                         0x51 (size before relaxing)
 .comment       0x0000000000000050       0x51 ./STM32F103C6_Drivers/stm32f103c6_EXTI_driver.o
 .comment       0x0000000000000050       0x51 ./STM32F103C6_Drivers/stm32f103c6_I2C_driver.o
 .comment       0x0000000000000050       0x51 ./STM32F103C6_Drivers/stm32f103c6_RCC_driver.o
 .comment       0x0000000000000050       0x51 ./STM32F103C6_Drivers/stm32f103c6_SPI_driver.o
 .comment       0x0000000000000050       0x51 ./STM32F103C6_Drivers/stm32f103c6_USART_driver.o
 .comment       0x0000000000000050       0x51 ./STM32F103C6_Drivers/stm32f103c6_gpio_driver.o
 .comment       0x0000000000000050       0x51 ./Src/main.o

.debug_frame    0x0000000000000000      0x9a0
 .debug_frame   0x0000000000000000       0x80 ./HAL/EEPROM/I2C_Slave_EEPROM.o
 .debug_frame   0x0000000000000080      0x1b0 ./STM32F103C6_Drivers/stm32f103c6_EXTI_driver.o
 .debug_frame   0x0000000000000230      0x288 ./STM32F103C6_Drivers/stm32f103c6_I2C_driver.o
 .debug_frame   0x00000000000004b8       0x84 ./STM32F103C6_Drivers/stm32f103c6_RCC_driver.o
 .debug_frame   0x000000000000053c      0x144 ./STM32F103C6_Drivers/stm32f103c6_SPI_driver.o
 .debug_frame   0x0000000000000680      0x14c ./STM32F103C6_Drivers/stm32f103c6_USART_driver.o
 .debug_frame   0x00000000000007cc      0x178 ./STM32F103C6_Drivers/stm32f103c6_gpio_driver.o
 .debug_frame   0x0000000000000944       0x30 ./Src/main.o
 .debug_frame   0x0000000000000974       0x2c c:/st/stm32cubeide_1.4.0/stm32cubeide/plugins/com.st.stm32cube.ide.mcu.externaltools.gnu-tools-for-stm32.10.3-2021.10.win32_1.0.0.202111181127/tools/bin/../lib/gcc/arm-none-eabi/10.3.1/../../../../arm-none-eabi/lib/thumb/v7-m/nofp\libc_nano.a(lib_a-init.o)
