../STM32F103C6_Drivers/stm32f103c6_EXTI_driver.c:30:6:Enable_NVIC	16	static
../STM32F103C6_Drivers/stm32f103c6_EXTI_driver.c:67:6:Disable_NVIC	16	static
../STM32F103C6_Drivers/stm32f103c6_EXTI_driver.c:103:6:Update_EXTI	24	static
../STM32F103C6_Drivers/stm32f103c6_EXTI_driver.c:155:6:MCAL_EXTI_GPIO_Init	16	static
../STM32F103C6_Drivers/stm32f103c6_EXTI_driver.c:160:6:MCAL_EXTI_GPIO_DeInit	4	static
../STM32F103C6_Drivers/stm32f103c6_EXTI_driver.c:181:6:MCAL_EXTI_GPIO_Update	16	static
../STM32F103C6_Drivers/stm32f103c6_EXTI_driver.c:194:6:EXTI0_IRQHandler	8	static
../STM32F103C6_Drivers/stm32f103c6_EXTI_driver.c:203:6:EXTI1_IRQHandler	8	static
../STM32F103C6_Drivers/stm32f103c6_EXTI_driver.c:211:6:EXTI2_IRQHandler	8	static
../STM32F103C6_Drivers/stm32f103c6_EXTI_driver.c:219:6:EXTI3_IRQHandler	8	static
../STM32F103C6_Drivers/stm32f103c6_EXTI_driver.c:227:6:EXTI4_IRQHandler	8	static
../STM32F103C6_Drivers/stm32f103c6_EXTI_driver.c:235:6:EXTI9_5_IRQHandler	8	static
../STM32F103C6_Drivers/stm32f103c6_EXTI_driver.c:244:6:EXTI15_10_IRQHandler	8	static
