
Memory Configuration

Name             Origin             Length             Attributes
flash            0x00000000         0x20000000         xr
sram             0x20000000         0x20000000         xrw
*default*        0x00000000         0xffffffff

Linker script and memory map


.text           0x00000000      0x18c
 *(.vectors)
 .vectors       0x00000000       0x10 startup.o
                0x00000000                g_p_fn_Vectors
 *(.text)
 .text          0x00000010       0xc0 App.o
                0x00000010                main
 .text          0x000000d0       0xbc startup.o
                0x000000d0                NMI_Handler
                0x000000d0                Default_Handler
                0x000000d0                H_Fault_handler
                0x000000dc                Reset_handler
 *(.rodata)
                0x0000018c                _E_text = .

.glue_7         0x0000018c        0x0
 .glue_7        0x00000000        0x0 linker stubs

.glue_7t        0x0000018c        0x0
 .glue_7t       0x00000000        0x0 linker stubs

.vfp11_veneer   0x0000018c        0x0
 .vfp11_veneer  0x00000000        0x0 linker stubs

.v4_bx          0x0000018c        0x0
 .v4_bx         0x00000000        0x0 linker stubs

.iplt           0x0000018c        0x0
 .iplt          0x00000000        0x0 App.o

.rel.dyn        0x0000018c        0x0
 .rel.iplt      0x00000000        0x0 App.o

.data           0x20000000        0x0 load address 0x0000018c
                0x20000000                _S_data = .
 *(.data)
 .data          0x20000000        0x0 App.o
 .data          0x20000000        0x0 startup.o
                0x20000000                . = ALIGN (0x4)
                0x20000000                _E_data = .

.igot.plt       0x20000000        0x0 load address 0x0000018c
 .igot.plt      0x00000000        0x0 App.o

.bss            0x20000000      0x400 load address 0x0000018c
                0x20000000                _S_bss = .
 *(.bss)
 .bss           0x20000000        0x0 App.o
 .bss           0x20000000      0x400 startup.o
 *(COMMON)
                0x20000400                . = ALIGN (0x4)
                0x20000400                _E_bss = .
LOAD App.o
LOAD startup.o
OUTPUT(App_cortex_m4.elf elf32-littlearm)

.debug_info     0x00000000      0x20a
 .debug_info    0x00000000       0x63 App.o
 .debug_info    0x00000063      0x1a7 startup.o

.debug_abbrev   0x00000000      0x136
 .debug_abbrev  0x00000000       0x5a App.o
 .debug_abbrev  0x0000005a       0xdc startup.o

.debug_loc      0x00000000       0x9c
 .debug_loc     0x00000000       0x38 App.o
 .debug_loc     0x00000038       0x64 startup.o

.debug_aranges  0x00000000       0x40
 .debug_aranges
                0x00000000       0x20 App.o
 .debug_aranges
                0x00000020       0x20 startup.o

.debug_line     0x00000000       0xcb
 .debug_line    0x00000000       0x62 App.o
 .debug_line    0x00000062       0x69 startup.o

.debug_str      0x00000000      0x131
 .debug_str     0x00000000       0x52 App.o
                                 0x64 (size before relaxing)
 .debug_str     0x00000052       0xdf startup.o
                                0x15a (size before relaxing)

.comment        0x00000000       0x11
 .comment       0x00000000       0x11 App.o
                                 0x12 (size before relaxing)
 .comment       0x00000000       0x12 startup.o

.ARM.attributes
                0x00000000       0x33
 .ARM.attributes
                0x00000000       0x33 App.o
 .ARM.attributes
                0x00000033       0x33 startup.o

.debug_frame    0x00000000       0x78
 .debug_frame   0x00000000       0x2c App.o
 .debug_frame   0x0000002c       0x4c startup.o
